Component: ARM Compiler 5.06 update 6 (build 750) Tool: armlink [4d35ed]

==============================================================================

Section Cross References

    main.o(i.SystemClock_Config) refers to memseta.o(.text) for __aeabi_memclr4
    main.o(i.SystemClock_Config) refers to stm32f1xx_hal_rcc.o(i.HAL_RCC_OscConfig) for HAL_RCC_OscConfig
    main.o(i.SystemClock_Config) refers to stm32f1xx_hal_rcc.o(i.HAL_RCC_ClockConfig) for HAL_RCC_ClockConfig
    main.o(i.SystemClock_Config) refers to stm32f1xx_hal_rcc_ex.o(i.HAL_RCCEx_PeriphCLKConfig) for HAL_RCCEx_PeriphCLKConfig
    main.o(i.main) refers to stm32f1xx_hal.o(i.HAL_Init) for HAL_Init
    main.o(i.main) refers to main.o(i.SystemClock_Config) for SystemClock_Config
    main.o(i.main) refers to gpio.o(i.MX_GPIO_Init) for MX_GPIO_Init
    main.o(i.main) refers to dma.o(i.MX_DMA_Init) for MX_DMA_Init
    main.o(i.main) refers to tim.o(i.MX_TIM6_Init) for MX_TIM6_Init
    main.o(i.main) refers to tim.o(i.MX_TIM7_Init) for MX_TIM7_Init
    main.o(i.main) refers to usart.o(i.MX_USART1_UART_Init) for MX_USART1_UART_Init
    main.o(i.main) refers to fsmc.o(i.MX_FSMC_Init) for MX_FSMC_Init
    main.o(i.main) refers to adc.o(i.MX_ADC1_Init) for MX_ADC1_Init
    main.o(i.main) refers to dac.o(i.MX_DAC_Init) for MX_DAC_Init
    main.o(i.main) refers to tim.o(i.MX_TIM3_Init) for MX_TIM3_Init
    main.o(i.main) refers to stm32f1xx_hal_tim.o(i.HAL_TIM_Base_Start) for HAL_TIM_Base_Start
    main.o(i.main) refers to stm32f1xx_hal_tim.o(i.HAL_TIM_Base_Start_IT) for HAL_TIM_Base_Start_IT
    main.o(i.main) refers to stm32f1xx_hal_adc_ex.o(i.HAL_ADCEx_Calibration_Start) for HAL_ADCEx_Calibration_Start
    main.o(i.main) refers to stm32f1xx_hal_adc.o(i.HAL_ADC_Start) for HAL_ADC_Start
    main.o(i.main) refers to stm32f1xx_hal_dac.o(i.HAL_DAC_Start) for HAL_DAC_Start
    main.o(i.main) refers to stm32f1xx_hal_dac.o(i.HAL_DAC_SetValue) for HAL_DAC_SetValue
    main.o(i.main) refers to ad9854.o(i.GPIO_AD9854_Configuration) for GPIO_AD9854_Configuration
    main.o(i.main) refers to delay.o(i.delay_ms) for delay_ms
    main.o(i.main) refers to ad9854.o(i.AD9854_Init) for AD9854_Init
    main.o(i.main) refers to ad9854.o(i.AD9854_SetSine) for AD9854_SetSine
    main.o(i.main) refers to main.o(.data) for .data
    main.o(i.main) refers to tim.o(.bss) for htim3
    main.o(i.main) refers to adc.o(.bss) for hadc1
    main.o(i.main) refers to dac.o(.bss) for hdac
    main.o(i.main) refers to stm32f1xx_it.o(.data) for dacval
    main.o(i.main) refers to touch.o(.data) for tp_dev
    gpio.o(i.MX_GPIO_Init) refers to stm32f1xx_hal_gpio.o(i.HAL_GPIO_WritePin) for HAL_GPIO_WritePin
    gpio.o(i.MX_GPIO_Init) refers to stm32f1xx_hal_gpio.o(i.HAL_GPIO_Init) for HAL_GPIO_Init
    adc.o(i.HAL_ADC_MspDeInit) refers to stm32f1xx_hal_gpio.o(i.HAL_GPIO_DeInit) for HAL_GPIO_DeInit
    adc.o(i.HAL_ADC_MspDeInit) refers to stm32f1xx_hal_dma.o(i.HAL_DMA_DeInit) for HAL_DMA_DeInit
    adc.o(i.HAL_ADC_MspInit) refers to stm32f1xx_hal_gpio.o(i.HAL_GPIO_Init) for HAL_GPIO_Init
    adc.o(i.HAL_ADC_MspInit) refers to stm32f1xx_hal_dma.o(i.HAL_DMA_Init) for HAL_DMA_Init
    adc.o(i.HAL_ADC_MspInit) refers to main.o(i.Error_Handler) for Error_Handler
    adc.o(i.HAL_ADC_MspInit) refers to adc.o(.bss) for .bss
    adc.o(i.MX_ADC1_Init) refers to stm32f1xx_hal_adc.o(i.HAL_ADC_Init) for HAL_ADC_Init
    adc.o(i.MX_ADC1_Init) refers to main.o(i.Error_Handler) for Error_Handler
    adc.o(i.MX_ADC1_Init) refers to stm32f1xx_hal_adc.o(i.HAL_ADC_ConfigChannel) for HAL_ADC_ConfigChannel
    adc.o(i.MX_ADC1_Init) refers to adc.o(.bss) for .bss
    dac.o(i.HAL_DAC_MspDeInit) refers to stm32f1xx_hal_gpio.o(i.HAL_GPIO_DeInit) for HAL_GPIO_DeInit
    dac.o(i.HAL_DAC_MspDeInit) refers to stm32f1xx_hal_dma.o(i.HAL_DMA_DeInit) for HAL_DMA_DeInit
    dac.o(i.HAL_DAC_MspInit) refers to stm32f1xx_hal_gpio.o(i.HAL_GPIO_Init) for HAL_GPIO_Init
    dac.o(i.HAL_DAC_MspInit) refers to stm32f1xx_hal_dma.o(i.HAL_DMA_Init) for HAL_DMA_Init
    dac.o(i.HAL_DAC_MspInit) refers to main.o(i.Error_Handler) for Error_Handler
    dac.o(i.HAL_DAC_MspInit) refers to dac.o(.bss) for .bss
    dac.o(i.MX_DAC_Init) refers to stm32f1xx_hal_dac.o(i.HAL_DAC_Init) for HAL_DAC_Init
    dac.o(i.MX_DAC_Init) refers to main.o(i.Error_Handler) for Error_Handler
    dac.o(i.MX_DAC_Init) refers to stm32f1xx_hal_dac.o(i.HAL_DAC_ConfigChannel) for HAL_DAC_ConfigChannel
    dac.o(i.MX_DAC_Init) refers to dac.o(.bss) for .bss
    dma.o(i.MX_DMA_Init) refers to stm32f1xx_hal_cortex.o(i.HAL_NVIC_SetPriority) for HAL_NVIC_SetPriority
    dma.o(i.MX_DMA_Init) refers to stm32f1xx_hal_cortex.o(i.HAL_NVIC_EnableIRQ) for HAL_NVIC_EnableIRQ
    fsmc.o(i.HAL_FSMC_MspInit) refers to stm32f1xx_hal_gpio.o(i.HAL_GPIO_Init) for HAL_GPIO_Init
    fsmc.o(i.HAL_FSMC_MspInit) refers to fsmc.o(.data) for .data
    fsmc.o(i.HAL_SRAM_MspDeInit) refers to stm32f1xx_hal_gpio.o(i.HAL_GPIO_DeInit) for HAL_GPIO_DeInit
[...]
    i.TP_Scan                                0x08006cc8   Section        0  touch.o(i.TP_Scan)
    i.TP_Write_Byte                          0x08006d7c   Section        0  touch.o(i.TP_Write_Byte)
    i.UART_DMAAbortOnError                   0x08006dc4   Section        0  stm32f1xx_hal_uart.o(i.UART_DMAAbortOnError)
    UART_DMAAbortOnError                     0x08006dc5   Thumb Code    16  stm32f1xx_hal_uart.o(i.UART_DMAAbortOnError)
    i.UART_DMAError                          0x08006dd4   Section        0  stm32f1xx_hal_uart.o(i.UART_DMAError)
    UART_DMAError                            0x08006dd5   Thumb Code    74  stm32f1xx_hal_uart.o(i.UART_DMAError)
    i.UART_DMAReceiveCplt                    0x08006e1e   Section        0  stm32f1xx_hal_uart.o(i.UART_DMAReceiveCplt)
    UART_DMAReceiveCplt                      0x08006e1f   Thumb Code   134  stm32f1xx_hal_uart.o(i.UART_DMAReceiveCplt)
    i.UART_DMARxHalfCplt                     0x08006ea4   Section        0  stm32f1xx_hal_uart.o(i.UART_DMARxHalfCplt)
    UART_DMARxHalfCplt                       0x08006ea5   Thumb Code    30  stm32f1xx_hal_uart.o(i.UART_DMARxHalfCplt)
    i.UART_EndRxTransfer                     0x08006ec2   Section        0  stm32f1xx_hal_uart.o(i.UART_EndRxTransfer)
    UART_EndRxTransfer                       0x08006ec3   Thumb Code    78  stm32f1xx_hal_uart.o(i.UART_EndRxTransfer)
    i.UART_EndTxTransfer                     0x08006f10   Section        0  stm32f1xx_hal_uart.o(i.UART_EndTxTransfer)
    UART_EndTxTransfer                       0x08006f11   Thumb Code    28  stm32f1xx_hal_uart.o(i.UART_EndTxTransfer)
    i.UART_Receive_IT                        0x08006f2c   Section        0  stm32f1xx_hal_uart.o(i.UART_Receive_IT)
    UART_Receive_IT                          0x08006f2d   Thumb Code   194  stm32f1xx_hal_uart.o(i.UART_Receive_IT)
    i.UART_SetConfig                         0x08006ff0   Section        0  stm32f1xx_hal_uart.o(i.UART_SetConfig)
    UART_SetConfig                           0x08006ff1   Thumb Code   178  stm32f1xx_hal_uart.o(i.UART_SetConfig)
    i.UART_Start_Receive_DMA                 0x080070a8   Section        0  stm32f1xx_hal_uart.o(i.UART_Start_Receive_DMA)
    i.UART_WaitOnFlagUntilTimeout            0x08007138   Section        0  stm32f1xx_hal_uart.o(i.UART_WaitOnFlagUntilTimeout)
    UART_WaitOnFlagUntilTimeout              0x08007139   Thumb Code   120  stm32f1xx_hal_uart.o(i.UART_WaitOnFlagUntilTimeout)
    i.USART1_IRQHandler                      0x080071b0   Section        0  stm32f1xx_it.o(i.USART1_IRQHandler)
    i.Uint32_t2Byte                          0x08007240   Section        0  datascope.o(i.Uint32_t2Byte)
    i.UsageFault_Handler                     0x08007254   Section        0  stm32f1xx_it.o(i.UsageFault_Handler)
    i.__0printf                              0x08007258   Section        0  printfa.o(i.__0printf)
    i.__NVIC_SetPriority                     0x08007278   Section        0  stm32f1xx_hal_cortex.o(i.__NVIC_SetPriority)
    __NVIC_SetPriority                       0x08007279   Thumb Code    32  stm32f1xx_hal_cortex.o(i.__NVIC_SetPriority)
    i.__scatterload_copy                     0x08007298   Section       14  handlers.o(i.__scatterload_copy)
    i.__scatterload_null                     0x080072a6   Section        2  handlers.o(i.__scatterload_null)
    i.__scatterload_zeroinit                 0x080072a8   Section       14  handlers.o(i.__scatterload_zeroinit)
    i.__set_errno                            0x080072b8   Section        0  errno.o(i.__set_errno)
    i._fp_digits                             0x080072c4   Section        0  printfa.o(i._fp_digits)
    _fp_digits                               0x080072c5   Thumb Code   366  printfa.o(i._fp_digits)
    i._printf_core                           0x08007448   Section        0  printfa.o(i._printf_core)
    _printf_core                             0x08007449   Thumb Code  1744  printfa.o(i._printf_core)
    i._printf_post_padding                   0x08007b24   Section        0  printfa.o(i._printf_post_padding)
    _printf_post_padding                     0x08007b25   Thumb Code    36  printfa.o(i._printf_post_padding)
    i._printf_pre_padding                    0x08007b48   Section        0  printfa.o(i._printf_pre_padding)
    _printf_pre_padding                      0x08007b49   Thumb Code    46  printfa.o(i._printf_pre_padding)
    i.delay_ms                               0x08007b76   Section        0  delay.o(i.delay_ms)
    i.delay_us                               0x08007b94   Section        0  delay.o(i.delay_us)
    i.find_max                               0x08007bc8   Section        0  stm32f1xx_it.o(i.find_max)
    i.fputc                                  0x08007c34   Section        0  usart.o(i.fputc)
    i.main                                   0x08007c4c   Section        0  main.o(i.main)
    i.sqrt                                   0x08007d04   Section        0  sqrt.o(i.sqrt)
    .constdata                               0x08007d50   Section       18  stm32f1xx_hal_rcc.o(.constdata)
    aPredivFactorTable                       0x08007d50   Data           2  stm32f1xx_hal_rcc.o(.constdata)
    aPLLMULFactorTable                       0x08007d52   Data          16  stm32f1xx_hal_rcc.o(.constdata)
    .constdata                               0x08007d62   Section       18  stm32f1xx_hal_rcc_ex.o(.constdata)
    aPredivFactorTable                       0x08007d62   Data           2  stm32f1xx_hal_rcc_ex.o(.constdata)
    aPLLMULFactorTable                       0x08007d64   Data          16  stm32f1xx_hal_rcc_ex.o(.constdata)
    .constdata                               0x08007d74   Section       16  system_stm32f1xx.o(.constdata)
    .constdata                               0x08007d84   Section        8  system_stm32f1xx.o(.constdata)
    .constdata                               0x08007d8c   Section     6080  lcd.o(.constdata)
    .constdata                               0x0800954c   Section        4  touch.o(.constdata)
    .constdata                               0x08009550   Section       20  ft5206.o(.constdata)
    .constdata                               0x08009564   Section      194  gt9147.o(.constdata)
    .constdata                               0x08009626   Section       10  ott2001a.o(.constdata)
    .conststring                             0x08009630   Section      121  touch.o(.conststring)
    .data                                    0x20000000   Section       12  main.o(.data)
    .data                                    0x2000000c   Section        8  fsmc.o(.data)
    FSMC_Initialized                         0x2000000c   Data           4  fsmc.o(.data)
    FSMC_DeInitialized                       0x20000010   Data           4  fsmc.o(.data)
    .data                                    0x20000014   Section        2  usart.o(.data)
    .data                                    0x20000016   Section        1  usart.o(.data)
    .data                                    0x20000018   Section       10  stm32f1xx_it.o(.data)
    .data                                    0x20000024   Section       12  stm32f1xx_hal.o(.data)
    .data                                    0x20000030   Section        4  system_stm32f1xx.o(.data)
    .data                                    0x20000034   Section        8  lcd.o(.data)
    .data                                    0x2000003c   Section       56  touch.o(.data)
    .data                                    0x20000074   Section        7  ft5206.o(.data)
    t                                        0x20000075   Data           1  ft5206.o(.data)
    .data                                    0x2000007b   Section        1  gt9147.o(.data)
    t                                        0x2000007b   Data           1  gt9147.o(.data)
    .data                                    0x2000007c   Section        1  ott2001a.o(.data)
    t                                        0x2000007c   Data           1  ott2001a.o(.data)
    .data                                    0x2000007d   Section        2  datascope.o(.data)
    .data                                    0x20000080   Section       18  ad9854.o(.data)
    .data                                    0x20000094   Section        4  stdout.o(.data)
    .data                                    0x20000098   Section        4  errno.o(.data)
    _errno                                   0x20000098   Data           4  errno.o(.data)
    .bss                                     0x2000009c   Section     4096  adc.o(.bss)
    .bss                                     0x2000109c   Section      116  adc.o(.bss)
    .bss                                     0x20001110   Section       88  dac.o(.bss)
    .bss                                     0x20001168   Section       72  fsmc.o(.bss)
    .bss                                     0x200011b0   Section      216  tim.o(.bss)
    .bss                                     0x20001288   Section      240  usart.o(.bss)
    .bss                                     0x20001378   Section    12288  stm32f1xx_it.o(.bss)
    .bss                                     0x20004378   Section       86  lcd.o(.bss)
    .bss                                     0x200043d0   Section       72  delay.o(.bss)
    .bss                                     0x20004418   Section       12  datascope.o(.bss)
    STACK                                    0x20004428   Section     4096  startup_stm32f103xe.o(STACK)

    Global Symbols

    Symbol Name                              Value     Ov Type        Size  Object(Section)

    BuildAttributes$$THM_ISAv4$P$D$K$B$S$PE$A:L22UL41UL21$X:L11$S22US41US21$IEEE1$IW$USESV6$~STKCKD$USESV7$~SHL$OTIME$ROPI$IEEEX$EBA8$MICROLIB$REQ8$PRES8$EABIv2 0x00000000   Number         0  anon$$obj.o ABSOLUTE
    __ARM_use_no_argv                        0x00000000   Number         0  main.o ABSOLUTE
    _printf_a                                0x00000000   Number         0  stubs.o ABSOLUTE
    _printf_c                                0x00000000   Number         0  stubs.o ABSOLUTE
    _printf_charcount                        0x00000000   Number         0  stubs.o ABSOLUTE
    _printf_d                                0x00000000   Number         0  stubs.o ABSOLUTE
    _printf_e                                0x00000000   Number         0  stubs.o ABSOLUTE
    _printf_f                                0x00000000   Number         0  stubs.o ABSOLUTE
    _printf_flags                            0x00000000   Number         0  stubs.o ABSOLUTE
    _printf_fp_dec                           0x00000000   Number         0  stubs.o ABSOLUTE
    _printf_fp_hex                           0x00000000   Number         0  stubs.o ABSOLUTE
    _printf_g                                0x00000000   Number         0  stubs.o ABSOLUTE
    _printf_i                                0x00000000   Number         0  stubs.o ABSOLUTE
    _printf_int_dec                          0x00000000   Number         0  stubs.o ABSOLUTE
    _printf_l                                0x00000000   Number         0  stubs.o ABSOLUTE
    _printf_lc                               0x00000000   Number         0  stubs.o ABSOLUTE
    _printf_ll                               0x00000000   Number         0  stubs.o ABSOLUTE
    _printf_lld                              0x00000000   Number         0  stubs.o ABSOLUTE
    _printf_lli                              0x00000000   Number         0  stubs.o ABSOLUTE
    _printf_llo                              0x00000000   Number         0  stubs.o ABSOLUTE
    _printf_llu                              0x00000000   Number         0  stubs.o ABSOLUTE
    _printf_llx                              0x00000000   Number         0  stubs.o ABSOLUTE
    _printf_longlong_dec                     0x00000000   Number         0  stubs.o ABSOLUTE
    _printf_longlong_hex                     0x00000000   Number         0  stubs.o ABSOLUTE
    _printf_longlong_oct                     0x00000000   Number         0  stubs.o ABSOLUTE
    _printf_ls                               0x00000000   Number         0  stubs.o ABSOLUTE
    _printf_mbtowc                           0x00000000   Number         0  stubs.o ABSOLUTE
    _printf_n                                0x00000000   Number         0  stubs.o ABSOLUTE
    _printf_o                                0x00000000   Number         0  stubs.o ABSOLUTE
    _printf_p                                0x00000000   Number         0  stubs.o ABSOLUTE
    _printf_percent                          0x00000000   Number         0  stubs.o ABSOLUTE
    _printf_pre_padding                      0x00000000   Number         0  stubs.o ABSOLUTE
    _printf_return_value                     0x00000000   Number         0  stubs.o ABSOLUTE
    _printf_s                                0x00000000   Number         0  stubs.o ABSOLUTE
    _printf_sizespec                         0x00000000   Number         0  stubs.o ABSOLUTE
    _printf_str                              0x00000000   Number         0  stubs.o ABSOLUTE
    _printf_truncate_signed                  0x00000000   Number         0  stubs.o ABSOLUTE
    _printf_truncate_unsigned                0x00000000   Number         0  stubs.o ABSOLUTE
    _printf_u                                0x00000000   Number         0  stubs.o ABSOLUTE
    _printf_wc                               0x00000000   Number         0  stubs.o ABSOLUTE
    _printf_wctomb                           0x00000000   Number         0  stubs.o ABSOLUTE
    _printf_widthprec                        0x00000000   Number         0  stubs.o ABSOLUTE
    _printf_x                                0x00000000   Number         0  stubs.o ABSOLUTE
    __cpp_initialize__aeabi_                  - Undefined Weak Reference
    __cxa_finalize                            - Undefined Weak Reference
    __decompress                              - Undefined Weak Reference
    _clock_init                               - Undefined Weak Reference
    _microlib_exit                            - Undefined Weak Reference
    __Vectors_Size                           0x00000130   Number         0  startup_stm32f103xe.o ABSOLUTE
    __Vectors                                0x08000000   Data           4  startup_stm32f103xe.o(RESET)
    __Vectors_End                            0x08000130   Data           0  startup_stm32f103xe.o(RESET)
    __main                                   0x08000131   Thumb Code     0  entry.o(.ARM.Collect$$$$00000000)
    _main_stk                                0x08000131   Thumb Code     0  entry2.o(.ARM.Collect$$$$00000001)
    _main_scatterload                        0x08000135   Thumb Code     0  entry5.o(.ARM.Collect$$$$00000004)
    __main_after_scatterload                 0x08000139   Thumb Code     0  entry5.o(.ARM.Collect$$$$00000004)
    _main_clock                              0x08000139   Thumb Code     0  entry7b.o(.ARM.Collect$$$$00000008)
    _main_cpp_init                           0x08000139   Thumb Code     0  entry8b.o(.ARM.Collect$$$$0000000A)
    _main_init                               0x08000139   Thumb Code     0  entry9a.o(.ARM.Collect$$$$0000000B)
    __rt_final_cpp                           0x08000141   Thumb Code     0  entry10a.o(.ARM.Collect$$$$0000000D)
    __rt_final_exit                          0x08000141   Thumb Code     0  entry11a.o(.ARM.Collect$$$$0000000F)
    Reset_Handler                            0x08000145   Thumb Code     8  startup_stm32f103xe.o(.text)
    ADC1_2_IRQHandler                        0x0800015f   Thumb Code     0  startup_stm32f103xe.o(.text)
    ADC3_IRQHandler                          0x0800015f   Thumb Code     0  startup_stm32f103xe.o(.text)
    CAN1_RX1_IRQHandler                      0x0800015f   Thumb Code     0  startup_stm32f103xe.o(.text)
    CAN1_SCE_IRQHandler                      0x0800015f   Thumb Code     0  startup_stm32f103xe.o(.text)
    DMA1_Channel2_IRQHandler                 0x0800015f   Thumb Code     0  startup_stm32f103xe.o(.text)
    DMA1_Channel3_IRQHandler                 0x0800015f   Thumb Code     0  startup_stm32f103xe.o(.text)
    DMA1_Channel4_IRQHandler                 0x0800015f   Thumb Code     0  startup_stm32f103xe.o(.text)
    DMA1_Channel6_IRQHandler                 0x0800015f   Thumb Code     0  startup_stm32f103xe.o(.text)
    DMA1_Channel7_IRQHandler                 0x0800015f   Thumb Code     0  startup_stm32f103xe.o(.text)
    DMA2_Channel1_IRQHandler                 0x0800015f   Thumb Code     0  startup_stm32f103xe.o(.text)
    DMA2_Channel2_IRQHandler                 0x0800015f   Thumb Code     0  startup_stm32f103xe.o(.text)
    DMA2_Channel4_5_IRQHandler               0x0800015f   Thumb Code     0  startup_stm32f103xe.o(.text)
    EXTI0_IRQHandler                         0x0800015f   Thumb Code     0  startup_stm32f103xe.o(.text)
    EXTI15_10_IRQHandler                     0x0800015f   Thumb Code     0  startup_stm32f103xe.o(.text)
    EXTI1_IRQHandler                         0x0800015f   Thumb Code     0  startup_stm32f103xe.o(.text)
    EXTI2_IRQHandler                         0x0800015f   Thumb Code     0  startup_stm32f103xe.o(.text)
    EXTI3_IRQHandler                         0x0800015f   Thumb Code     0  startup_stm32f103xe.o(.text)
    EXTI4_IRQHandler                         0x0800015f   Thumb Code     0  startup_stm32f103xe.o(.text)
    EXTI9_5_IRQHandler                       0x0800015f   Thumb Code     0  startup_stm32f103xe.o(.text)
    FLASH_IRQHandler                         0x0800015f   Thumb Code     0  startup_stm32f103xe.o(.text)
    FSMC_IRQHandler                          0x0800015f   Thumb Code     0  startup_stm32f103xe.o(.text)
    I2C1_ER_IRQHandler                       0x0800015f   Thumb Code     0  startup_stm32f103xe.o(.text)
    I2C1_EV_IRQHandler                       0x0800015f   Thumb Code     0  startup_stm32f103xe.o(.text)
    I2C2_ER_IRQHandler                       0x0800015f   Thumb Code     0  startup_stm32f103xe.o(.text)
    I2C2_EV_IRQHandler                       0x0800015f   Thumb Code     0  startup_stm32f103xe.o(.text)
    PVD_IRQHandler                           0x0800015f   Thumb Code     0  startup_stm32f103xe.o(.text)
    RCC_IRQHandler                           0x0800015f   Thumb Code     0  startup_stm32f103xe.o(.text)
    RTC_Alarm_IRQHandler                     0x0800015f   Thumb Code     0  startup_stm32f103xe.o(.text)
    RTC_IRQHandler                           0x0800015f   Thumb Code     0  startup_stm32f103xe.o(.text)
    SDIO_IRQHandler                          0x0800015f   Thumb Code     0  startup_stm32f103xe.o(.text)
    SPI1_IRQHandler                          0x0800015f   Thumb Code     0  startup_stm32f103xe.o(.text)
    SPI2_IRQHandler                          0x0800015f   Thumb Code     0  startup_stm32f103xe.o(.text)
    SPI3_IRQHandler                          0x0800015f   Thumb Code     0  startup_stm32f103xe.o(.text)
    TAMPER_IRQHandler                        0x0800015f   Thumb Code     0  startup_stm32f103xe.o(.text)
    TIM1_BRK_IRQHandler                      0x0800015f   Thumb Code     0  startup_stm32f103xe.o(.text)
    TIM1_CC_IRQHandler                       0x0800015f   Thumb Code     0  startup_stm32f103xe.o(.text)
    TIM1_TRG_COM_IRQHandler                  0x0800015f   Thumb Code     0  startup_stm32f103xe.o(.text)
    TIM1_UP_IRQHandler                       0x0800015f   Thumb Code     0  startup_stm32f103xe.o(.text)
    TIM2_IRQHandler                          0x0800015f   Thumb Code     0  startup_stm32f103xe.o(.text)
    TIM3_IRQHandler                          0x0800015f   Thumb Code     0  startup_stm32f103xe.o(.text)
    TIM4_IRQHandler                          0x0800015f   Thumb Code     0  startup_stm32f103xe.o(.text)
    TIM5_IRQHandler                          0x0800015f   Thumb Code     0  startup_stm32f103xe.o(.text)
    TIM7_IRQHandler                          0x0800015f   Thumb Code     0  startup_stm32f103xe.o(.text)
    TIM8_BRK_IRQHandler                      0x0800015f   Thumb Code     0  startup_stm32f103xe.o(.text)
    TIM8_CC_IRQHandler                       0x0800015f   Thumb Code     0  startup_stm32f103xe.o(.text)
    TIM8_TRG_COM_IRQHandler                  0x0800015f   Thumb Code     0  startup_stm32f103xe.o(.text)
    TIM8_UP_IRQHandler                       0x0800015f   Thumb Code     0  startup_stm32f103xe.o(.text)
    UART4_IRQHandler                         0x0800015f   Thumb Code     0  startup_stm32f103xe.o(.text)
    UART5_IRQHandler                         0x0800015f   Thumb Code     0  startup_stm32f103xe.o(.text)
    USART2_IRQHandler                        0x0800015f   Thumb Code     0  startup_stm32f103xe.o(.text)
    USART3_IRQHandler                        0x0800015f   Thumb Code     0  startup_stm32f103xe.o(.text)
    USBWakeUp_IRQHandler                     0x0800015f   Thumb Code     0  startup_stm32f103xe.o(.text)
    USB_HP_CAN1_TX_IRQHandler                0x0800015f   Thumb Code     0  startup_stm32f103xe.o(.text)
    USB_LP_CAN1_RX0_IRQHandler               0x0800015f   Thumb Code     0  startup_stm32f103xe.o(.text)
    WWDG_IRQHandler                          0x0800015f   Thumb Code     0  startup_stm32f103xe.o(.text)
    cr4_fft_1024_stm32                       0x08000169   Thumb Code     0  cr4_fft_1024_stm32.o(.text)
    __aeabi_uldivmod                         0x08001349   Thumb Code    98  uldiv.o(.text)
    __aeabi_llsl                             0x080013ab   Thumb Code    30  llshl.o(.text)
    _ll_shift_l                              0x080013ab   Thumb Code     0  llshl.o(.text)
    __aeabi_llsr                             0x080013c9   Thumb Code    32  llushr.o(.text)
    _ll_ushift_r                             0x080013c9   Thumb Code     0  llushr.o(.text)
    __aeabi_lasr                             0x080013e9   Thumb Code    36  llsshr.o(.text)
    _ll_sshift_r                             0x080013e9   Thumb Code     0  llsshr.o(.text)
    __aeabi_memset                           0x0800140d   Thumb Code    14  memseta.o(.text)
    __aeabi_memset4                          0x0800140d   Thumb Code     0  memseta.o(.text)
    __aeabi_memset8                          0x0800140d   Thumb Code     0  memseta.o(.text)
    __aeabi_memclr                           0x0800141b   Thumb Code     4  memseta.o(.text)
    __aeabi_memclr4                          0x0800141b   Thumb Code     0  memseta.o(.text)
    __aeabi_memclr8                          0x0800141b   Thumb Code     0  memseta.o(.text)
    _memset$wrapper                          0x0800141f   Thumb Code    18  memseta.o(.text)
    strcmp                                   0x08001431   Thumb Code    28  strcmp.o(.text)
    __aeabi_fadd                             0x0800144d   Thumb Code   164  fadd.o(.text)
    __aeabi_fsub                             0x080014f1   Thumb Code     6  fadd.o(.text)
    __aeabi_frsub                            0x080014f7   Thumb Code     6  fadd.o(.text)
    __aeabi_fmul                             0x080014fd   Thumb Code   100  fmul.o(.text)
    __aeabi_fdiv                             0x08001561   Thumb Code   124  fdiv.o(.text)
    __ARM_scalbnf                            0x080015dd   Thumb Code    24  fscalb.o(.text)
    scalbnf                                  0x080015dd   Thumb Code     0  fscalb.o(.text)
    __aeabi_dadd                             0x080015f5   Thumb Code   322  dadd.o(.text)
    __aeabi_dsub                             0x08001737   Thumb Code     6  dadd.o(.text)
    __aeabi_drsub                            0x0800173d   Thumb Code     6  dadd.o(.text)
    __aeabi_dmul                             0x08001743   Thumb Code   228  dmul.o(.text)
    __aeabi_ddiv                             0x08001827   Thumb Code   222  ddiv.o(.text)
    __ARM_scalbn                             0x08001905   Thumb Code    46  dscalb.o(.text)
    scalbn                                   0x08001905   Thumb Code     0  dscalb.o(.text)
    __aeabi_i2f                              0x08001933   Thumb Code    18  fflti.o(.text)
    __aeabi_ui2f                             0x08001945   Thumb Code    10  ffltui.o(.text)
    __aeabi_ui2d                             0x0800194f   Thumb Code    26  dfltui.o(.text)
    __aeabi_f2iz                             0x08001969   Thumb Code    50  ffixi.o(.text)
    __aeabi_f2uiz                            0x0800199b   Thumb Code    40  ffixui.o(.text)
    __aeabi_d2uiz                            0x080019c3   Thumb Code    50  dfixui.o(.text)
    __aeabi_f2d                              0x080019f5   Thumb Code    38  f2d.o(.text)
    __aeabi_cdcmpeq                          0x08001a1d   Thumb Code     0  cdcmple.o(.text)
    __aeabi_cdcmple                          0x08001a1d   Thumb Code    48  cdcmple.o(.text)
    __aeabi_cdrcmple                         0x08001a4d   Thumb Code    48  cdrcmple.o(.text)
    __aeabi_d2f                              0x08001a7d   Thumb Code    56  d2f.o(.text)
    __aeabi_cfcmpeq                          0x08001ab5   Thumb Code     0  cfcmple.o(.text)
    __aeabi_cfcmple                          0x08001ab5   Thumb Code    20  cfcmple.o(.text)
    __aeabi_uidiv                            0x08001ac9   Thumb Code     0  uidiv.o(.text)
    __aeabi_uidivmod                         0x08001ac9   Thumb Code    44  uidiv.o(.text)
    __I$use$fp                               0x08001af5   Thumb Code     0  iusefp.o(.text)
    _float_round                             0x08001af5   Thumb Code    18  fepilogue.o(.text)
    _float_epilogue                          0x08001b07   Thumb Code    92  fepilogue.o(.text)
    _double_round                            0x08001b63   Thumb Code    30  depilogue.o(.text)
    _double_epilogue                         0x08001b81   Thumb Code   156  depilogue.o(.text)
    _dsqrt                                   0x08001c1d   Thumb Code   162  dsqrt.o(.text)
    __aeabi_d2ulz                            0x08001cbf   Thumb Code    48  dfixul.o(.text)
    __scatterload                            0x08001cf1   Thumb Code    28  init.o(.text)
    __scatterload_rt2                        0x08001cf1   Thumb Code     0  init.o(.text)
    AD9854_Init                              0x08001d15   Thumb Code   140  ad9854.o(i.AD9854_Init)
    AD9854_SetSine                           0x08001da9   Thumb Code   110  ad9854.o(i.AD9854_SetSine)
    ADC_ConversionStop_Disable               0x08001e71   Thumb Code    86  stm32f1xx_hal_adc.o(i.ADC_ConversionStop_Disable)
    ADC_DAC_show                             0x08001ec9   Thumb Code   238  stm32f1xx_it.o(i.ADC_DAC_show)
    ADC_DMAConvCplt                          0x08001fd1   Thumb Code    78  stm32f1xx_hal_adc.o(i.ADC_DMAConvCplt)
    ADC_DMAError                             0x0800201f   Thumb Code    26  stm32f1xx_hal_adc.o(i.ADC_DMAError)
    ADC_DMAHalfConvCplt                      0x08002039   Thumb Code    10  stm32f1xx_hal_adc.o(i.ADC_DMAHalfConvCplt)
    ADC_Enable                               0x08002045   Thumb Code   114  stm32f1xx_hal_adc.o(i.ADC_Enable)
    AT24CXX_Init                             0x080020c1   Thumb Code     4  24cxx.o(i.AT24CXX_Init)
    AT24CXX_Read                             0x080020c5   Thumb Code    34  24cxx.o(i.AT24CXX_Read)
    AT24CXX_ReadOneByte                      0x080020e7   Thumb Code    66  24cxx.o(i.AT24CXX_ReadOneByte)
    AT24CXX_Write                            0x08002129   Thumb Code    32  24cxx.o(i.AT24CXX_Write)
    AT24CXX_WriteOneByte                     0x08002149   Thumb Code    62  24cxx.o(i.AT24CXX_WriteOneByte)
    BusFault_Handler                         0x08002187   Thumb Code     2  stm32f1xx_it.o(i.BusFault_Handler)
    CT_IIC_Ack                               0x08002189   Thumb Code    64  ctiic.o(i.CT_IIC_Ack)
    CT_IIC_Init                              0x080021d5   Thumb Code    88  ctiic.o(i.CT_IIC_Init)
    CT_IIC_NAck                              0x08002241   Thumb Code    64  ctiic.o(i.CT_IIC_NAck)
    CT_IIC_Read_Byte                         0x0800228d   Thumb Code   106  ctiic.o(i.CT_IIC_Read_Byte)
    CT_IIC_Send_Byte                         0x08002305   Thumb Code    90  ctiic.o(i.CT_IIC_Send_Byte)
    CT_IIC_Start                             0x0800236d   Thumb Code    62  ctiic.o(i.CT_IIC_Start)
    CT_IIC_Stop                              0x080023b9   Thumb Code    56  ctiic.o(i.CT_IIC_Stop)
    CT_IIC_Wait_Ack                          0x080023fd   Thumb Code    74  ctiic.o(i.CT_IIC_Wait_Ack)
    DMA1_Channel1_IRQHandler                 0x08002455   Thumb Code     6  stm32f1xx_it.o(i.DMA1_Channel1_IRQHandler)
    DMA1_Channel5_IRQHandler                 0x08002461   Thumb Code     6  stm32f1xx_it.o(i.DMA1_Channel5_IRQHandler)
    DMA2_Channel3_IRQHandler                 0x0800246d   Thumb Code     6  stm32f1xx_it.o(i.DMA2_Channel3_IRQHandler)
    DataScope_Uint32_Generate                0x080024a5   Thumb Code    56  datascope.o(i.DataScope_Uint32_Generate)
    DebugMon_Handler                         0x080024e5   Thumb Code     2  stm32f1xx_it.o(i.DebugMon_Handler)
    Error_Handler                            0x080024e7   Thumb Code     4  main.o(i.Error_Handler)
    FSMC_NORSRAM_Extended_Timing_Init        0x080024ed   Thumb Code    56  stm32f1xx_ll_fsmc.o(i.FSMC_NORSRAM_Extended_Timing_Init)
    FSMC_NORSRAM_Init                        0x08002529   Thumb Code    98  stm32f1xx_ll_fsmc.o(i.FSMC_NORSRAM_Init)
    FSMC_NORSRAM_Timing_Init                 0x08002591   Thumb Code    64  stm32f1xx_ll_fsmc.o(i.FSMC_NORSRAM_Timing_Init)
    FT5206_Init                              0x080025d5   Thumb Code   274  ft5206.o(i.FT5206_Init)
    FT5206_RD_Reg                            0x08002711   Thumb Code    86  ft5206.o(i.FT5206_RD_Reg)
    FT5206_Scan                              0x08002769   Thumb Code   566  ft5206.o(i.FT5206_Scan)
    FT5206_WR_Reg                            0x080029b5   Thumb Code    72  ft5206.o(i.FT5206_WR_Reg)
    GPIO_AD9854_Configuration                0x08002a4d   Thumb Code    84  ad9854.o(i.GPIO_AD9854_Configuration)
    GT9147_Init                              0x08002aad   Thumb Code   228  gt9147.o(i.GT9147_Init)
    GT9147_RD_Reg                            0x08002bc5   Thumb Code    96  gt9147.o(i.GT9147_RD_Reg)
    GT9147_Scan                              0x08002c25   Thumb Code   364  gt9147.o(i.GT9147_Scan)
    GT9147_Send_Cfg                          0x08002da1   Thumb Code    74  gt9147.o(i.GT9147_Send_Cfg)
    GT9147_WR_Reg                            0x08002df1   Thumb Code    82  gt9147.o(i.GT9147_WR_Reg)
    GetPowerMag                              0x08002e45   Thumb Code   382  stm32f1xx_it.o(i.GetPowerMag)
    Get_check                                0x08003055   Thumb Code    34  datascope.o(i.Get_check)
    HAL_ADCEx_Calibration_Start              0x0800307d   Thumb Code   210  stm32f1xx_hal_adc_ex.o(i.HAL_ADCEx_Calibration_Start)
    HAL_ADC_ConfigChannel                    0x08003155   Thumb Code   240  stm32f1xx_hal_adc.o(i.HAL_ADC_ConfigChannel)
    HAL_ADC_ConvCpltCallback                 0x08003251   Thumb Code    68  stm32f1xx_it.o(i.HAL_ADC_ConvCpltCallback)
    HAL_ADC_ConvHalfCpltCallback             0x080032a1   Thumb Code     2  stm32f1xx_hal_adc.o(i.HAL_ADC_ConvHalfCpltCallback)
    HAL_ADC_ErrorCallback                    0x080032a3   Thumb Code     2  stm32f1xx_hal_adc.o(i.HAL_ADC_ErrorCallback)
    HAL_ADC_GetValue                         0x080032a5   Thumb Code     6  stm32f1xx_hal_adc.o(i.HAL_ADC_GetValue)
    HAL_ADC_Init                             0x080032ad   Thumb Code   272  stm32f1xx_hal_adc.o(i.HAL_ADC_Init)
    HAL_ADC_MspInit                          0x080033cd   Thumb Code   124  adc.o(i.HAL_ADC_MspInit)
    HAL_ADC_Start                            0x0800345d   Thumb Code   184  stm32f1xx_hal_adc.o(i.HAL_ADC_Start)
    HAL_ADC_Start_DMA                        0x0800351d   Thumb Code   246  stm32f1xx_hal_adc.o(i.HAL_ADC_Start_DMA)
    HAL_DAC_ConfigChannel                    0x08003629   Thumb Code    78  stm32f1xx_hal_dac.o(i.HAL_DAC_ConfigChannel)
    HAL_DAC_GetValue                         0x08003677   Thumb Code    18  stm32f1xx_hal_dac.o(i.HAL_DAC_GetValue)
    HAL_DAC_Init                             0x08003689   Thumb Code    40  stm32f1xx_hal_dac.o(i.HAL_DAC_Init)
    HAL_DAC_MspInit                          0x080036b1   Thumb Code   122  dac.o(i.HAL_DAC_MspInit)
    HAL_DAC_SetValue                         0x08003741   Thumb Code    34  stm32f1xx_hal_dac.o(i.HAL_DAC_SetValue)
    HAL_DAC_Start                            0x08003763   Thumb Code    98  stm32f1xx_hal_dac.o(i.HAL_DAC_Start)
    HAL_DMA_Abort                            0x080037c5   Thumb Code    70  stm32f1xx_hal_dma.o(i.HAL_DMA_Abort)
    HAL_DMA_Abort_IT                         0x0800380d   Thumb Code   296  stm32f1xx_hal_dma.o(i.HAL_DMA_Abort_IT)
    HAL_DMA_IRQHandler                       0x0800393d   Thumb Code   552  stm32f1xx_hal_dma.o(i.HAL_DMA_IRQHandler)
    HAL_DMA_Init                             0x08003b85   Thumb Code   112  stm32f1xx_hal_dma.o(i.HAL_DMA_Init)
    HAL_DMA_Start_IT                         0x08003c01   Thumb Code   112  stm32f1xx_hal_dma.o(i.HAL_DMA_Start_IT)
    HAL_GPIO_Init                            0x08003cf1   Thumb Code   462  stm32f1xx_hal_gpio.o(i.HAL_GPIO_Init)
    HAL_GPIO_ReadPin                         0x08003ee9   Thumb Code    10  stm32f1xx_hal_gpio.o(i.HAL_GPIO_ReadPin)
    HAL_GPIO_TogglePin                       0x08003ef3   Thumb Code    16  stm32f1xx_hal_gpio.o(i.HAL_GPIO_TogglePin)
    HAL_GPIO_WritePin                        0x08003f03   Thumb Code    10  stm32f1xx_hal_gpio.o(i.HAL_GPIO_WritePin)
    HAL_GetTick                              0x08003f0d   Thumb Code     6  stm32f1xx_hal.o(i.HAL_GetTick)
    HAL_IncTick                              0x08003f19   Thumb Code    12  stm32f1xx_hal.o(i.HAL_IncTick)
    HAL_Init                                 0x08003f29   Thumb Code    32  stm32f1xx_hal.o(i.HAL_Init)
    HAL_InitTick                             0x08003f4d   Thumb Code    54  stm32f1xx_hal.o(i.HAL_InitTick)
    HAL_MspInit                              0x08003f8d   Thumb Code    38  stm32f1xx_hal_msp.o(i.HAL_MspInit)
    HAL_NVIC_EnableIRQ                       0x08003fb9   Thumb Code    26  stm32f1xx_hal_cortex.o(i.HAL_NVIC_EnableIRQ)
    HAL_NVIC_SetPriority                     0x08003fd5   Thumb Code    60  stm32f1xx_hal_cortex.o(i.HAL_NVIC_SetPriority)
    HAL_NVIC_SetPriorityGrouping             0x08004015   Thumb Code    26  stm32f1xx_hal_cortex.o(i.HAL_NVIC_SetPriorityGrouping)
    HAL_RCCEx_GetPeriphCLKFreq               0x08004039   Thumb Code   166  stm32f1xx_hal_rcc_ex.o(i.HAL_RCCEx_GetPeriphCLKFreq)
    HAL_RCCEx_PeriphCLKConfig                0x080040f1   Thumb Code   224  stm32f1xx_hal_rcc_ex.o(i.HAL_RCCEx_PeriphCLKConfig)
    HAL_RCC_ClockConfig                      0x080041dd   Thumb Code   280  stm32f1xx_hal_rcc.o(i.HAL_RCC_ClockConfig)
    HAL_RCC_GetPCLK1Freq                     0x08004309   Thumb Code    20  stm32f1xx_hal_rcc.o(i.HAL_RCC_GetPCLK1Freq)
    HAL_RCC_GetPCLK2Freq                     0x08004329   Thumb Code    20  stm32f1xx_hal_rcc.o(i.HAL_RCC_GetPCLK2Freq)
    HAL_RCC_GetSysClockFreq                  0x08004349   Thumb Code    58  stm32f1xx_hal_rcc.o(i.HAL_RCC_GetSysClockFreq)
    HAL_RCC_OscConfig                        0x08004395   Thumb Code   778  stm32f1xx_hal_rcc.o(i.HAL_RCC_OscConfig)
    HAL_SRAM_Init                            0x080046b5   Thumb Code   100  stm32f1xx_hal_sram.o(i.HAL_SRAM_Init)
    HAL_SRAM_MspInit                         0x08004719   Thumb Code     4  fsmc.o(i.HAL_SRAM_MspInit)
    HAL_SYSTICK_Config                       0x0800471d   Thumb Code    40  stm32f1xx_hal_cortex.o(i.HAL_SYSTICK_Config)
    HAL_TIMEx_BreakCallback                  0x08004745   Thumb Code     2  stm32f1xx_hal_tim_ex.o(i.HAL_TIMEx_BreakCallback)
    HAL_TIMEx_CommutCallback                 0x08004747   Thumb Code     2  stm32f1xx_hal_tim_ex.o(i.HAL_TIMEx_CommutCallback)
    HAL_TIMEx_MasterConfigSynchronization    0x08004749   Thumb Code   104  stm32f1xx_hal_tim_ex.o(i.HAL_TIMEx_MasterConfigSynchronization)
    HAL_TIM_Base_Init                        0x080047c5   Thumb Code    90  stm32f1xx_hal_tim.o(i.HAL_TIM_Base_Init)
    HAL_TIM_Base_MspInit                     0x08004821   Thumb Code    94  tim.o(i.HAL_TIM_Base_MspInit)
    HAL_TIM_Base_Start                       0x08004891   Thumb Code    78  stm32f1xx_hal_tim.o(i.HAL_TIM_Base_Start)
    HAL_TIM_Base_Start_IT                    0x080048f5   Thumb Code    88  stm32f1xx_hal_tim.o(i.HAL_TIM_Base_Start_IT)
    HAL_TIM_Base_Stop                        0x08004961   Thumb Code    38  stm32f1xx_hal_tim.o(i.HAL_TIM_Base_Stop)
    HAL_TIM_ConfigClockSource                0x08004987   Thumb Code   220  stm32f1xx_hal_tim.o(i.HAL_TIM_ConfigClockSource)
    HAL_TIM_IC_CaptureCallback               0x08004a63   Thumb Code     2  stm32f1xx_hal_tim.o(i.HAL_TIM_IC_CaptureCallback)
    HAL_TIM_IRQHandler                       0x08004a65   Thumb Code   358  stm32f1xx_hal_tim.o(i.HAL_TIM_IRQHandler)
    HAL_TIM_OC_DelayElapsedCallback          0x08004bcb   Thumb Code     2  stm32f1xx_hal_tim.o(i.HAL_TIM_OC_DelayElapsedCallback)
    HAL_TIM_PWM_PulseFinishedCallback        0x08004bcd   Thumb Code     2  stm32f1xx_hal_tim.o(i.HAL_TIM_PWM_PulseFinishedCallback)
    HAL_TIM_PeriodElapsedCallback            0x08004bd1   Thumb Code   188  stm32f1xx_it.o(i.HAL_TIM_PeriodElapsedCallback)
    HAL_TIM_TriggerCallback                  0x08004cb5   Thumb Code     2  stm32f1xx_hal_tim.o(i.HAL_TIM_TriggerCallback)
    HAL_UARTEx_RxEventCallback               0x08004cb7   Thumb Code     2  stm32f1xx_hal_uart.o(i.HAL_UARTEx_RxEventCallback)
    HAL_UART_DMAStop                         0x08004cb9   Thumb Code   112  stm32f1xx_hal_uart.o(i.HAL_UART_DMAStop)
    HAL_UART_ErrorCallback                   0x08004d29   Thumb Code     2  stm32f1xx_hal_uart.o(i.HAL_UART_ErrorCallback)
    HAL_UART_IRQHandler                      0x08004d2d   Thumb Code   616  stm32f1xx_hal_uart.o(i.HAL_UART_IRQHandler)
    HAL_UART_Init                            0x08004f99   Thumb Code   100  stm32f1xx_hal_uart.o(i.HAL_UART_Init)
    HAL_UART_MspInit                         0x08004ffd   Thumb Code   156  usart.o(i.HAL_UART_MspInit)
    HAL_UART_Receive_DMA                     0x080050ad   Thumb Code    28  stm32f1xx_hal_uart.o(i.HAL_UART_Receive_DMA)
    HAL_UART_RxCpltCallback                  0x080050c9   Thumb Code     2  stm32f1xx_hal_uart.o(i.HAL_UART_RxCpltCallback)
    HAL_UART_RxHalfCpltCallback              0x080050cb   Thumb Code     2  stm32f1xx_hal_uart.o(i.HAL_UART_RxHalfCpltCallback)
    HAL_UART_Transmit                        0x080050cd   Thumb Code   154  stm32f1xx_hal_uart.o(i.HAL_UART_Transmit)
    HAL_UART_TxCpltCallback                  0x08005167   Thumb Code     2  stm32f1xx_hal_uart.o(i.HAL_UART_TxCpltCallback)
    HardFault_Handler                        0x08005169   Thumb Code     2  stm32f1xx_it.o(i.HardFault_Handler)
    IIC_Ack                                  0x0800516d   Thumb Code    56  myiic.o(i.IIC_Ack)
    IIC_Init                                 0x080051ad   Thumb Code    58  myiic.o(i.IIC_Init)
    IIC_NAck                                 0x080051f5   Thumb Code    56  myiic.o(i.IIC_NAck)
    IIC_Read_Byte                            0x08005235   Thumb Code   100  myiic.o(i.IIC_Read_Byte)
    IIC_Send_Byte                            0x080052a1   Thumb Code    86  myiic.o(i.IIC_Send_Byte)
    IIC_Start                                0x08005301   Thumb Code    56  myiic.o(i.IIC_Start)
    IIC_Stop                                 0x08005341   Thumb Code    58  myiic.o(i.IIC_Stop)
    IIC_Wait_Ack                             0x08005385   Thumb Code    78  myiic.o(i.IIC_Wait_Ack)
    Key_Scan                                 0x080053dd   Thumb Code    74  key.o(i.Key_Scan)
    Key_Scan2                                0x08005427   Thumb Code    76  key.o(i.Key_Scan2)
    LCD_Clear                                0x08005475   Thumb Code    40  lcd.o(i.LCD_Clear)
    LCD_DrawLine                             0x080054a5   Thumb Code   154  lcd.o(i.LCD_DrawLine)
    LCD_DrawPoint                            0x08005541   Thumb Code    20  lcd.o(i.LCD_DrawPoint)
    LCD_Draw_Circle                          0x0800555d   Thumb Code   176  lcd.o(i.LCD_Draw_Circle)
    LCD_Fast_DrawPoint                       0x0800560d   Thumb Code   200  lcd.o(i.LCD_Fast_DrawPoint)
    LCD_Pow                                  0x080056dd   Thumb Code    16  lcd.o(i.LCD_Pow)
    LCD_SetCursor                            0x080056ed   Thumb Code   238  lcd.o(i.LCD_SetCursor)
    LCD_ShowChar                             0x080057e1   Thumb Code   192  lcd.o(i.LCD_ShowChar)
    LCD_ShowNum                              0x080058b5   Thumb Code   118  lcd.o(i.LCD_ShowNum)
    LCD_ShowString                           0x0800592b   Thumb Code    84  lcd.o(i.LCD_ShowString)
    LCD_ShowxNum                             0x0800597f   Thumb Code   134  lcd.o(i.LCD_ShowxNum)
    LCD_WR_DATA                              0x08005a05   Thumb Code    20  lcd.o(i.LCD_WR_DATA)
    LCD_WR_REG                               0x08005a1d   Thumb Code    20  lcd.o(i.LCD_WR_REG)
    LCD_WriteRAM_Prepare                     0x08005a35   Thumb Code    10  lcd.o(i.LCD_WriteRAM_Prepare)
    MX_ADC1_Init                             0x08005a49   Thumb Code    68  adc.o(i.MX_ADC1_Init)
    MX_DAC_Init                              0x08005a95   Thumb Code    50  dac.o(i.MX_DAC_Init)
    MX_DMA_Init                              0x08005ad1   Thumb Code    88  dma.o(i.MX_DMA_Init)
    MX_FSMC_Init                             0x08005b2d   Thumb Code   134  fsmc.o(i.MX_FSMC_Init)
    MX_GPIO_Init                             0x08005bc1   Thumb Code   228  gpio.o(i.MX_GPIO_Init)
    MX_TIM3_Init                             0x08005cb5   Thumb Code    96  tim.o(i.MX_TIM3_Init)
    MX_TIM6_Init                             0x08005d1d   Thumb Code    62  tim.o(i.MX_TIM6_Init)
    MX_TIM7_Init                             0x08005d65   Thumb Code    64  tim.o(i.MX_TIM7_Init)
    MX_USART1_UART_Init                      0x08005dad   Thumb Code    68  usart.o(i.MX_USART1_UART_Init)
    MemManage_Handler                        0x08005df9   Thumb Code     2  stm32f1xx_it.o(i.MemManage_Handler)
    NMI_Handler                              0x08005dfb   Thumb Code     2  stm32f1xx_it.o(i.NMI_Handler)
    OTT2001A_Init                            0x08005dfd   Thumb Code   142  ott2001a.o(i.OTT2001A_Init)
    OTT2001A_RD_Reg                          0x08005ea5   Thumb Code    96  ott2001a.o(i.OTT2001A_RD_Reg)
    OTT2001A_Scan                            0x08005f05   Thumb Code   332  ott2001a.o(i.OTT2001A_Scan)
    OTT2001A_SensorControl                   0x08006071   Thumb Code    30  ott2001a.o(i.OTT2001A_SensorControl)
    OTT2001A_WR_Reg                          0x0800608f   Thumb Code    82  ott2001a.o(i.OTT2001A_WR_Reg)
    PendSV_Handler                           0x080060e1   Thumb Code     2  stm32f1xx_it.o(i.PendSV_Handler)
    SVC_Handler                              0x080060e3   Thumb Code     2  stm32f1xx_it.o(i.SVC_Handler)
    Send_u32                                 0x080060e5   Thumb Code    22  datascope.o(i.Send_u32)
    SysTick_Handler                          0x08006105   Thumb Code     4  stm32f1xx_it.o(i.SysTick_Handler)
    SystemClock_Config                       0x08006109   Thumb Code   122  main.o(i.SystemClock_Config)
    SystemInit                               0x08006183   Thumb Code     2  system_stm32f1xx.o(i.SystemInit)
    TIM6_IRQHandler                          0x08006185   Thumb Code     6  stm32f1xx_it.o(i.TIM6_IRQHandler)
    TIM_Base_SetConfig                       0x08006191   Thumb Code   120  stm32f1xx_hal_tim.o(i.TIM_Base_SetConfig)
    TIM_ETR_SetConfig                        0x0800621d   Thumb Code    20  stm32f1xx_hal_tim.o(i.TIM_ETR_SetConfig)
    TP_Adj_Info_Show                         0x08006289   Thumb Code   326  touch.o(i.TP_Adj_Info_Show)
    TP_Adjust                                0x08006401   Thumb Code  1310  touch.o(i.TP_Adjust)
    TP_Drow_Touch_Point                      0x08006955   Thumb Code   106  touch.o(i.TP_Drow_Touch_Point)
    TP_Get_Adjdata                           0x080069c5   Thumb Code    56  touch.o(i.TP_Get_Adjdata)
    TP_Init                                  0x08006a01   Thumb Code   250  touch.o(i.TP_Init)
    TP_Read_AD                               0x08006b1d   Thumb Code   126  touch.o(i.TP_Read_AD)
    TP_Read_XOY                              0x08006ba5   Thumb Code   100  touch.o(i.TP_Read_XOY)
    TP_Read_XY                               0x08006c09   Thumb Code    34  touch.o(i.TP_Read_XY)
    TP_Read_XY2                              0x08006c31   Thumb Code   122  touch.o(i.TP_Read_XY2)
    TP_Save_Adjdata                          0x08006cad   Thumb Code    24  touch.o(i.TP_Save_Adjdata)
    TP_Scan                                  0x08006cc9   Thumb Code   170  touch.o(i.TP_Scan)
    TP_Write_Byte                            0x08006d7d   Thumb Code    64  touch.o(i.TP_Write_Byte)
    UART_Start_Receive_DMA                   0x080070a9   Thumb Code   130  stm32f1xx_hal_uart.o(i.UART_Start_Receive_DMA)
    USART1_IRQHandler                        0x080071b1   Thumb Code   102  stm32f1xx_it.o(i.USART1_IRQHandler)
    Uint32_t2Byte                            0x08007241   Thumb Code    20  datascope.o(i.Uint32_t2Byte)
    UsageFault_Handler                       0x08007255   Thumb Code     2  stm32f1xx_it.o(i.UsageFault_Handler)
    __0printf                                0x08007259   Thumb Code    22  printfa.o(i.__0printf)
    __1printf                                0x08007259   Thumb Code     0  printfa.o(i.__0printf)
    __2printf                                0x08007259   Thumb Code     0  printfa.o(i.__0printf)
    __c89printf                              0x08007259   Thumb Code     0  printfa.o(i.__0printf)
    printf                                   0x08007259   Thumb Code     0  printfa.o(i.__0printf)
    __scatterload_copy                       0x08007299   Thumb Code    14  handlers.o(i.__scatterload_copy)
    __scatterload_null                       0x080072a7   Thumb Code     2  handlers.o(i.__scatterload_null)
    __scatterload_zeroinit                   0x080072a9   Thumb Code    14  handlers.o(i.__scatterload_zeroinit)
    __set_errno                              0x080072b9   Thumb Code     6  errno.o(i.__set_errno)
    delay_ms                                 0x08007b77   Thumb Code    28  delay.o(i.delay_ms)
    delay_us                                 0x08007b95   Thumb Code    44  delay.o(i.delay_us)
    find_max                                 0x08007bc9   Thumb Code   106  stm32f1xx_it.o(i.find_max)
    fputc                                    0x08007c35   Thumb Code    18  usart.o(i.fputc)
    main                                     0x08007c4d   Thumb Code   154  main.o(i.main)
    sqrt                                     0x08007d05   Thumb Code    76  sqrt.o(i.sqrt)
    AHBPrescTable                            0x08007d74   Data          16  system_stm32f1xx.o(.constdata)
    APBPrescTable                            0x08007d84   Data           8  system_stm32f1xx.o(.constdata)
    asc2_1206                                0x08007d8c   Data        1140  lcd.o(.constdata)
    asc2_1608                                0x08008200   Data        1520  lcd.o(.constdata)
    asc2_2412                                0x080087f0   Data        3420  lcd.o(.constdata)
    TP_REMIND_MSG_TBL                        0x0800954c   Data           4  touch.o(.constdata)
    FT5206_TPX_TBL                           0x08009550   Data          10  ft5206.o(.constdata)
    GT911_TPX_TBL                            0x0800955a   Data          10  ft5206.o(.constdata)
    GT9147_CFG_TBL                           0x08009564   Data         184  gt9147.o(.constdata)
    GT9147_TPX_TBL                           0x0800961c   Data          10  gt9147.o(.constdata)
    OTT_TPX_TBL                              0x08009626   Data          10  ott2001a.o(.constdata)
    Region$$Table$$Base                      0x080096ac   Number         0  anon$$obj.o(Region$$Table)
    Region$$Table$$Limit                     0x080096cc   Number         0  anon$$obj.o(Region$$Table)
    A                                        0x20000000   Data           2  main.o(.data)
    Key0                                     0x20000002   Data           2  main.o(.data)
    Key1                                     0x20000004   Data           2  main.o(.data)
    Key2                                     0x20000006   Data           2  main.o(.data)
    F                                        0x20000008   Data           4  main.o(.data)
    rx_len                                   0x20000014   Data           2  usart.o(.data)
    rx_flag                                  0x20000016   Data           1  usart.o(.data)
    temp                                     0x20000018   Data           2  stm32f1xx_it.o(.data)
    dacval                                   0x2000001a   Data           2  stm32f1xx_it.o(.data)
    time6                                    0x2000001c   Data           2  stm32f1xx_it.o(.data)
    time6_s                                  0x2000001e   Data           2  stm32f1xx_it.o(.data)
    adcx                                     0x20000020   Data           2  stm32f1xx_it.o(.data)
    uwTickFreq                               0x20000024   Data           1  stm32f1xx_hal.o(.data)
    uwTickPrio                               0x20000028   Data           4  stm32f1xx_hal.o(.data)
    uwTick                                   0x2000002c   Data           4  stm32f1xx_hal.o(.data)
    SystemCoreClock                          0x20000030   Data           4  system_stm32f1xx.o(.data)
    POINT_COLOR                              0x20000034   Data           4  lcd.o(.data)
    BACK_COLOR                               0x20000038   Data           4  lcd.o(.data)
    CMD_RDX                                  0x2000003c   Data           1  touch.o(.data)
    CMD_RDY                                  0x2000003d   Data           1  touch.o(.data)
    tp_dev                                   0x20000040   Data          52  touch.o(.data)
    g_gt_tnum                                0x20000074   Data           1  ft5206.o(.data)
    CIP                                      0x20000076   Data           5  ft5206.o(.data)
    sumcheck                                 0x2000007d   Data           1  datascope.o(.data)
    addcheck                                 0x2000007e   Data           1  datascope.o(.data)
    Temp                                     0x20000080   Data           4  ad9854.o(.data)
    FreqBuf                                  0x20000084   Data           4  ad9854.o(.data)
    Array_Freq                               0x20000088   Data           4  ad9854.o(.data)
    FreqWord                                 0x2000008c   Data           6  ad9854.o(.data)
    __stdout                                 0x20000094   Data           4  stdout.o(.data)
    ADC_Array                                0x2000009c   Data        4096  adc.o(.bss)
    hadc1                                    0x2000109c   Data          48  adc.o(.bss)
    hdma_adc1                                0x200010cc   Data          68  adc.o(.bss)
    hdac                                     0x20001110   Data          20  dac.o(.bss)
    hdma_dac_ch1                             0x20001124   Data          68  dac.o(.bss)
    hsram1                                   0x20001168   Data          72  fsmc.o(.bss)
    htim3                                    0x200011b0   Data          72  tim.o(.bss)
    htim6                                    0x200011f8   Data          72  tim.o(.bss)
    htim7                                    0x20001240   Data          72  tim.o(.bss)
    rx_buffer                                0x20001288   Data         100  usart.o(.bss)
    huart1                                   0x200012ec   Data          72  usart.o(.bss)
    hdma_usart1_rx                           0x20001334   Data          68  usart.o(.bss)
    lBufMagArray                             0x20001378   Data        4096  stm32f1xx_it.o(.bss)
    FFT_IN                                   0x20002378   Data        4096  stm32f1xx_it.o(.bss)
    FFT_OUT                                  0x20003378   Data        4096  stm32f1xx_it.o(.bss)
    TFTSRAM_Handler                          0x20004378   Data          72  lcd.o(.bss)
    lcddev                                   0x200043c0   Data          14  lcd.o(.bss)
    delay                                    0x200043d0   Data          72  delay.o(.bss)
    DataScope_OutPut_Buffer                  0x20004418   Data          12  datascope.o(.bss)
    __initial_sp                             0x20005428   Data           0  startup_stm32f103xe.o(STACK)



==============================================================================

Memory Map of the image

  Image Entry point : 0x08000131

  Load Region LR_IROM1 (Base: 0x08000000, Size: 0x00009768, Max: 0x00080000, ABSOLUTE)

    Execution Region ER_IROM1 (Exec base: 0x08000000, Load base: 0x08000000, Size: 0x000096cc, Max: 0x00080000, ABSOLUTE)

    Exec Addr    Load Addr    Size         Type   Attr      Idx    E Section Name        Object

    0x08000000   0x08000000   0x00000130   Data   RO         3901    RESET               startup_stm32f103xe.o
    0x08000130   0x08000130   0x00000000   Code   RO         9845  * .ARM.Collect$$$$00000000  mc_w.l(entry.o)
    0x08000130   0x08000130   0x00000004   Code   RO        10202    .ARM.Collect$$$$00000001  mc_w.l(entry2.o)
    0x08000134   0x08000134   0x00000004   Code   RO        10205    .ARM.Collect$$$$00000004  mc_w.l(entry5.o)
    0x08000138   0x08000138   0x00000000   Code   RO        10207    .ARM.Collect$$$$00000008  mc_w.l(entry7b.o)
    0x08000138   0x08000138   0x00000000   Code   RO        10209    .ARM.Collect$$$$0000000A  mc_w.l(entry8b.o)
    0x08000138   0x08000138   0x00000008   Code   RO        10210    .ARM.Collect$$$$0000000B  mc_w.l(entry9a.o)
    0x08000140   0x08000140   0x00000000   Code   RO        10212    .ARM.Collect$$$$0000000D  mc_w.l(entry10a.o)
    0x08000140   0x08000140   0x00000000   Code   RO        10214    .ARM.Collect$$$$0000000F  mc_w.l(entry11a.o)
    0x08000140   0x08000140   0x00000004   Code   RO        10203    .ARM.Collect$$$$00002712  mc_w.l(entry2.o)
    0x08000144   0x08000144   0x00000024   Code   RO         3902    .text               startup_stm32f103xe.o
    0x08000168   0x08000168   0x000011e0   Code   RO         4844    .text               cr4_fft_1024_stm32.o
    0x08001348   0x08001348   0x00000062   Code   RO         9848    .text               mc_w.l(uldiv.o)
    0x080013aa   0x080013aa   0x0000001e   Code   RO         9852    .text               mc_w.l(llshl.o)
    0x080013c8   0x080013c8   0x00000020   Code   RO         9854    .text               mc_w.l(llushr.o)
    0x080013e8   0x080013e8   0x00000024   Code   RO         9856    .text               mc_w.l(llsshr.o)
    0x0800140c   0x0800140c   0x00000024   Code   RO         9860    .text               mc_w.l(memseta.o)
    0x08001430   0x08001430   0x0000001c   Code   RO         9862    .text               mc_w.l(strcmp.o)
    0x0800144c   0x0800144c   0x000000b0   Code   RO        10127    .text               mf_w.l(fadd.o)
    0x080014fc   0x080014fc   0x00000064   Code   RO        10129    .text               mf_w.l(fmul.o)
    0x08001560   0x08001560   0x0000007c   Code   RO        10131    .text               mf_w.l(fdiv.o)
    0x080015dc   0x080015dc   0x00000018   Code   RO        10133    .text               mf_w.l(fscalb.o)
    0x080015f4   0x080015f4   0x0000014e   Code   RO        10135    .text               mf_w.l(dadd.o)
    0x08001742   0x08001742   0x000000e4   Code   RO        10137    .text               mf_w.l(dmul.o)
    0x08001826   0x08001826   0x000000de   Code   RO        10139    .text               mf_w.l(ddiv.o)
    0x08001904   0x08001904   0x0000002e   Code   RO        10141    .text               mf_w.l(dscalb.o)
    0x08001932   0x08001932   0x00000012   Code   RO        10143    .text               mf_w.l(fflti.o)
    0x08001944   0x08001944   0x0000000a   Code   RO        10145    .text               mf_w.l(ffltui.o)
    0x0800194e   0x0800194e   0x0000001a   Code   RO        10147    .text               mf_w.l(dfltui.o)
    0x08001968   0x08001968   0x00000032   Code   RO        10149    .text               mf_w.l(ffixi.o)
    0x0800199a   0x0800199a   0x00000028   Code   RO        10151    .text               mf_w.l(ffixui.o)
    0x080019c2   0x080019c2   0x00000032   Code   RO        10155    .text               mf_w.l(dfixui.o)
    0x080019f4   0x080019f4   0x00000026   Code   RO        10157    .text               mf_w.l(f2d.o)
    0x08001a1a   0x08001a1a   0x00000002   PAD
    0x08001a1c   0x08001a1c   0x00000030   Code   RO        10159    .text               mf_w.l(cdcmple.o)
    0x08001a4c   0x08001a4c   0x00000030   Code   RO        10161    .text               mf_w.l(cdrcmple.o)
    0x08001a7c   0x08001a7c   0x00000038   Code   RO        10163    .text               mf_w.l(d2f.o)
    0x08001ab4   0x08001ab4   0x00000014   Code   RO        10165    .text               mf_w.l(cfcmple.o)
    0x08001ac8   0x08001ac8   0x0000002c   Code   RO        10217    .text               mc_w.l(uidiv.o)
    0x08001af4   0x08001af4   0x00000000   Code   RO        10226    .text               mc_w.l(iusefp.o)
    0x08001af4   0x08001af4   0x0000006e   Code   RO        10227    .text               mf_w.l(fepilogue.o)
    0x08001b62   0x08001b62   0x000000ba   Code   RO        10233    .text               mf_w.l(depilogue.o)
    0x08001c1c   0x08001c1c   0x000000a2   Code   RO        10235    .text               mf_w.l(dsqrt.o)
    0x08001cbe   0x08001cbe   0x00000030   Code   RO        10239    .text               mf_w.l(dfixul.o)
    0x08001cee   0x08001cee   0x00000002   PAD
    0x08001cf0   0x08001cf0   0x00000024   Code   RO        10245    .text               mc_w.l(init.o)
    0x08001d14   0x08001d14   0x00000094   Code   RO         4745    i.AD9854_Init       ad9854.o
    0x08001da8   0x08001da8   0x00000078   Code   RO         4746    i.AD9854_SetSine    ad9854.o
    0x08001e20   0x08001e20   0x00000050   Code   RO         4747    i.AD9854_WR_Byte    ad9854.o
    0x08001e70   0x08001e70   0x00000056   Code   RO          812    i.ADC_ConversionStop_Disable  stm32f1xx_hal_adc.o
    0x08001ec6   0x08001ec6   0x00000002   PAD
    0x08001ec8   0x08001ec8   0x00000108   Code   RO          525    i.ADC_DAC_show      stm32f1xx_it.o
    0x08001fd0   0x08001fd0   0x0000004e   Code   RO          813    i.ADC_DMAConvCplt   stm32f1xx_hal_adc.o
    0x0800201e   0x0800201e   0x0000001a   Code   RO          814    i.ADC_DMAError      stm32f1xx_hal_adc.o
    0x08002038   0x08002038   0x0000000a   Code   RO          815    i.ADC_DMAHalfConvCplt  stm32f1xx_hal_adc.o
    0x08002042   0x08002042   0x00000002   PAD
    0x08002044   0x08002044   0x0000007c   Code   RO          816    i.ADC_Enable        stm32f1xx_hal_adc.o
    0x080020c0   0x080020c0   0x00000004   Code   RO         4233    i.AT24CXX_Init      24cxx.o
    0x080020c4   0x080020c4   0x00000022   Code   RO         4234    i.AT24CXX_Read      24cxx.o
    0x080020e6   0x080020e6   0x00000042   Code   RO         4236    i.AT24CXX_ReadOneByte  24cxx.o
    0x08002128   0x08002128   0x00000020   Code   RO         4237    i.AT24CXX_Write     24cxx.o
    0x08002148   0x08002148   0x0000003e   Code   RO         4239    i.AT24CXX_WriteOneByte  24cxx.o
    0x08002186   0x08002186   0x00000002   Code   RO          526    i.BusFault_Handler  stm32f1xx_it.o
    0x08002188   0x08002188   0x0000004c   Code   RO         4414    i.CT_IIC_Ack        ctiic.o
    0x080021d4   0x080021d4   0x0000006c   Code   RO         4415    i.CT_IIC_Init       ctiic.o
    0x08002240   0x08002240   0x0000004c   Code   RO         4416    i.CT_IIC_NAck       ctiic.o
    0x0800228c   0x0800228c   0x00000078   Code   RO         4417    i.CT_IIC_Read_Byte  ctiic.o
    0x08002304   0x08002304   0x00000068   Code   RO         4418    i.CT_IIC_Send_Byte  ctiic.o
    0x0800236c   0x0800236c   0x0000004c   Code   RO         4419    i.CT_IIC_Start      ctiic.o
    0x080023b8   0x080023b8   0x00000044   Code   RO         4420    i.CT_IIC_Stop       ctiic.o
    0x080023fc   0x080023fc   0x00000058   Code   RO         4421    i.CT_IIC_Wait_Ack   ctiic.o
    0x08002454   0x08002454   0x0000000c   Code   RO          527    i.DMA1_Channel1_IRQHandler  stm32f1xx_it.o
    0x08002460   0x08002460   0x0000000c   Code   RO          528    i.DMA1_Channel5_IRQHandler  stm32f1xx_it.o
    0x0800246c   0x0800246c   0x0000000c   Code   RO          529    i.DMA2_Channel3_IRQHandler  stm32f1xx_it.o
    0x08002478   0x08002478   0x0000002a   Code   RO         1468    i.DMA_SetConfig     stm32f1xx_hal_dma.o
    0x080024a2   0x080024a2   0x00000002   PAD
    0x080024a4   0x080024a4   0x00000040   Code   RO         4679    i.DataScope_Uint32_Generate  datascope.o
    0x080024e4   0x080024e4   0x00000002   Code   RO          530    i.DebugMon_Handler  stm32f1xx_it.o
    0x080024e6   0x080024e6   0x00000004   Code   RO            4    i.Error_Handler     main.o
    0x080024ea   0x080024ea   0x00000002   PAD
    0x080024ec   0x080024ec   0x0000003c   Code   RO         2313    i.FSMC_NORSRAM_Extended_Timing_Init  stm32f1xx_ll_fsmc.o
    0x08002528   0x08002528   0x00000068   Code   RO         2314    i.FSMC_NORSRAM_Init  stm32f1xx_ll_fsmc.o
    0x08002590   0x08002590   0x00000044   Code   RO         2315    i.FSMC_NORSRAM_Timing_Init  stm32f1xx_ll_fsmc.o
    0x080025d4   0x080025d4   0x0000013c   Code   RO         4488    i.FT5206_Init       ft5206.o
    0x08002710   0x08002710   0x00000056   Code   RO         4489    i.FT5206_RD_Reg     ft5206.o
    0x08002766   0x08002766   0x00000002   PAD
    0x08002768   0x08002768   0x0000024c   Code   RO         4490    i.FT5206_Scan       ft5206.o
    0x080029b4   0x080029b4   0x00000048   Code   RO         4491    i.FT5206_WR_Reg     ft5206.o
    0x080029fc   0x080029fc   0x00000050   Code   RO         4748    i.Freq_convert      ad9854.o
    0x08002a4c   0x08002a4c   0x00000060   Code   RO         4749    i.GPIO_AD9854_Configuration  ad9854.o
    0x08002aac   0x08002aac   0x00000118   Code   RO         4538    i.GT9147_Init       gt9147.o
    0x08002bc4   0x08002bc4   0x00000060   Code   RO         4539    i.GT9147_RD_Reg     gt9147.o
    0x08002c24   0x08002c24   0x0000017c   Code   RO         4540    i.GT9147_Scan       gt9147.o
    0x08002da0   0x08002da0   0x00000050   Code   RO         4541    i.GT9147_Send_Cfg   gt9147.o
    0x08002df0   0x08002df0   0x00000052   Code   RO         4542    i.GT9147_WR_Reg     gt9147.o
    0x08002e42   0x08002e42   0x00000002   PAD
    0x08002e44   0x08002e44   0x00000210   Code   RO          531    i.GetPowerMag       stm32f1xx_it.o
    0x08003054   0x08003054   0x00000028   Code   RO         4681    i.Get_check         datascope.o
    0x0800307c   0x0800307c   0x000000d8   Code   RO          992    i.HAL_ADCEx_Calibration_Start  stm32f1xx_hal_adc_ex.o
    0x08003154   0x08003154   0x000000fc   Code   RO          818    i.HAL_ADC_ConfigChannel  stm32f1xx_hal_adc.o
    0x08003250   0x08003250   0x00000050   Code   RO          532    i.HAL_ADC_ConvCpltCallback  stm32f1xx_it.o
    0x080032a0   0x080032a0   0x00000002   Code   RO          820    i.HAL_ADC_ConvHalfCpltCallback  stm32f1xx_hal_adc.o
    0x080032a2   0x080032a2   0x00000002   Code   RO          822    i.HAL_ADC_ErrorCallback  stm32f1xx_hal_adc.o
    0x080032a4   0x080032a4   0x00000006   Code   RO          825    i.HAL_ADC_GetValue  stm32f1xx_hal_adc.o
    0x080032aa   0x080032aa   0x00000002   PAD
    0x080032ac   0x080032ac   0x00000120   Code   RO          827    i.HAL_ADC_Init      stm32f1xx_hal_adc.o
    0x080033cc   0x080033cc   0x00000090   Code   RO          250    i.HAL_ADC_MspInit   adc.o
    0x0800345c   0x0800345c   0x000000c0   Code   RO          833    i.HAL_ADC_Start     stm32f1xx_hal_adc.o
    0x0800351c   0x0800351c   0x0000010c   Code   RO          834    i.HAL_ADC_Start_DMA  stm32f1xx_hal_adc.o
    0x08003628   0x08003628   0x0000004e   Code   RO         2068    i.HAL_DAC_ConfigChannel  stm32f1xx_hal_dac.o
    0x08003676   0x08003676   0x00000012   Code   RO         2076    i.HAL_DAC_GetValue  stm32f1xx_hal_dac.o
    0x08003688   0x08003688   0x00000028   Code   RO         2078    i.HAL_DAC_Init      stm32f1xx_hal_dac.o
    0x080036b0   0x080036b0   0x00000090   Code   RO          294    i.HAL_DAC_MspInit   dac.o
    0x08003740   0x08003740   0x00000022   Code   RO         2081    i.HAL_DAC_SetValue  stm32f1xx_hal_dac.o
    0x08003762   0x08003762   0x00000062   Code   RO         2082    i.HAL_DAC_Start     stm32f1xx_hal_dac.o
    0x080037c4   0x080037c4   0x00000046   Code   RO         1469    i.HAL_DMA_Abort     stm32f1xx_hal_dma.o
    0x0800380a   0x0800380a   0x00000002   PAD
    0x0800380c   0x0800380c   0x00000130   Code   RO         1470    i.HAL_DMA_Abort_IT  stm32f1xx_hal_dma.o
    0x0800393c   0x0800393c   0x00000248   Code   RO         1474    i.HAL_DMA_IRQHandler  stm32f1xx_hal_dma.o
    0x08003b84   0x08003b84   0x0000007c   Code   RO         1475    i.HAL_DMA_Init      stm32f1xx_hal_dma.o
    0x08003c00   0x08003c00   0x00000070   Code   RO         1479    i.HAL_DMA_Start_IT  stm32f1xx_hal_dma.o
    0x08003c70   0x08003c70   0x00000080   Code   RO          360    i.HAL_FSMC_MspInit  fsmc.o
    0x08003cf0   0x08003cf0   0x000001f8   Code   RO         1405    i.HAL_GPIO_Init     stm32f1xx_hal_gpio.o
    0x08003ee8   0x08003ee8   0x0000000a   Code   RO         1407    i.HAL_GPIO_ReadPin  stm32f1xx_hal_gpio.o
    0x08003ef2   0x08003ef2   0x00000010   Code   RO         1408    i.HAL_GPIO_TogglePin  stm32f1xx_hal_gpio.o
    0x08003f02   0x08003f02   0x0000000a   Code   RO         1409    i.HAL_GPIO_WritePin  stm32f1xx_hal_gpio.o
    0x08003f0c   0x08003f0c   0x0000000c   Code   RO         1099    i.HAL_GetTick       stm32f1xx_hal.o
    0x08003f18   0x08003f18   0x00000010   Code   RO         1105    i.HAL_IncTick       stm32f1xx_hal.o
    0x08003f28   0x08003f28   0x00000024   Code   RO         1106    i.HAL_Init          stm32f1xx_hal.o
    0x08003f4c   0x08003f4c   0x00000040   Code   RO         1107    i.HAL_InitTick      stm32f1xx_hal.o
    0x08003f8c   0x08003f8c   0x0000002c   Code   RO          752    i.HAL_MspInit       stm32f1xx_hal_msp.o
    0x08003fb8   0x08003fb8   0x0000001a   Code   RO         1565    i.HAL_NVIC_EnableIRQ  stm32f1xx_hal_cortex.o
    0x08003fd2   0x08003fd2   0x00000002   PAD
    0x08003fd4   0x08003fd4   0x00000040   Code   RO         1571    i.HAL_NVIC_SetPriority  stm32f1xx_hal_cortex.o
    0x08004014   0x08004014   0x00000024   Code   RO         1572    i.HAL_NVIC_SetPriorityGrouping  stm32f1xx_hal_cortex.o
    0x08004038   0x08004038   0x000000b8   Code   RO         1366    i.HAL_RCCEx_GetPeriphCLKFreq  stm32f1xx_hal_rcc_ex.o
    0x080040f0   0x080040f0   0x000000ec   Code   RO         1367    i.HAL_RCCEx_PeriphCLKConfig  stm32f1xx_hal_rcc_ex.o
    0x080041dc   0x080041dc   0x0000012c   Code   RO         1263    i.HAL_RCC_ClockConfig  stm32f1xx_hal_rcc.o
    0x08004308   0x08004308   0x00000020   Code   RO         1270    i.HAL_RCC_GetPCLK1Freq  stm32f1xx_hal_rcc.o
    0x08004328   0x08004328   0x00000020   Code   RO         1271    i.HAL_RCC_GetPCLK2Freq  stm32f1xx_hal_rcc.o
    0x08004348   0x08004348   0x0000004c   Code   RO         1272    i.HAL_RCC_GetSysClockFreq  stm32f1xx_hal_rcc.o
    0x08004394   0x08004394   0x00000320   Code   RO         1275    i.HAL_RCC_OscConfig  stm32f1xx_hal_rcc.o
    0x080046b4   0x080046b4   0x00000064   Code   RO         2435    i.HAL_SRAM_Init     stm32f1xx_hal_sram.o
    0x08004718   0x08004718   0x00000004   Code   RO          362    i.HAL_SRAM_MspInit  fsmc.o
    0x0800471c   0x0800471c   0x00000028   Code   RO         1576    i.HAL_SYSTICK_Config  stm32f1xx_hal_cortex.o
    0x08004744   0x08004744   0x00000002   Code   RO         3272    i.HAL_TIMEx_BreakCallback  stm32f1xx_hal_tim_ex.o
    0x08004746   0x08004746   0x00000002   Code   RO         3273    i.HAL_TIMEx_CommutCallback  stm32f1xx_hal_tim_ex.o
    0x08004748   0x08004748   0x0000007c   Code   RO         3291    i.HAL_TIMEx_MasterConfigSynchronization  stm32f1xx_hal_tim_ex.o
    0x080047c4   0x080047c4   0x0000005a   Code   RO         2568    i.HAL_TIM_Base_Init  stm32f1xx_hal_tim.o
    0x0800481e   0x0800481e   0x00000002   PAD
    0x08004820   0x08004820   0x00000070   Code   RO          409    i.HAL_TIM_Base_MspInit  tim.o
    0x08004890   0x08004890   0x00000064   Code   RO         2571    i.HAL_TIM_Base_Start  stm32f1xx_hal_tim.o
    0x080048f4   0x080048f4   0x0000006c   Code   RO         2573    i.HAL_TIM_Base_Start_IT  stm32f1xx_hal_tim.o
    0x08004960   0x08004960   0x00000026   Code   RO         2574    i.HAL_TIM_Base_Stop  stm32f1xx_hal_tim.o
    0x08004986   0x08004986   0x000000dc   Code   RO         2577    i.HAL_TIM_ConfigClockSource  stm32f1xx_hal_tim.o
    0x08004a62   0x08004a62   0x00000002   Code   RO         2602    i.HAL_TIM_IC_CaptureCallback  stm32f1xx_hal_tim.o
    0x08004a64   0x08004a64   0x00000166   Code   RO         2616    i.HAL_TIM_IRQHandler  stm32f1xx_hal_tim.o
    0x08004bca   0x08004bca   0x00000002   Code   RO         2619    i.HAL_TIM_OC_DelayElapsedCallback  stm32f1xx_hal_tim.o
    0x08004bcc   0x08004bcc   0x00000002   Code   RO         2646    i.HAL_TIM_PWM_PulseFinishedCallback  stm32f1xx_hal_tim.o
    0x08004bce   0x08004bce   0x00000002   PAD
    0x08004bd0   0x08004bd0   0x000000e4   Code   RO          533    i.HAL_TIM_PeriodElapsedCallback  stm32f1xx_it.o
    0x08004cb4   0x08004cb4   0x00000002   Code   RO         2659    i.HAL_TIM_TriggerCallback  stm32f1xx_hal_tim.o
    0x08004cb6   0x08004cb6   0x00000002   Code   RO         3551    i.HAL_UARTEx_RxEventCallback  stm32f1xx_hal_uart.o
    0x08004cb8   0x08004cb8   0x00000070   Code   RO         3563    i.HAL_UART_DMAStop  stm32f1xx_hal_uart.o
    0x08004d28   0x08004d28   0x00000002   Code   RO         3565    i.HAL_UART_ErrorCallback  stm32f1xx_hal_uart.o
    0x08004d2a   0x08004d2a   0x00000002   PAD
    0x08004d2c   0x08004d2c   0x0000026c   Code   RO         3568    i.HAL_UART_IRQHandler  stm32f1xx_hal_uart.o
    0x08004f98   0x08004f98   0x00000064   Code   RO         3569    i.HAL_UART_Init     stm32f1xx_hal_uart.o
    0x08004ffc   0x08004ffc   0x000000b0   Code   RO          463    i.HAL_UART_MspInit  usart.o
    0x080050ac   0x080050ac   0x0000001c   Code   RO         3573    i.HAL_UART_Receive_DMA  stm32f1xx_hal_uart.o
    0x080050c8   0x080050c8   0x00000002   Code   RO         3575    i.HAL_UART_RxCpltCallback  stm32f1xx_hal_uart.o
    0x080050ca   0x080050ca   0x00000002   Code   RO         3576    i.HAL_UART_RxHalfCpltCallback  stm32f1xx_hal_uart.o
    0x080050cc   0x080050cc   0x0000009a   Code   RO         3577    i.HAL_UART_Transmit  stm32f1xx_hal_uart.o
    0x08005166   0x08005166   0x00000002   Code   RO         3580    i.HAL_UART_TxCpltCallback  stm32f1xx_hal_uart.o
    0x08005168   0x08005168   0x00000002   Code   RO          534    i.HardFault_Handler  stm32f1xx_it.o
    0x0800516a   0x0800516a   0x00000002   PAD
    0x0800516c   0x0800516c   0x00000040   Code   RO         4163    i.IIC_Ack           myiic.o
    0x080051ac   0x080051ac   0x00000048   Code   RO         4164    i.IIC_Init          myiic.o
    0x080051f4   0x080051f4   0x00000040   Code   RO         4165    i.IIC_NAck          myiic.o
    0x08005234   0x08005234   0x0000006c   Code   RO         4166    i.IIC_Read_Byte     myiic.o
    0x080052a0   0x080052a0   0x00000060   Code   RO         4167    i.IIC_Send_Byte     myiic.o
    0x08005300   0x08005300   0x00000040   Code   RO         4168    i.IIC_Start         myiic.o
    0x08005340   0x08005340   0x00000044   Code   RO         4169    i.IIC_Stop          myiic.o
    0x08005384   0x08005384   0x00000058   Code   RO         4170    i.IIC_Wait_Ack      myiic.o
    0x080053dc   0x080053dc   0x0000004a   Code   RO         4806    i.Key_Scan          key.o
    0x08005426   0x08005426   0x0000004c   Code   RO         4807    i.Key_Scan2         key.o
    0x08005472   0x08005472   0x00000002   PAD
    0x08005474   0x08005474   0x00000030   Code   RO         3948    i.LCD_Clear         lcd.o
    0x080054a4   0x080054a4   0x0000009a   Code   RO         3953    i.LCD_DrawLine      lcd.o
    0x0800553e   0x0800553e   0x00000002   PAD
    0x08005540   0x08005540   0x0000001c   Code   RO         3954    i.LCD_DrawPoint     lcd.o
    0x0800555c   0x0800555c   0x000000b0   Code   RO         3956    i.LCD_Draw_Circle   lcd.o
    0x0800560c   0x0800560c   0x000000d0   Code   RO         3957    i.LCD_Fast_DrawPoint  lcd.o
    0x080056dc   0x080056dc   0x00000010   Code   RO         3960    i.LCD_Pow           lcd.o
    0x080056ec   0x080056ec   0x000000f4   Code   RO         3966    i.LCD_SetCursor     lcd.o
    0x080057e0   0x080057e0   0x000000d4   Code   RO         3968    i.LCD_ShowChar      lcd.o
    0x080058b4   0x080058b4   0x00000076   Code   RO         3969    i.LCD_ShowNum       lcd.o
    0x0800592a   0x0800592a   0x00000054   Code   RO         3970    i.LCD_ShowString    lcd.o
    0x0800597e   0x0800597e   0x00000086   Code   RO         3972    i.LCD_ShowxNum      lcd.o
    0x08005a04   0x08005a04   0x00000018   Code   RO         3973    i.LCD_WR_DATA       lcd.o
    0x08005a1c   0x08005a1c   0x00000018   Code   RO         3974    i.LCD_WR_REG        lcd.o
    0x08005a34   0x08005a34   0x00000014   Code   RO         3976    i.LCD_WriteRAM_Prepare  lcd.o
    0x08005a48   0x08005a48   0x0000004c   Code   RO          251    i.MX_ADC1_Init      adc.o
    0x08005a94   0x08005a94   0x0000003c   Code   RO          295    i.MX_DAC_Init       dac.o
    0x08005ad0   0x08005ad0   0x0000005c   Code   RO          336    i.MX_DMA_Init       dma.o
    0x08005b2c   0x08005b2c   0x00000094   Code   RO          363    i.MX_FSMC_Init      fsmc.o
    0x08005bc0   0x08005bc0   0x000000f4   Code   RO          225    i.MX_GPIO_Init      gpio.o
    0x08005cb4   0x08005cb4   0x00000068   Code   RO          410    i.MX_TIM3_Init      tim.o
    0x08005d1c   0x08005d1c   0x00000048   Code   RO          411    i.MX_TIM6_Init      tim.o
    0x08005d64   0x08005d64   0x00000048   Code   RO          412    i.MX_TIM7_Init      tim.o
    0x08005dac   0x08005dac   0x0000004c   Code   RO          464    i.MX_USART1_UART_Init  usart.o
    0x08005df8   0x08005df8   0x00000002   Code   RO          535    i.MemManage_Handler  stm32f1xx_it.o
    0x08005dfa   0x08005dfa   0x00000002   Code   RO          536    i.NMI_Handler       stm32f1xx_it.o
    0x08005dfc   0x08005dfc   0x000000a8   Code   RO         4590    i.OTT2001A_Init     ott2001a.o
    0x08005ea4   0x08005ea4   0x00000060   Code   RO         4591    i.OTT2001A_RD_Reg   ott2001a.o
    0x08005f04   0x08005f04   0x0000016c   Code   RO         4592    i.OTT2001A_Scan     ott2001a.o
    0x08006070   0x08006070   0x0000001e   Code   RO         4593    i.OTT2001A_SensorControl  ott2001a.o
    0x0800608e   0x0800608e   0x00000052   Code   RO         4594    i.OTT2001A_WR_Reg   ott2001a.o
    0x080060e0   0x080060e0   0x00000002   Code   RO          537    i.PendSV_Handler    stm32f1xx_it.o
    0x080060e2   0x080060e2   0x00000002   Code   RO          538    i.SVC_Handler       stm32f1xx_it.o
    0x080060e4   0x080060e4   0x00000020   Code   RO         4683    i.Send_u32          datascope.o
    0x08006104   0x08006104   0x00000004   Code   RO          539    i.SysTick_Handler   stm32f1xx_it.o
    0x08006108   0x08006108   0x0000007a   Code   RO            5    i.SystemClock_Config  main.o
    0x08006182   0x08006182   0x00000002   Code   RO         3910    i.SystemInit        system_stm32f1xx.o
    0x08006184   0x08006184   0x0000000c   Code   RO          540    i.TIM6_IRQHandler   stm32f1xx_it.o
    0x08006190   0x08006190   0x0000008c   Code   RO         2661    i.TIM_Base_SetConfig  stm32f1xx_hal_tim.o
    0x0800621c   0x0800621c   0x00000014   Code   RO         2672    i.TIM_ETR_SetConfig  stm32f1xx_hal_tim.o
    0x08006230   0x08006230   0x00000010   Code   RO         2673    i.TIM_ITRx_SetConfig  stm32f1xx_hal_tim.o
    0x08006240   0x08006240   0x00000022   Code   RO         2679    i.TIM_TI1_ConfigInputStage  stm32f1xx_hal_tim.o
    0x08006262   0x08006262   0x00000024   Code   RO         2681    i.TIM_TI2_ConfigInputStage  stm32f1xx_hal_tim.o
    0x08006286   0x08006286   0x00000002   PAD
    0x08006288   0x08006288   0x00000178   Code   RO         4301    i.TP_Adj_Info_Show  touch.o
    0x08006400   0x08006400   0x00000554   Code   RO         4302    i.TP_Adjust         touch.o
    0x08006954   0x08006954   0x00000070   Code   RO         4304    i.TP_Drow_Touch_Point  touch.o
    0x080069c4   0x080069c4   0x0000003c   Code   RO         4305    i.TP_Get_Adjdata    touch.o
    0x08006a00   0x08006a00   0x0000011c   Code   RO         4306    i.TP_Init           touch.o
    0x08006b1c   0x08006b1c   0x00000088   Code   RO         4307    i.TP_Read_AD        touch.o
    0x08006ba4   0x08006ba4   0x00000064   Code   RO         4308    i.TP_Read_XOY       touch.o
    0x08006c08   0x08006c08   0x00000028   Code   RO         4309    i.TP_Read_XY        touch.o
    0x08006c30   0x08006c30   0x0000007a   Code   RO         4310    i.TP_Read_XY2       touch.o
    0x08006caa   0x08006caa   0x00000002   PAD
    0x08006cac   0x08006cac   0x0000001c   Code   RO         4311    i.TP_Save_Adjdata   touch.o
    0x08006cc8   0x08006cc8   0x000000b4   Code   RO         4312    i.TP_Scan           touch.o
    0x08006d7c   0x08006d7c   0x00000048   Code   RO         4313    i.TP_Write_Byte     touch.o
    0x08006dc4   0x08006dc4   0x00000010   Code   RO         3582    i.UART_DMAAbortOnError  stm32f1xx_hal_uart.o
    0x08006dd4   0x08006dd4   0x0000004a   Code   RO         3583    i.UART_DMAError     stm32f1xx_hal_uart.o
    0x08006e1e   0x08006e1e   0x00000086   Code   RO         3584    i.UART_DMAReceiveCplt  stm32f1xx_hal_uart.o
    0x08006ea4   0x08006ea4   0x0000001e   Code   RO         3586    i.UART_DMARxHalfCplt  stm32f1xx_hal_uart.o
    0x08006ec2   0x08006ec2   0x0000004e   Code   RO         3592    i.UART_EndRxTransfer  stm32f1xx_hal_uart.o
    0x08006f10   0x08006f10   0x0000001c   Code   RO         3593    i.UART_EndTxTransfer  stm32f1xx_hal_uart.o
    0x08006f2c   0x08006f2c   0x000000c2   Code   RO         3594    i.UART_Receive_IT   stm32f1xx_hal_uart.o
    0x08006fee   0x08006fee   0x00000002   PAD
    0x08006ff0   0x08006ff0   0x000000b8   Code   RO         3595    i.UART_SetConfig    stm32f1xx_hal_uart.o
    0x080070a8   0x080070a8   0x00000090   Code   RO         3596    i.UART_Start_Receive_DMA  stm32f1xx_hal_uart.o
    0x08007138   0x08007138   0x00000078   Code   RO         3598    i.UART_WaitOnFlagUntilTimeout  stm32f1xx_hal_uart.o
    0x080071b0   0x080071b0   0x00000090   Code   RO          541    i.USART1_IRQHandler  stm32f1xx_it.o
    0x08007240   0x08007240   0x00000014   Code   RO         4684    i.Uint32_t2Byte     datascope.o
    0x08007254   0x08007254   0x00000002   Code   RO          542    i.UsageFault_Handler  stm32f1xx_it.o
    0x08007256   0x08007256   0x00000002   PAD
    0x08007258   0x08007258   0x00000020   Code   RO        10099    i.__0printf         mc_w.l(printfa.o)
    0x08007278   0x08007278   0x00000020   Code   RO         1578    i.__NVIC_SetPriority  stm32f1xx_hal_cortex.o
    0x08007298   0x08007298   0x0000000e   Code   RO        10249    i.__scatterload_copy  mc_w.l(handlers.o)
    0x080072a6   0x080072a6   0x00000002   Code   RO        10250    i.__scatterload_null  mc_w.l(handlers.o)
    0x080072a8   0x080072a8   0x0000000e   Code   RO        10251    i.__scatterload_zeroinit  mc_w.l(handlers.o)
    0x080072b6   0x080072b6   0x00000002   PAD
    0x080072b8   0x080072b8   0x0000000c   Code   RO        10221    i.__set_errno       mc_w.l(errno.o)
    0x080072c4   0x080072c4   0x00000184   Code   RO        10106    i._fp_digits        mc_w.l(printfa.o)
    0x08007448   0x08007448   0x000006dc   Code   RO        10107    i._printf_core      mc_w.l(printfa.o)
    0x08007b24   0x08007b24   0x00000024   Code   RO        10108    i._printf_post_padding  mc_w.l(printfa.o)
    0x08007b48   0x08007b48   0x0000002e   Code   RO        10109    i._printf_pre_padding  mc_w.l(printfa.o)
    0x08007b76   0x08007b76   0x0000001c   Code   RO         4642    i.delay_ms          delay.o
    0x08007b92   0x08007b92   0x00000002   PAD
    0x08007b94   0x08007b94   0x00000034   Code   RO         4643    i.delay_us          delay.o
    0x08007bc8   0x08007bc8   0x0000006a   Code   RO          543    i.find_max          stm32f1xx_it.o
    0x08007c32   0x08007c32   0x00000002   PAD
    0x08007c34   0x08007c34   0x00000018   Code   RO          467    i.fputc             usart.o
    0x08007c4c   0x08007c4c   0x000000b8   Code   RO            6    i.main              main.o
    0x08007d04   0x08007d04   0x0000004c   Code   RO         9822    i.sqrt              m_ws.l(sqrt.o)
    0x08007d50   0x08007d50   0x00000012   Data   RO         1276    .constdata          stm32f1xx_hal_rcc.o
    0x08007d62   0x08007d62   0x00000012   Data   RO         1368    .constdata          stm32f1xx_hal_rcc_ex.o
    0x08007d74   0x08007d74   0x00000010   Data   RO         3911    .constdata          system_stm32f1xx.o
    0x08007d84   0x08007d84   0x00000008   Data   RO         3912    .constdata          system_stm32f1xx.o
    0x08007d8c   0x08007d8c   0x000017c0   Data   RO         3980    .constdata          lcd.o
    0x0800954c   0x0800954c   0x00000004   Data   RO         4314    .constdata          touch.o
    0x08009550   0x08009550   0x00000014   Data   RO         4492    .constdata          ft5206.o
    0x08009564   0x08009564   0x000000c2   Data   RO         4543    .constdata          gt9147.o
    0x08009626   0x08009626   0x0000000a   Data   RO         4595    .constdata          ott2001a.o
    0x08009630   0x08009630   0x00000079   Data   RO         4315    .conststring        touch.o
    0x080096a9   0x080096a9   0x00000003   PAD
    0x080096ac   0x080096ac   0x00000020   Data   RO        10247    Region$$Table       anon$$obj.o


    Execution Region RW_IRAM1 (Exec base: 0x20000000, Load base: 0x080096cc, Size: 0x00005428, Max: 0x00010000, ABSOLUTE)

    Exec Addr    Load Addr    Size         Type   Attr      Idx    E Section Name        Object

    0x20000000   0x080096cc   0x0000000c   Data   RW            7    .data               main.o
    0x2000000c   0x080096d8   0x00000008   Data   RW          365    .data               fsmc.o
    0x20000014   0x080096e0   0x00000002   Data   RW          470    .data               usart.o
    0x20000016   0x080096e2   0x00000001   Data   RW          471    .data               usart.o
    0x20000017   0x080096e3   0x00000001   PAD
    0x20000018   0x080096e4   0x0000000a   Data   RW          546    .data               stm32f1xx_it.o
    0x20000022   0x080096ee   0x00000002   PAD
    0x20000024   0x080096f0   0x0000000c   Data   RW         1113    .data               stm32f1xx_hal.o
    0x20000030   0x080096fc   0x00000004   Data   RW         3913    .data               system_stm32f1xx.o
    0x20000034   0x08009700   0x00000008   Data   RW         3982    .data               lcd.o
    0x2000003c   0x08009708   0x00000038   Data   RW         4316    .data               touch.o
    0x20000074   0x08009740   0x00000007   Data   RW         4493    .data               ft5206.o
    0x2000007b   0x08009747   0x00000001   Data   RW         4544    .data               gt9147.o
    0x2000007c   0x08009748   0x00000001   Data   RW         4596    .data               ott2001a.o
    0x2000007d   0x08009749   0x00000002   Data   RW         4686    .data               datascope.o
    0x2000007f   0x0800974b   0x00000001   PAD
    0x20000080   0x0800974c   0x00000012   Data   RW         4753    .data               ad9854.o
    0x20000092   0x0800975e   0x00000002   PAD
    0x20000094   0x08009760   0x00000004   Data   RW        10216    .data               mc_w.l(stdout.o)
    0x20000098   0x08009764   0x00000004   Data   RW        10222    .data               mc_w.l(errno.o)
    0x2000009c        -       0x00001000   Zero   RW          252    .bss                adc.o
    0x2000109c        -       0x00000074   Zero   RW          253    .bss                adc.o
    0x20001110        -       0x00000058   Zero   RW          296    .bss                dac.o
    0x20001168        -       0x00000048   Zero   RW          364    .bss                fsmc.o
    0x200011b0        -       0x000000d8   Zero   RW          413    .bss                tim.o
    0x20001288        -       0x000000f0   Zero   RW          468    .bss                usart.o
    0x20001378        -       0x00003000   Zero   RW          544    .bss                stm32f1xx_it.o
    0x20004378        -       0x00000056   Zero   RW         3979    .bss                lcd.o
    0x200043ce   0x08009768   0x00000002   PAD
    0x200043d0        -       0x00000048   Zero   RW         4644    .bss                delay.o
    0x20004418        -       0x0000000c   Zero   RW         4685    .bss                datascope.o
    0x20004424   0x08009768   0x00000004   PAD
    0x20004428        -       0x00001000   Zero   RW         3899    STACK               startup_stm32f103xe.o


==============================================================================

Image component sizes


      Code (inc. data)   RO Data    RW Data    ZI Data      Debug   Object Name

       198          0          0          0          0       3055   24cxx.o
       524         46          0         18          0       3667   ad9854.o
       220         28          0          0       4212       1756   adc.o
      4576       4080          0          0          0        296   cr4_fft_1024_stm32.o
       716        112          0          0          0       4973   ctiic.o
       204         32          0          0         88       1682   dac.o
       156         24          0          2         12       2922   datascope.o
        80          8          0          0         72       1242   delay.o
        92          4          0          0          0        766   dma.o
       280         36          0          8         72       2091   fsmc.o
      1062         64         20          7          0       4181   ft5206.o
       244         16          0          0          0       1019   gpio.o
       918         74        194          1          0       4454   gt9147.o
       150          0          0          0          0       2135   key.o
      1490         68       6080          8         86      12336   lcd.o
       310         30          0         12          0     529232   main.o
       624         76          0          0          0       4422   myiic.o
       740         58         10          1          0       4115   ott2001a.o
        36          8        304          0       4096        784   startup_stm32f103xe.o
       128         24          0         12          0       5753   stm32f1xx_hal.o
      1334         68          0          0          0       9126   stm32f1xx_hal_adc.o
       216          6          0          0          0       1390   stm32f1xx_hal_adc_ex.o
       198         14          0          0          0      28815   stm32f1xx_hal_cortex.o
       268          0          0          0          0       4021   stm32f1xx_hal_dac.o
      1236         52          0          0          0       4966   stm32f1xx_hal_dma.o
       540         42          0          0          0       4028   stm32f1xx_hal_gpio.o
        44          6          0          0          0        790   stm32f1xx_hal_msp.o
      1240         84         18          0          0       4980   stm32f1xx_hal_rcc.o
       420         30         18          0          0       2453   stm32f1xx_hal_rcc_ex.o
       100          0          0          0          0       1168   stm32f1xx_hal_sram.o
      1168         62          0          0          0      10650   stm32f1xx_hal_tim.o
       128         20          0          0          0       2313   stm32f1xx_hal_tim_ex.o
      2026         24          0          0          0      14809   stm32f1xx_hal_uart.o
      1418        290          0         10      12288      11370   stm32f1xx_it.o
       232         14          0          0          0       3771   stm32f1xx_ll_fsmc.o
         2          0         24          4          0       1047   system_stm32f1xx.o
       360         44          0          0        216       2716   tim.o
      2874        224        125         56          0       9667   touch.o
       276         34          0          3        240       2336   usart.o

    ----------------------------------------------------------------------
     26870       5802       6828        148      21388     711297   Object Totals
         0          0         32          0          0          0   (incl. Generated)
        42          0          3          6          6          0   (incl. Padding)

    ----------------------------------------------------------------------

      Code (inc. data)   RO Data    RW Data    ZI Data      Debug   Library Member Name

        76          0          0          0          0         84   sqrt.o
         0          0          0          0          0          0   entry.o
         0          0          0          0          0          0   entry10a.o
         0          0          0          0          0          0   entry11a.o
         8          4          0          0          0          0   entry2.o
         4          0          0          0          0          0   entry5.o
         0          0          0          0          0          0   entry7b.o
         0          0          0          0          0          0   entry8b.o
         8          4          0          0          0          0   entry9a.o
        12          6          0          4          0         68   errno.o
        30          0          0          0          0          0   handlers.o
        36          8          0          0          0         68   init.o
         0          0          0          0          0          0   iusefp.o
        30          0          0          0          0         68   llshl.o
        36          0          0          0          0         68   llsshr.o
        32          0          0          0          0         68   llushr.o
        36          0          0          0          0        108   memseta.o
      2258         90          0          0          0        452   printfa.o
         0          0          0          4          0          0   stdout.o
        28          0          0          0          0         76   strcmp.o
        44          0          0          0          0         80   uidiv.o
        98          0          0          0          0         92   uldiv.o
        48          0          0          0          0         68   cdcmple.o
        48          0          0          0          0         68   cdrcmple.o
        20          0          0          0          0         68   cfcmple.o
        56          0          0          0          0         88   d2f.o
       334          0          0          0          0        148   dadd.o
       222          0          0          0          0        100   ddiv.o
       186          0          0          0          0        176   depilogue.o
        50          0          0          0          0         76   dfixui.o
        48          0          0          0          0         68   dfixul.o
        26          0          0          0          0         76   dfltui.o
       228          0          0          0          0         96   dmul.o
        46          0          0          0          0         80   dscalb.o
       162          0          0          0          0        100   dsqrt.o
        38          0          0          0          0         68   f2d.o
       176          0          0          0          0        140   fadd.o
       124          0          0          0          0         88   fdiv.o
       110          0          0          0          0        168   fepilogue.o
        50          0          0          0          0         68   ffixi.o
        40          0          0          0          0         68   ffixui.o
        18          0          0          0          0         68   fflti.o
        10          0          0          0          0         68   ffltui.o
       100          0          0          0          0         76   fmul.o
        24          0          0          0          0         68   fscalb.o

    ----------------------------------------------------------------------
      4906        112          0          8          0       3324   Library Totals
         6          0          0          0          0          0   (incl. Padding)

    ----------------------------------------------------------------------

      Code (inc. data)   RO Data    RW Data    ZI Data      Debug   Library Name

        76          0          0          0          0         84   m_ws.l
      2660        112          0          8          0       1148   mc_w.l
      2164          0          0          0          0       2092   mf_w.l

    ----------------------------------------------------------------------
      4906        112          0          8          0       3324   Library Totals

    ----------------------------------------------------------------------

==============================================================================


      Code (inc. data)   RO Data    RW Data    ZI Data      Debug   

     31776       5914       6828        156      21388     702709   Grand Totals
     31776       5914       6828        156      21388     702709   ELF Image Totals
     31776       5914       6828        156          0          0   ROM Totals

==============================================================================

    Total RO  Size (Code + RO Data)                38604 (  37.70kB)
    Total RW  Size (RW Data + ZI Data)             21544 (  21.04kB)
    Total ROM Size (Code + RO Data + RW Data)      38760 (  37.85kB)

==============================================================================

