Component: ARM Compiler 5.06 update 6 (build 750) Tool: armlink [4d35ed]

==============================================================================

Section Cross References

    main.o(i.GetPowerMag) refers to fflti.o(.text) for __aeabi_i2f
    main.o(i.GetPowerMag) refers to fscalb.o(.text) for __ARM_scalbnf
    main.o(i.GetPowerMag) refers to fmul.o(.text) for __aeabi_fmul
    main.o(i.GetPowerMag) refers to fadd.o(.text) for __aeabi_fadd
    main.o(i.GetPowerMag) refers to f2d.o(.text) for __aeabi_f2d
    main.o(i.GetPowerMag) refers to sqrt.o(i.sqrt) for sqrt
    main.o(i.GetPowerMag) refers to dscalb.o(.text) for __ARM_scalbn
    main.o(i.GetPowerMag) refers to d2f.o(.text) for __aeabi_d2f
    main.o(i.GetPowerMag) refers to ffixui.o(.text) for __aeabi_f2uiz
    main.o(i.GetPowerMag) refers to printfa.o(i.__0printf) for __2printf
    main.o(i.GetPowerMag) refers to ffltui.o(.text) for __aeabi_ui2f
    main.o(i.GetPowerMag) refers to main.o(.bss) for .bss
    main.o(i.SystemClock_Config) refers to memseta.o(.text) for __aeabi_memclr4
    main.o(i.SystemClock_Config) refers to stm32f1xx_hal_rcc.o(i.HAL_RCC_OscConfig) for HAL_RCC_OscConfig
    main.o(i.SystemClock_Config) refers to stm32f1xx_hal_rcc.o(i.HAL_RCC_ClockConfig) for HAL_RCC_ClockConfig
    main.o(i.SystemClock_Config) refers to stm32f1xx_hal_rcc_ex.o(i.HAL_RCCEx_PeriphCLKConfig) for HAL_RCCEx_PeriphCLKConfig
    main.o(i.main) refers to stm32f1xx_hal.o(i.HAL_Init) for HAL_Init
    main.o(i.main) refers to main.o(i.SystemClock_Config) for SystemClock_Config
    main.o(i.main) refers to gpio.o(i.MX_GPIO_Init) for MX_GPIO_Init
    main.o(i.main) refers to dma.o(i.MX_DMA_Init) for MX_DMA_Init
    main.o(i.main) refers to tim.o(i.MX_TIM6_Init) for MX_TIM6_Init
    main.o(i.main) refers to tim.o(i.MX_TIM7_Init) for MX_TIM7_Init
    main.o(i.main) refers to usart.o(i.MX_USART1_UART_Init) for MX_USART1_UART_Init
    main.o(i.main) refers to fsmc.o(i.MX_FSMC_Init) for MX_FSMC_Init
    main.o(i.main) refers to adc.o(i.MX_ADC1_Init) for MX_ADC1_Init
    main.o(i.main) refers to dac.o(i.MX_DAC_Init) for MX_DAC_Init
    main.o(i.main) refers to stm32f1xx_hal_dac.o(i.HAL_DAC_Start_DMA) for HAL_DAC_Start_DMA
    main.o(i.main) refers to stm32f1xx_hal_adc.o(i.HAL_ADC_Start_DMA) for HAL_ADC_Start_DMA
    main.o(i.main) refers to lcd.o(i.LCD_Init) for LCD_Init
    main.o(i.main) refers to lcd.o(i.LCD_ShowString) for LCD_ShowString
    main.o(i.main) refers to stm32f1xx_hal_gpio.o(i.HAL_GPIO_WritePin) for HAL_GPIO_WritePin
    main.o(i.main) refers to stm32f1xx_hal_tim.o(i.HAL_TIM_Base_Start_IT) for HAL_TIM_Base_Start_IT
    main.o(i.main) refers to printfa.o(i.__0printf) for __2printf
    main.o(i.main) refers to dflti.o(.text) for __aeabi_i2d
    main.o(i.main) refers to dmul.o(.text) for __aeabi_dmul
    main.o(i.main) refers to sin.o(i.sin) for sin
    main.o(i.main) refers to dscalb.o(.text) for __ARM_scalbn
    main.o(i.main) refers to dadd.o(.text) for __aeabi_dadd
    main.o(i.main) refers to dfixi.o(.text) for __aeabi_d2iz
    main.o(i.main) refers to cr4_fft_256_stm32.o(.text) for cr4_fft_256_stm32
    main.o(i.main) refers to main.o(i.GetPowerMag) for GetPowerMag
    main.o(i.main) refers to delay.o(i.delay_ms) for delay_ms
    main.o(i.main) refers to dac.o(.data) for Sine12bit
    main.o(i.main) refers to dac.o(.bss) for hdac
    main.o(i.main) refers to adc.o(.data) for ADC_ConvertedValue
    main.o(i.main) refers to adc.o(.bss) for hadc1
    main.o(i.main) refers to touch.o(.data) for tp_dev
    main.o(i.main) refers to lcd.o(.data) for POINT_COLOR
    main.o(i.main) refers to tim.o(.bss) for htim6
    main.o(i.main) refers to main.o(.bss) for .bss
    gpio.o(i.MX_GPIO_Init) refers to stm32f1xx_hal_gpio.o(i.HAL_GPIO_WritePin) for HAL_GPIO_WritePin
    gpio.o(i.MX_GPIO_Init) refers to stm32f1xx_hal_gpio.o(i.HAL_GPIO_Init) for HAL_GPIO_Init
    gpio.o(i.MX_GPIO_Init) refers to stm32f1xx_hal_cortex.o(i.HAL_NVIC_SetPriority) for HAL_NVIC_SetPriority
    gpio.o(i.MX_GPIO_Init) refers to stm32f1xx_hal_cortex.o(i.HAL_NVIC_EnableIRQ) for HAL_NVIC_EnableIRQ
    adc.o(i.HAL_ADC_MspDeInit) refers to stm32f1xx_hal_gpio.o(i.HAL_GPIO_DeInit) for HAL_GPIO_DeInit
    adc.o(i.HAL_ADC_MspDeInit) refers to stm32f1xx_hal_dma.o(i.HAL_DMA_DeInit) for HAL_DMA_DeInit
    adc.o(i.HAL_ADC_MspInit) refers to stm32f1xx_hal_gpio.o(i.HAL_GPIO_Init) for HAL_GPIO_Init
    adc.o(i.HAL_ADC_MspInit) refers to stm32f1xx_hal_dma.o(i.HAL_DMA_Init) for HAL_DMA_Init
    adc.o(i.HAL_ADC_MspInit) refers to main.o(i.Error_Handler) for Error_Handler
    adc.o(i.HAL_ADC_MspInit) refers to adc.o(.bss) for .bss
    adc.o(i.MX_ADC1_Init) refers to stm32f1xx_hal_adc.o(i.HAL_ADC_Init) for HAL_ADC_Init
    adc.o(i.MX_ADC1_Init) refers to main.o(i.Error_Handler) for Error_Handler
    adc.o(i.MX_ADC1_Init) refers to stm32f1xx_hal_adc.o(i.HAL_ADC_ConfigChannel) for HAL_ADC_ConfigChannel
[...]
    i.__kernel_sin                           0x08008e24   Section        0  sin_i.o(i.__kernel_sin)
    i.__mathlib_dbl_infnan                   0x08008f10   Section        0  dunder.o(i.__mathlib_dbl_infnan)
    i.__mathlib_dbl_invalid                  0x08008f16   Section        0  dunder.o(i.__mathlib_dbl_invalid)
    i.__mathlib_dbl_underflow                0x08008f24   Section        0  dunder.o(i.__mathlib_dbl_underflow)
    i.__scatterload_copy                     0x08008f34   Section       14  handlers.o(i.__scatterload_copy)
    i.__scatterload_null                     0x08008f42   Section        2  handlers.o(i.__scatterload_null)
    i.__scatterload_zeroinit                 0x08008f44   Section       14  handlers.o(i.__scatterload_zeroinit)
    i.__set_errno                            0x08008f54   Section        0  errno.o(i.__set_errno)
    i._fp_digits                             0x08008f60   Section        0  printfa.o(i._fp_digits)
    _fp_digits                               0x08008f61   Thumb Code   366  printfa.o(i._fp_digits)
    i._printf_core                           0x080090e4   Section        0  printfa.o(i._printf_core)
    _printf_core                             0x080090e5   Thumb Code  1744  printfa.o(i._printf_core)
    i._printf_post_padding                   0x080097c0   Section        0  printfa.o(i._printf_post_padding)
    _printf_post_padding                     0x080097c1   Thumb Code    36  printfa.o(i._printf_post_padding)
    i._printf_pre_padding                    0x080097e4   Section        0  printfa.o(i._printf_pre_padding)
    _printf_pre_padding                      0x080097e5   Thumb Code    46  printfa.o(i._printf_pre_padding)
    i.delay_ms                               0x08009812   Section        0  delay.o(i.delay_ms)
    i.delay_us                               0x08009830   Section        0  delay.o(i.delay_us)
    i.fputc                                  0x08009864   Section        0  usart.o(i.fputc)
    i.main                                   0x0800987c   Section        0  main.o(i.main)
    i.sin                                    0x08009aa4   Section        0  sin.o(i.sin)
    i.sqrt                                   0x08009b44   Section        0  sqrt.o(i.sqrt)
    .constdata                               0x08009b90   Section       18  stm32f1xx_hal_rcc.o(.constdata)
    aPredivFactorTable                       0x08009b90   Data           2  stm32f1xx_hal_rcc.o(.constdata)
    aPLLMULFactorTable                       0x08009b92   Data          16  stm32f1xx_hal_rcc.o(.constdata)
    .constdata                               0x08009ba2   Section       18  stm32f1xx_hal_rcc_ex.o(.constdata)
    aPredivFactorTable                       0x08009ba2   Data           2  stm32f1xx_hal_rcc_ex.o(.constdata)
    aPLLMULFactorTable                       0x08009ba4   Data          16  stm32f1xx_hal_rcc_ex.o(.constdata)
    .constdata                               0x08009bb4   Section       16  system_stm32f1xx.o(.constdata)
    .constdata                               0x08009bc4   Section        8  system_stm32f1xx.o(.constdata)
    .constdata                               0x08009bcc   Section     6080  lcd.o(.constdata)
    .constdata                               0x0800b38c   Section        4  touch.o(.constdata)
    .constdata                               0x0800b390   Section       20  ft5206.o(.constdata)
    .constdata                               0x0800b3a4   Section      194  gt9147.o(.constdata)
    .constdata                               0x0800b466   Section       10  ott2001a.o(.constdata)
    .constdata                               0x0800b470   Section       48  cos_i.o(.constdata)
    C                                        0x0800b470   Data          48  cos_i.o(.constdata)
    .constdata                               0x0800b4a0   Section      200  rred.o(.constdata)
    pio2s                                    0x0800b4a0   Data          48  rred.o(.constdata)
    twooverpi                                0x0800b4d0   Data         152  rred.o(.constdata)
    .constdata                               0x0800b568   Section       40  sin_i.o(.constdata)
    S                                        0x0800b568   Data          40  sin_i.o(.constdata)
    .conststring                             0x0800b590   Section      121  touch.o(.conststring)
    .data                                    0x20000000   Section        4  adc.o(.data)
    .data                                    0x20000004   Section       64  dac.o(.data)
    .data                                    0x20000044   Section        8  fsmc.o(.data)
    FSMC_Initialized                         0x20000044   Data           4  fsmc.o(.data)
    FSMC_DeInitialized                       0x20000048   Data           4  fsmc.o(.data)
    .data                                    0x2000004c   Section        2  usart.o(.data)
    .data                                    0x2000004e   Section        1  usart.o(.data)
    .data                                    0x20000050   Section       20  stm32f1xx_it.o(.data)
    .data                                    0x20000064   Section       12  stm32f1xx_hal.o(.data)
    .data                                    0x20000070   Section        4  system_stm32f1xx.o(.data)
    .data                                    0x20000074   Section        8  lcd.o(.data)
    .data                                    0x2000007c   Section       56  touch.o(.data)
    .data                                    0x200000b4   Section        7  ft5206.o(.data)
    t                                        0x200000b5   Data           1  ft5206.o(.data)
    .data                                    0x200000bb   Section        1  gt9147.o(.data)
    t                                        0x200000bb   Data           1  gt9147.o(.data)
    .data                                    0x200000bc   Section        1  ott2001a.o(.data)
    t                                        0x200000bc   Data           1  ott2001a.o(.data)
    .data                                    0x200000c0   Section        4  stdout.o(.data)
    .data                                    0x200000c4   Section        4  errno.o(.data)
    _errno                                   0x200000c4   Data           4  errno.o(.data)
    .bss                                     0x200000c8   Section     4096  main.o(.bss)
    .bss                                     0x200010c8   Section      116  adc.o(.bss)
    .bss                                     0x2000113c   Section       88  dac.o(.bss)
    .bss                                     0x20001194   Section       72  fsmc.o(.bss)
    .bss                                     0x200011dc   Section      144  tim.o(.bss)
    .bss                                     0x2000126c   Section      240  usart.o(.bss)
    .bss                                     0x2000135c   Section       72  delay.o(.bss)
    .bss                                     0x200013a4   Section       86  lcd.o(.bss)
    STACK                                    0x20001400   Section     4096  startup_stm32f103xe.o(STACK)

    Global Symbols

    Symbol Name                              Value     Ov Type        Size  Object(Section)

    BuildAttributes$$THM_ISAv4$P$D$K$B$S$PE$A:L22UL41UL21$X:L11$S22US41US21$IEEE1$IW$USESV6$~STKCKD$USESV7$~SHL$OTIME$ROPI$IEEEX$EBA8$MICROLIB$REQ8$PRES8$EABIv2 0x00000000   Number         0  anon$$obj.o ABSOLUTE
    __ARM_use_no_argv                        0x00000000   Number         0  main.o ABSOLUTE
    _printf_a                                0x00000000   Number         0  stubs.o ABSOLUTE
    _printf_c                                0x00000000   Number         0  stubs.o ABSOLUTE
    _printf_charcount                        0x00000000   Number         0  stubs.o ABSOLUTE
    _printf_d                                0x00000000   Number         0  stubs.o ABSOLUTE
    _printf_e                                0x00000000   Number         0  stubs.o ABSOLUTE
    _printf_f                                0x00000000   Number         0  stubs.o ABSOLUTE
    _printf_flags                            0x00000000   Number         0  stubs.o ABSOLUTE
    _printf_fp_dec                           0x00000000   Number         0  stubs.o ABSOLUTE
    _printf_fp_hex                           0x00000000   Number         0  stubs.o ABSOLUTE
    _printf_g                                0x00000000   Number         0  stubs.o ABSOLUTE
    _printf_i                                0x00000000   Number         0  stubs.o ABSOLUTE
    _printf_int_dec                          0x00000000   Number         0  stubs.o ABSOLUTE
    _printf_l                                0x00000000   Number         0  stubs.o ABSOLUTE
    _printf_lc                               0x00000000   Number         0  stubs.o ABSOLUTE
    _printf_ll                               0x00000000   Number         0  stubs.o ABSOLUTE
    _printf_lld                              0x00000000   Number         0  stubs.o ABSOLUTE
    _printf_lli                              0x00000000   Number         0  stubs.o ABSOLUTE
    _printf_llo                              0x00000000   Number         0  stubs.o ABSOLUTE
    _printf_llu                              0x00000000   Number         0  stubs.o ABSOLUTE
    _printf_llx                              0x00000000   Number         0  stubs.o ABSOLUTE
    _printf_longlong_dec                     0x00000000   Number         0  stubs.o ABSOLUTE
    _printf_longlong_hex                     0x00000000   Number         0  stubs.o ABSOLUTE
    _printf_longlong_oct                     0x00000000   Number         0  stubs.o ABSOLUTE
    _printf_ls                               0x00000000   Number         0  stubs.o ABSOLUTE
    _printf_mbtowc                           0x00000000   Number         0  stubs.o ABSOLUTE
    _printf_n                                0x00000000   Number         0  stubs.o ABSOLUTE
    _printf_o                                0x00000000   Number         0  stubs.o ABSOLUTE
    _printf_p                                0x00000000   Number         0  stubs.o ABSOLUTE
    _printf_percent                          0x00000000   Number         0  stubs.o ABSOLUTE
    _printf_pre_padding                      0x00000000   Number         0  stubs.o ABSOLUTE
    _printf_return_value                     0x00000000   Number         0  stubs.o ABSOLUTE
    _printf_s                                0x00000000   Number         0  stubs.o ABSOLUTE
    _printf_sizespec                         0x00000000   Number         0  stubs.o ABSOLUTE
    _printf_str                              0x00000000   Number         0  stubs.o ABSOLUTE
    _printf_truncate_signed                  0x00000000   Number         0  stubs.o ABSOLUTE
    _printf_truncate_unsigned                0x00000000   Number         0  stubs.o ABSOLUTE
    _printf_u                                0x00000000   Number         0  stubs.o ABSOLUTE
    _printf_wc                               0x00000000   Number         0  stubs.o ABSOLUTE
    _printf_wctomb                           0x00000000   Number         0  stubs.o ABSOLUTE
    _printf_widthprec                        0x00000000   Number         0  stubs.o ABSOLUTE
    _printf_x                                0x00000000   Number         0  stubs.o ABSOLUTE
    __cpp_initialize__aeabi_                  - Undefined Weak Reference
    __cxa_finalize                            - Undefined Weak Reference
    __decompress                              - Undefined Weak Reference
    _clock_init                               - Undefined Weak Reference
    _microlib_exit                            - Undefined Weak Reference
    __Vectors_Size                           0x00000130   Number         0  startup_stm32f103xe.o ABSOLUTE
    __Vectors                                0x08000000   Data           4  startup_stm32f103xe.o(RESET)
    __Vectors_End                            0x08000130   Data           0  startup_stm32f103xe.o(RESET)
    __main                                   0x08000131   Thumb Code     0  entry.o(.ARM.Collect$$$$00000000)
    _main_stk                                0x08000131   Thumb Code     0  entry2.o(.ARM.Collect$$$$00000001)
    _main_scatterload                        0x08000135   Thumb Code     0  entry5.o(.ARM.Collect$$$$00000004)
    __main_after_scatterload                 0x08000139   Thumb Code     0  entry5.o(.ARM.Collect$$$$00000004)
    _main_clock                              0x08000139   Thumb Code     0  entry7b.o(.ARM.Collect$$$$00000008)
    _main_cpp_init                           0x08000139   Thumb Code     0  entry8b.o(.ARM.Collect$$$$0000000A)
    _main_init                               0x08000139   Thumb Code     0  entry9a.o(.ARM.Collect$$$$0000000B)
    __rt_final_cpp                           0x08000141   Thumb Code     0  entry10a.o(.ARM.Collect$$$$0000000D)
    __rt_final_exit                          0x08000141   Thumb Code     0  entry11a.o(.ARM.Collect$$$$0000000F)
    Reset_Handler                            0x08000145   Thumb Code     8  startup_stm32f103xe.o(.text)
    ADC1_2_IRQHandler                        0x0800015f   Thumb Code     0  startup_stm32f103xe.o(.text)
    ADC3_IRQHandler                          0x0800015f   Thumb Code     0  startup_stm32f103xe.o(.text)
    CAN1_RX1_IRQHandler                      0x0800015f   Thumb Code     0  startup_stm32f103xe.o(.text)
    CAN1_SCE_IRQHandler                      0x0800015f   Thumb Code     0  startup_stm32f103xe.o(.text)
    DMA1_Channel2_IRQHandler                 0x0800015f   Thumb Code     0  startup_stm32f103xe.o(.text)
    DMA1_Channel3_IRQHandler                 0x0800015f   Thumb Code     0  startup_stm32f103xe.o(.text)
    DMA1_Channel4_IRQHandler                 0x0800015f   Thumb Code     0  startup_stm32f103xe.o(.text)
    DMA1_Channel6_IRQHandler                 0x0800015f   Thumb Code     0  startup_stm32f103xe.o(.text)
    DMA1_Channel7_IRQHandler                 0x0800015f   Thumb Code     0  startup_stm32f103xe.o(.text)
    DMA2_Channel1_IRQHandler                 0x0800015f   Thumb Code     0  startup_stm32f103xe.o(.text)
    DMA2_Channel2_IRQHandler                 0x0800015f   Thumb Code     0  startup_stm32f103xe.o(.text)
    DMA2_Channel4_5_IRQHandler               0x0800015f   Thumb Code     0  startup_stm32f103xe.o(.text)
    EXTI15_10_IRQHandler                     0x0800015f   Thumb Code     0  startup_stm32f103xe.o(.text)
    EXTI1_IRQHandler                         0x0800015f   Thumb Code     0  startup_stm32f103xe.o(.text)
    EXTI2_IRQHandler                         0x0800015f   Thumb Code     0  startup_stm32f103xe.o(.text)
    EXTI9_5_IRQHandler                       0x0800015f   Thumb Code     0  startup_stm32f103xe.o(.text)
    FLASH_IRQHandler                         0x0800015f   Thumb Code     0  startup_stm32f103xe.o(.text)
    FSMC_IRQHandler                          0x0800015f   Thumb Code     0  startup_stm32f103xe.o(.text)
    I2C1_ER_IRQHandler                       0x0800015f   Thumb Code     0  startup_stm32f103xe.o(.text)
    I2C1_EV_IRQHandler                       0x0800015f   Thumb Code     0  startup_stm32f103xe.o(.text)
    I2C2_ER_IRQHandler                       0x0800015f   Thumb Code     0  startup_stm32f103xe.o(.text)
    I2C2_EV_IRQHandler                       0x0800015f   Thumb Code     0  startup_stm32f103xe.o(.text)
    PVD_IRQHandler                           0x0800015f   Thumb Code     0  startup_stm32f103xe.o(.text)
    RCC_IRQHandler                           0x0800015f   Thumb Code     0  startup_stm32f103xe.o(.text)
    RTC_Alarm_IRQHandler                     0x0800015f   Thumb Code     0  startup_stm32f103xe.o(.text)
    RTC_IRQHandler                           0x0800015f   Thumb Code     0  startup_stm32f103xe.o(.text)
    SDIO_IRQHandler                          0x0800015f   Thumb Code     0  startup_stm32f103xe.o(.text)
    SPI1_IRQHandler                          0x0800015f   Thumb Code     0  startup_stm32f103xe.o(.text)
    SPI2_IRQHandler                          0x0800015f   Thumb Code     0  startup_stm32f103xe.o(.text)
    SPI3_IRQHandler                          0x0800015f   Thumb Code     0  startup_stm32f103xe.o(.text)
    TAMPER_IRQHandler                        0x0800015f   Thumb Code     0  startup_stm32f103xe.o(.text)
    TIM1_BRK_IRQHandler                      0x0800015f   Thumb Code     0  startup_stm32f103xe.o(.text)
    TIM1_CC_IRQHandler                       0x0800015f   Thumb Code     0  startup_stm32f103xe.o(.text)
    TIM1_TRG_COM_IRQHandler                  0x0800015f   Thumb Code     0  startup_stm32f103xe.o(.text)
    TIM1_UP_IRQHandler                       0x0800015f   Thumb Code     0  startup_stm32f103xe.o(.text)
    TIM2_IRQHandler                          0x0800015f   Thumb Code     0  startup_stm32f103xe.o(.text)
    TIM3_IRQHandler                          0x0800015f   Thumb Code     0  startup_stm32f103xe.o(.text)
    TIM4_IRQHandler                          0x0800015f   Thumb Code     0  startup_stm32f103xe.o(.text)
    TIM5_IRQHandler                          0x0800015f   Thumb Code     0  startup_stm32f103xe.o(.text)
    TIM7_IRQHandler                          0x0800015f   Thumb Code     0  startup_stm32f103xe.o(.text)
    TIM8_BRK_IRQHandler                      0x0800015f   Thumb Code     0  startup_stm32f103xe.o(.text)
    TIM8_CC_IRQHandler                       0x0800015f   Thumb Code     0  startup_stm32f103xe.o(.text)
    TIM8_TRG_COM_IRQHandler                  0x0800015f   Thumb Code     0  startup_stm32f103xe.o(.text)
    TIM8_UP_IRQHandler                       0x0800015f   Thumb Code     0  startup_stm32f103xe.o(.text)
    UART4_IRQHandler                         0x0800015f   Thumb Code     0  startup_stm32f103xe.o(.text)
    UART5_IRQHandler                         0x0800015f   Thumb Code     0  startup_stm32f103xe.o(.text)
    USART2_IRQHandler                        0x0800015f   Thumb Code     0  startup_stm32f103xe.o(.text)
    USART3_IRQHandler                        0x0800015f   Thumb Code     0  startup_stm32f103xe.o(.text)
    USBWakeUp_IRQHandler                     0x0800015f   Thumb Code     0  startup_stm32f103xe.o(.text)
    USB_HP_CAN1_TX_IRQHandler                0x0800015f   Thumb Code     0  startup_stm32f103xe.o(.text)
    USB_LP_CAN1_RX0_IRQHandler               0x0800015f   Thumb Code     0  startup_stm32f103xe.o(.text)
    WWDG_IRQHandler                          0x0800015f   Thumb Code     0  startup_stm32f103xe.o(.text)
    cr4_fft_256_stm32                        0x08000169   Thumb Code     0  cr4_fft_256_stm32.o(.text)
    __aeabi_uldivmod                         0x08000747   Thumb Code    98  uldiv.o(.text)
    __aeabi_llsl                             0x080007a9   Thumb Code    30  llshl.o(.text)
    _ll_shift_l                              0x080007a9   Thumb Code     0  llshl.o(.text)
    __aeabi_llsr                             0x080007c7   Thumb Code    32  llushr.o(.text)
    _ll_ushift_r                             0x080007c7   Thumb Code     0  llushr.o(.text)
    __aeabi_lasr                             0x080007e7   Thumb Code    36  llsshr.o(.text)
    _ll_sshift_r                             0x080007e7   Thumb Code     0  llsshr.o(.text)
    __aeabi_memset                           0x0800080b   Thumb Code    14  memseta.o(.text)
    __aeabi_memset4                          0x0800080b   Thumb Code     0  memseta.o(.text)
    __aeabi_memset8                          0x0800080b   Thumb Code     0  memseta.o(.text)
    __aeabi_memclr                           0x08000819   Thumb Code     4  memseta.o(.text)
    __aeabi_memclr4                          0x08000819   Thumb Code     0  memseta.o(.text)
    __aeabi_memclr8                          0x08000819   Thumb Code     0  memseta.o(.text)
    _memset$wrapper                          0x0800081d   Thumb Code    18  memseta.o(.text)
    strcmp                                   0x0800082f   Thumb Code    28  strcmp.o(.text)
    __aeabi_fadd                             0x0800084b   Thumb Code   164  fadd.o(.text)
    __aeabi_fsub                             0x080008ef   Thumb Code     6  fadd.o(.text)
    __aeabi_frsub                            0x080008f5   Thumb Code     6  fadd.o(.text)
    __aeabi_fmul                             0x080008fb   Thumb Code   100  fmul.o(.text)
    __aeabi_fdiv                             0x0800095f   Thumb Code   124  fdiv.o(.text)
    __ARM_scalbnf                            0x080009db   Thumb Code    24  fscalb.o(.text)
    scalbnf                                  0x080009db   Thumb Code     0  fscalb.o(.text)
    __aeabi_dadd                             0x080009f3   Thumb Code   322  dadd.o(.text)
    __aeabi_dsub                             0x08000b35   Thumb Code     6  dadd.o(.text)
    __aeabi_drsub                            0x08000b3b   Thumb Code     6  dadd.o(.text)
    __aeabi_dmul                             0x08000b41   Thumb Code   228  dmul.o(.text)
    __aeabi_ddiv                             0x08000c25   Thumb Code   222  ddiv.o(.text)
    __ARM_scalbn                             0x08000d03   Thumb Code    46  dscalb.o(.text)
    scalbn                                   0x08000d03   Thumb Code     0  dscalb.o(.text)
    __aeabi_i2f                              0x08000d31   Thumb Code    18  fflti.o(.text)
    __aeabi_ui2f                             0x08000d43   Thumb Code    10  ffltui.o(.text)
    __aeabi_i2d                              0x08000d4d   Thumb Code    34  dflti.o(.text)
    __aeabi_ui2d                             0x08000d6f   Thumb Code    26  dfltui.o(.text)
    __aeabi_f2iz                             0x08000d89   Thumb Code    50  ffixi.o(.text)
    __aeabi_f2uiz                            0x08000dbb   Thumb Code    40  ffixui.o(.text)
    __aeabi_d2iz                             0x08000de3   Thumb Code    62  dfixi.o(.text)
    __aeabi_d2uiz                            0x08000e21   Thumb Code    50  dfixui.o(.text)
    __aeabi_f2d                              0x08000e53   Thumb Code    38  f2d.o(.text)
    __aeabi_cdcmpeq                          0x08000e79   Thumb Code     0  cdcmple.o(.text)
    __aeabi_cdcmple                          0x08000e79   Thumb Code    48  cdcmple.o(.text)
    __aeabi_cdrcmple                         0x08000ea9   Thumb Code    48  cdrcmple.o(.text)
    __aeabi_d2f                              0x08000ed9   Thumb Code    56  d2f.o(.text)
    __aeabi_uidiv                            0x08000f11   Thumb Code     0  uidiv.o(.text)
    __aeabi_uidivmod                         0x08000f11   Thumb Code    44  uidiv.o(.text)
    __I$use$fp                               0x08000f3d   Thumb Code     0  iusefp.o(.text)
    _float_round                             0x08000f3d   Thumb Code    18  fepilogue.o(.text)
    _float_epilogue                          0x08000f4f   Thumb Code    92  fepilogue.o(.text)
    _double_round                            0x08000fab   Thumb Code    30  depilogue.o(.text)
    _double_epilogue                         0x08000fc9   Thumb Code   156  depilogue.o(.text)
    _dsqrt                                   0x08001065   Thumb Code   162  dsqrt.o(.text)
    __aeabi_d2ulz                            0x08001107   Thumb Code    48  dfixul.o(.text)
    __scatterload                            0x08001139   Thumb Code    28  init.o(.text)
    __scatterload_rt2                        0x08001139   Thumb Code     0  init.o(.text)
    ADC_ConversionStop_Disable               0x0800115d   Thumb Code    86  stm32f1xx_hal_adc.o(i.ADC_ConversionStop_Disable)
    ADC_DAC_show                             0x080011b5   Thumb Code   222  stm32f1xx_it.o(i.ADC_DAC_show)
    ADC_DMAConvCplt                          0x080012a9   Thumb Code    78  stm32f1xx_hal_adc.o(i.ADC_DMAConvCplt)
    ADC_DMAError                             0x080012f7   Thumb Code    26  stm32f1xx_hal_adc.o(i.ADC_DMAError)
    ADC_DMAHalfConvCplt                      0x08001311   Thumb Code    10  stm32f1xx_hal_adc.o(i.ADC_DMAHalfConvCplt)
    ADC_Enable                               0x0800131d   Thumb Code   114  stm32f1xx_hal_adc.o(i.ADC_Enable)
    AT24CXX_Init                             0x08001399   Thumb Code     4  24cxx.o(i.AT24CXX_Init)
    AT24CXX_Read                             0x0800139d   Thumb Code    34  24cxx.o(i.AT24CXX_Read)
    AT24CXX_ReadOneByte                      0x080013bf   Thumb Code    66  24cxx.o(i.AT24CXX_ReadOneByte)
    AT24CXX_Write                            0x08001401   Thumb Code    32  24cxx.o(i.AT24CXX_Write)
    AT24CXX_WriteOneByte                     0x08001421   Thumb Code    62  24cxx.o(i.AT24CXX_WriteOneByte)
    BusFault_Handler                         0x0800145f   Thumb Code     2  stm32f1xx_it.o(i.BusFault_Handler)
    CT_IIC_Ack                               0x08001461   Thumb Code    64  ctiic.o(i.CT_IIC_Ack)
    CT_IIC_Init                              0x080014ad   Thumb Code    88  ctiic.o(i.CT_IIC_Init)
    CT_IIC_NAck                              0x08001519   Thumb Code    64  ctiic.o(i.CT_IIC_NAck)
    CT_IIC_Read_Byte                         0x08001565   Thumb Code   106  ctiic.o(i.CT_IIC_Read_Byte)
    CT_IIC_Send_Byte                         0x080015dd   Thumb Code    90  ctiic.o(i.CT_IIC_Send_Byte)
    CT_IIC_Start                             0x08001645   Thumb Code    62  ctiic.o(i.CT_IIC_Start)
    CT_IIC_Stop                              0x08001691   Thumb Code    56  ctiic.o(i.CT_IIC_Stop)
    CT_IIC_Wait_Ack                          0x080016d5   Thumb Code    74  ctiic.o(i.CT_IIC_Wait_Ack)
    DAC_DMAConvCpltCh1                       0x0800172d   Thumb Code    16  stm32f1xx_hal_dac.o(i.DAC_DMAConvCpltCh1)
    DAC_DMAConvCpltCh2                       0x0800173d   Thumb Code    16  stm32f1xx_hal_dac_ex.o(i.DAC_DMAConvCpltCh2)
    DAC_DMAErrorCh1                          0x0800174d   Thumb Code    24  stm32f1xx_hal_dac.o(i.DAC_DMAErrorCh1)
    DAC_DMAErrorCh2                          0x08001765   Thumb Code    24  stm32f1xx_hal_dac_ex.o(i.DAC_DMAErrorCh2)
    DAC_DMAHalfConvCpltCh1                   0x0800177d   Thumb Code    10  stm32f1xx_hal_dac.o(i.DAC_DMAHalfConvCpltCh1)
    DAC_DMAHalfConvCpltCh2                   0x08001787   Thumb Code    10  stm32f1xx_hal_dac_ex.o(i.DAC_DMAHalfConvCpltCh2)
    DMA1_Channel1_IRQHandler                 0x08001791   Thumb Code     6  stm32f1xx_it.o(i.DMA1_Channel1_IRQHandler)
    DMA1_Channel5_IRQHandler                 0x0800179d   Thumb Code     6  stm32f1xx_it.o(i.DMA1_Channel5_IRQHandler)
    DMA2_Channel3_IRQHandler                 0x080017a9   Thumb Code     6  stm32f1xx_it.o(i.DMA2_Channel3_IRQHandler)
    DebugMon_Handler                         0x080017df   Thumb Code     2  stm32f1xx_it.o(i.DebugMon_Handler)
    EXTI0_IRQHandler                         0x080017e1   Thumb Code     6  stm32f1xx_it.o(i.EXTI0_IRQHandler)
    EXTI3_IRQHandler                         0x080017e7   Thumb Code     6  stm32f1xx_it.o(i.EXTI3_IRQHandler)
    EXTI4_IRQHandler                         0x080017ed   Thumb Code     6  stm32f1xx_it.o(i.EXTI4_IRQHandler)
    Error_Handler                            0x080017f3   Thumb Code     4  main.o(i.Error_Handler)
    FSMC_NORSRAM_Extended_Timing_Init        0x080017f9   Thumb Code    56  stm32f1xx_ll_fsmc.o(i.FSMC_NORSRAM_Extended_Timing_Init)
    FSMC_NORSRAM_Init                        0x08001835   Thumb Code    98  stm32f1xx_ll_fsmc.o(i.FSMC_NORSRAM_Init)
    FSMC_NORSRAM_Timing_Init                 0x0800189d   Thumb Code    64  stm32f1xx_ll_fsmc.o(i.FSMC_NORSRAM_Timing_Init)
    FT5206_Init                              0x080018e1   Thumb Code   274  ft5206.o(i.FT5206_Init)
    FT5206_RD_Reg                            0x08001a1d   Thumb Code    86  ft5206.o(i.FT5206_RD_Reg)
    FT5206_Scan                              0x08001a75   Thumb Code   566  ft5206.o(i.FT5206_Scan)
    FT5206_WR_Reg                            0x08001cc1   Thumb Code    72  ft5206.o(i.FT5206_WR_Reg)
    GT9147_Init                              0x08001d09   Thumb Code   228  gt9147.o(i.GT9147_Init)
    GT9147_RD_Reg                            0x08001e21   Thumb Code    96  gt9147.o(i.GT9147_RD_Reg)
    GT9147_Scan                              0x08001e81   Thumb Code   364  gt9147.o(i.GT9147_Scan)
    GT9147_Send_Cfg                          0x08001ffd   Thumb Code    74  gt9147.o(i.GT9147_Send_Cfg)
    GT9147_WR_Reg                            0x0800204d   Thumb Code    82  gt9147.o(i.GT9147_WR_Reg)
    GetPowerMag                              0x080020a1   Thumb Code   232  main.o(i.GetPowerMag)
    HAL_ADCEx_Calibration_Start              0x080021b5   Thumb Code   210  stm32f1xx_hal_adc_ex.o(i.HAL_ADCEx_Calibration_Start)
    HAL_ADC_ConfigChannel                    0x0800228d   Thumb Code   240  stm32f1xx_hal_adc.o(i.HAL_ADC_ConfigChannel)
    HAL_ADC_ConvCpltCallback                 0x08002389   Thumb Code     2  stm32f1xx_hal_adc.o(i.HAL_ADC_ConvCpltCallback)
    HAL_ADC_ConvHalfCpltCallback             0x0800238b   Thumb Code     2  stm32f1xx_hal_adc.o(i.HAL_ADC_ConvHalfCpltCallback)
    HAL_ADC_ErrorCallback                    0x0800238d   Thumb Code     2  stm32f1xx_hal_adc.o(i.HAL_ADC_ErrorCallback)
    HAL_ADC_GetValue                         0x0800238f   Thumb Code     6  stm32f1xx_hal_adc.o(i.HAL_ADC_GetValue)
    HAL_ADC_Init                             0x08002395   Thumb Code   272  stm32f1xx_hal_adc.o(i.HAL_ADC_Init)
    HAL_ADC_MspInit                          0x080024b5   Thumb Code   122  adc.o(i.HAL_ADC_MspInit)
    HAL_ADC_Start_DMA                        0x08002545   Thumb Code   246  stm32f1xx_hal_adc.o(i.HAL_ADC_Start_DMA)
    HAL_DACEx_ConvCpltCallbackCh2            0x08002651   Thumb Code     2  stm32f1xx_hal_dac_ex.o(i.HAL_DACEx_ConvCpltCallbackCh2)
    HAL_DACEx_ConvHalfCpltCallbackCh2        0x08002653   Thumb Code     2  stm32f1xx_hal_dac_ex.o(i.HAL_DACEx_ConvHalfCpltCallbackCh2)
    HAL_DACEx_ErrorCallbackCh2               0x08002655   Thumb Code     2  stm32f1xx_hal_dac_ex.o(i.HAL_DACEx_ErrorCallbackCh2)
    HAL_DAC_ConfigChannel                    0x08002657   Thumb Code    78  stm32f1xx_hal_dac.o(i.HAL_DAC_ConfigChannel)
    HAL_DAC_ConvCpltCallbackCh1              0x080026a5   Thumb Code     2  stm32f1xx_hal_dac.o(i.HAL_DAC_ConvCpltCallbackCh1)
    HAL_DAC_ConvHalfCpltCallbackCh1          0x080026a7   Thumb Code     2  stm32f1xx_hal_dac.o(i.HAL_DAC_ConvHalfCpltCallbackCh1)
    HAL_DAC_ErrorCallbackCh1                 0x080026a9   Thumb Code     2  stm32f1xx_hal_dac.o(i.HAL_DAC_ErrorCallbackCh1)
    HAL_DAC_GetValue                         0x080026ab   Thumb Code    18  stm32f1xx_hal_dac.o(i.HAL_DAC_GetValue)
    HAL_DAC_Init                             0x080026bd   Thumb Code    40  stm32f1xx_hal_dac.o(i.HAL_DAC_Init)
    HAL_DAC_MspInit                          0x080026e5   Thumb Code   122  dac.o(i.HAL_DAC_MspInit)
    HAL_DAC_SetValue                         0x08002775   Thumb Code    34  stm32f1xx_hal_dac.o(i.HAL_DAC_SetValue)
    HAL_DAC_Start_DMA                        0x08002799   Thumb Code   180  stm32f1xx_hal_dac.o(i.HAL_DAC_Start_DMA)
    HAL_DMA_Abort                            0x08002865   Thumb Code    70  stm32f1xx_hal_dma.o(i.HAL_DMA_Abort)
    HAL_DMA_Abort_IT                         0x080028ad   Thumb Code   296  stm32f1xx_hal_dma.o(i.HAL_DMA_Abort_IT)
    HAL_DMA_IRQHandler                       0x080029dd   Thumb Code   552  stm32f1xx_hal_dma.o(i.HAL_DMA_IRQHandler)
    HAL_DMA_Init                             0x08002c25   Thumb Code   112  stm32f1xx_hal_dma.o(i.HAL_DMA_Init)
    HAL_DMA_Start_IT                         0x08002ca1   Thumb Code   112  stm32f1xx_hal_dma.o(i.HAL_DMA_Start_IT)
    HAL_GPIO_EXTI_Callback                   0x08002d91   Thumb Code    72  stm32f1xx_it.o(i.HAL_GPIO_EXTI_Callback)
    HAL_GPIO_EXTI_IRQHandler                 0x08002de1   Thumb Code    18  stm32f1xx_hal_gpio.o(i.HAL_GPIO_EXTI_IRQHandler)
    HAL_GPIO_Init                            0x08002df9   Thumb Code   462  stm32f1xx_hal_gpio.o(i.HAL_GPIO_Init)
    HAL_GPIO_WritePin                        0x08002ff1   Thumb Code    10  stm32f1xx_hal_gpio.o(i.HAL_GPIO_WritePin)
    HAL_GetTick                              0x08002ffd   Thumb Code     6  stm32f1xx_hal.o(i.HAL_GetTick)
    HAL_IncTick                              0x08003009   Thumb Code    12  stm32f1xx_hal.o(i.HAL_IncTick)
    HAL_Init                                 0x08003019   Thumb Code    32  stm32f1xx_hal.o(i.HAL_Init)
    HAL_InitTick                             0x0800303d   Thumb Code    54  stm32f1xx_hal.o(i.HAL_InitTick)
    HAL_MspInit                              0x0800307d   Thumb Code    38  stm32f1xx_hal_msp.o(i.HAL_MspInit)
    HAL_NVIC_EnableIRQ                       0x080030a9   Thumb Code    26  stm32f1xx_hal_cortex.o(i.HAL_NVIC_EnableIRQ)
    HAL_NVIC_SetPriority                     0x080030c5   Thumb Code    60  stm32f1xx_hal_cortex.o(i.HAL_NVIC_SetPriority)
    HAL_NVIC_SetPriorityGrouping             0x08003105   Thumb Code    26  stm32f1xx_hal_cortex.o(i.HAL_NVIC_SetPriorityGrouping)
    HAL_RCCEx_GetPeriphCLKFreq               0x08003129   Thumb Code   166  stm32f1xx_hal_rcc_ex.o(i.HAL_RCCEx_GetPeriphCLKFreq)
    HAL_RCCEx_PeriphCLKConfig                0x080031e1   Thumb Code   224  stm32f1xx_hal_rcc_ex.o(i.HAL_RCCEx_PeriphCLKConfig)
    HAL_RCC_ClockConfig                      0x080032cd   Thumb Code   280  stm32f1xx_hal_rcc.o(i.HAL_RCC_ClockConfig)
    HAL_RCC_GetPCLK1Freq                     0x080033f9   Thumb Code    20  stm32f1xx_hal_rcc.o(i.HAL_RCC_GetPCLK1Freq)
    HAL_RCC_GetPCLK2Freq                     0x08003419   Thumb Code    20  stm32f1xx_hal_rcc.o(i.HAL_RCC_GetPCLK2Freq)
    HAL_RCC_GetSysClockFreq                  0x08003439   Thumb Code    58  stm32f1xx_hal_rcc.o(i.HAL_RCC_GetSysClockFreq)
    HAL_RCC_OscConfig                        0x08003485   Thumb Code   778  stm32f1xx_hal_rcc.o(i.HAL_RCC_OscConfig)
    HAL_SRAM_Init                            0x080037a5   Thumb Code   100  stm32f1xx_hal_sram.o(i.HAL_SRAM_Init)
    HAL_SRAM_MspInit                         0x08003809   Thumb Code     4  fsmc.o(i.HAL_SRAM_MspInit)
    HAL_SYSTICK_Config                       0x0800380d   Thumb Code    40  stm32f1xx_hal_cortex.o(i.HAL_SYSTICK_Config)
    HAL_TIMEx_BreakCallback                  0x08003835   Thumb Code     2  stm32f1xx_hal_tim_ex.o(i.HAL_TIMEx_BreakCallback)
    HAL_TIMEx_CommutCallback                 0x08003837   Thumb Code     2  stm32f1xx_hal_tim_ex.o(i.HAL_TIMEx_CommutCallback)
    HAL_TIMEx_MasterConfigSynchronization    0x08003839   Thumb Code   104  stm32f1xx_hal_tim_ex.o(i.HAL_TIMEx_MasterConfigSynchronization)
    HAL_TIM_Base_Init                        0x080038b5   Thumb Code    90  stm32f1xx_hal_tim.o(i.HAL_TIM_Base_Init)
    HAL_TIM_Base_MspInit                     0x08003911   Thumb Code    72  tim.o(i.HAL_TIM_Base_MspInit)
    HAL_TIM_Base_Start                       0x08003965   Thumb Code    78  stm32f1xx_hal_tim.o(i.HAL_TIM_Base_Start)
    HAL_TIM_Base_Start_IT                    0x080039c9   Thumb Code    88  stm32f1xx_hal_tim.o(i.HAL_TIM_Base_Start_IT)
    HAL_TIM_Base_Stop                        0x08003a35   Thumb Code    38  stm32f1xx_hal_tim.o(i.HAL_TIM_Base_Stop)
    HAL_TIM_IC_CaptureCallback               0x08003a5b   Thumb Code     2  stm32f1xx_hal_tim.o(i.HAL_TIM_IC_CaptureCallback)
    HAL_TIM_IRQHandler                       0x08003a5d   Thumb Code   358  stm32f1xx_hal_tim.o(i.HAL_TIM_IRQHandler)
    HAL_TIM_OC_DelayElapsedCallback          0x08003bc3   Thumb Code     2  stm32f1xx_hal_tim.o(i.HAL_TIM_OC_DelayElapsedCallback)
    HAL_TIM_PWM_PulseFinishedCallback        0x08003bc5   Thumb Code     2  stm32f1xx_hal_tim.o(i.HAL_TIM_PWM_PulseFinishedCallback)
    HAL_TIM_PeriodElapsedCallback            0x08003bc9   Thumb Code   104  stm32f1xx_it.o(i.HAL_TIM_PeriodElapsedCallback)
    HAL_TIM_TriggerCallback                  0x08003c95   Thumb Code     2  stm32f1xx_hal_tim.o(i.HAL_TIM_TriggerCallback)
    HAL_UARTEx_RxEventCallback               0x08003c97   Thumb Code     2  stm32f1xx_hal_uart.o(i.HAL_UARTEx_RxEventCallback)
    HAL_UART_DMAStop                         0x08003c99   Thumb Code   112  stm32f1xx_hal_uart.o(i.HAL_UART_DMAStop)
    HAL_UART_ErrorCallback                   0x08003d09   Thumb Code     2  stm32f1xx_hal_uart.o(i.HAL_UART_ErrorCallback)
    HAL_UART_IRQHandler                      0x08003d0d   Thumb Code   616  stm32f1xx_hal_uart.o(i.HAL_UART_IRQHandler)
    HAL_UART_Init                            0x08003f79   Thumb Code   100  stm32f1xx_hal_uart.o(i.HAL_UART_Init)
    HAL_UART_MspInit                         0x08003fdd   Thumb Code   156  usart.o(i.HAL_UART_MspInit)
    HAL_UART_Receive_DMA                     0x0800408d   Thumb Code    28  stm32f1xx_hal_uart.o(i.HAL_UART_Receive_DMA)
    HAL_UART_RxCpltCallback                  0x080040a9   Thumb Code     2  stm32f1xx_hal_uart.o(i.HAL_UART_RxCpltCallback)
    HAL_UART_RxHalfCpltCallback              0x080040ab   Thumb Code     2  stm32f1xx_hal_uart.o(i.HAL_UART_RxHalfCpltCallback)
    HAL_UART_Transmit                        0x080040ad   Thumb Code   154  stm32f1xx_hal_uart.o(i.HAL_UART_Transmit)
    HAL_UART_TxCpltCallback                  0x08004147   Thumb Code     2  stm32f1xx_hal_uart.o(i.HAL_UART_TxCpltCallback)
    HardFault_Handler                        0x08004149   Thumb Code     2  stm32f1xx_it.o(i.HardFault_Handler)
    IIC_Ack                                  0x0800414d   Thumb Code    56  myiic.o(i.IIC_Ack)
    IIC_Init                                 0x0800418d   Thumb Code    58  myiic.o(i.IIC_Init)
    IIC_NAck                                 0x080041d5   Thumb Code    56  myiic.o(i.IIC_NAck)
    IIC_Read_Byte                            0x08004215   Thumb Code   100  myiic.o(i.IIC_Read_Byte)
    IIC_Send_Byte                            0x08004281   Thumb Code    86  myiic.o(i.IIC_Send_Byte)
    IIC_Start                                0x080042e1   Thumb Code    56  myiic.o(i.IIC_Start)
    IIC_Stop                                 0x08004321   Thumb Code    58  myiic.o(i.IIC_Stop)
    IIC_Wait_Ack                             0x08004365   Thumb Code    78  myiic.o(i.IIC_Wait_Ack)
    LCD_Clear                                0x080043bd   Thumb Code    40  lcd.o(i.LCD_Clear)
    LCD_Display_Dir                          0x080043ed   Thumb Code   180  lcd.o(i.LCD_Display_Dir)
    LCD_DrawLine                             0x080044a5   Thumb Code   154  lcd.o(i.LCD_DrawLine)
    LCD_DrawPoint                            0x08004541   Thumb Code    20  lcd.o(i.LCD_DrawPoint)
    LCD_Draw_Circle                          0x0800455d   Thumb Code   176  lcd.o(i.LCD_Draw_Circle)
    LCD_Fast_DrawPoint                       0x0800460d   Thumb Code   200  lcd.o(i.LCD_Fast_DrawPoint)
    LCD_Init                                 0x080046dd   Thumb Code  9492  lcd.o(i.LCD_Init)
    LCD_Pow                                  0x08006bf5   Thumb Code    16  lcd.o(i.LCD_Pow)
    LCD_RD_DATA                              0x08006c05   Thumb Code    16  lcd.o(i.LCD_RD_DATA)
    LCD_SSD_BackLightSet                     0x08006c19   Thumb Code    70  lcd.o(i.LCD_SSD_BackLightSet)
    LCD_Scan_Dir                             0x08006c65   Thumb Code   380  lcd.o(i.LCD_Scan_Dir)
    LCD_SetCursor                            0x08006de5   Thumb Code   238  lcd.o(i.LCD_SetCursor)
    LCD_ShowChar                             0x08006ed9   Thumb Code   192  lcd.o(i.LCD_ShowChar)
    LCD_ShowNum                              0x08006fad   Thumb Code   118  lcd.o(i.LCD_ShowNum)
    LCD_ShowString                           0x08007023   Thumb Code    84  lcd.o(i.LCD_ShowString)
    LCD_ShowxNum                             0x08007077   Thumb Code   134  lcd.o(i.LCD_ShowxNum)
    LCD_WR_DATA                              0x080070fd   Thumb Code    20  lcd.o(i.LCD_WR_DATA)
    LCD_WR_REG                               0x08007115   Thumb Code    20  lcd.o(i.LCD_WR_REG)
    LCD_WriteRAM_Prepare                     0x0800712d   Thumb Code    10  lcd.o(i.LCD_WriteRAM_Prepare)
    LCD_WriteReg                             0x08007141   Thumb Code    10  lcd.o(i.LCD_WriteReg)
    MX_ADC1_Init                             0x08007151   Thumb Code    74  adc.o(i.MX_ADC1_Init)
    MX_DAC_Init                              0x080071a5   Thumb Code    50  dac.o(i.MX_DAC_Init)
    MX_DMA_Init                              0x080071e1   Thumb Code    88  dma.o(i.MX_DMA_Init)
    MX_FSMC_Init                             0x0800723d   Thumb Code   134  fsmc.o(i.MX_FSMC_Init)
    MX_GPIO_Init                             0x080072d1   Thumb Code   268  gpio.o(i.MX_GPIO_Init)
    MX_TIM6_Init                             0x080073f1   Thumb Code    62  tim.o(i.MX_TIM6_Init)
    MX_TIM7_Init                             0x08007439   Thumb Code    64  tim.o(i.MX_TIM7_Init)
    MX_USART1_UART_Init                      0x08007481   Thumb Code    68  usart.o(i.MX_USART1_UART_Init)
    MemManage_Handler                        0x080074cd   Thumb Code     2  stm32f1xx_it.o(i.MemManage_Handler)
    NMI_Handler                              0x080074cf   Thumb Code     2  stm32f1xx_it.o(i.NMI_Handler)
    OTT2001A_Init                            0x080074d1   Thumb Code   142  ott2001a.o(i.OTT2001A_Init)
    OTT2001A_RD_Reg                          0x08007579   Thumb Code    96  ott2001a.o(i.OTT2001A_RD_Reg)
    OTT2001A_Scan                            0x080075d9   Thumb Code   332  ott2001a.o(i.OTT2001A_Scan)
    OTT2001A_SensorControl                   0x08007745   Thumb Code    30  ott2001a.o(i.OTT2001A_SensorControl)
    OTT2001A_WR_Reg                          0x08007763   Thumb Code    82  ott2001a.o(i.OTT2001A_WR_Reg)
    PendSV_Handler                           0x080077b5   Thumb Code     2  stm32f1xx_it.o(i.PendSV_Handler)
    SVC_Handler                              0x080077b7   Thumb Code     2  stm32f1xx_it.o(i.SVC_Handler)
    SysTick_Handler                          0x080077b9   Thumb Code     4  stm32f1xx_it.o(i.SysTick_Handler)
    SystemClock_Config                       0x080077bd   Thumb Code   122  main.o(i.SystemClock_Config)
    SystemInit                               0x08007837   Thumb Code     2  system_stm32f1xx.o(i.SystemInit)
    TIM6_IRQHandler                          0x08007839   Thumb Code     6  stm32f1xx_it.o(i.TIM6_IRQHandler)
    TIM_Base_SetConfig                       0x08007845   Thumb Code   120  stm32f1xx_hal_tim.o(i.TIM_Base_SetConfig)
    TP_Adj_Info_Show                         0x080078d1   Thumb Code   326  touch.o(i.TP_Adj_Info_Show)
    TP_Adjust                                0x08007a49   Thumb Code  1310  touch.o(i.TP_Adjust)
    TP_Drow_Touch_Point                      0x08007f9d   Thumb Code   106  touch.o(i.TP_Drow_Touch_Point)
    TP_Get_Adjdata                           0x0800800d   Thumb Code    56  touch.o(i.TP_Get_Adjdata)
    TP_Init                                  0x08008049   Thumb Code   250  touch.o(i.TP_Init)
    TP_Read_AD                               0x08008165   Thumb Code   126  touch.o(i.TP_Read_AD)
    TP_Read_XOY                              0x080081ed   Thumb Code   100  touch.o(i.TP_Read_XOY)
    TP_Read_XY                               0x08008251   Thumb Code    34  touch.o(i.TP_Read_XY)
    TP_Read_XY2                              0x08008279   Thumb Code   122  touch.o(i.TP_Read_XY2)
    TP_Save_Adjdata                          0x080082f5   Thumb Code    24  touch.o(i.TP_Save_Adjdata)
    TP_Scan                                  0x08008311   Thumb Code   170  touch.o(i.TP_Scan)
    TP_Write_Byte                            0x080083c5   Thumb Code    64  touch.o(i.TP_Write_Byte)
    UART_Start_Receive_DMA                   0x080086f1   Thumb Code   130  stm32f1xx_hal_uart.o(i.UART_Start_Receive_DMA)
    USART1_IRQHandler                        0x080087f9   Thumb Code   102  stm32f1xx_it.o(i.USART1_IRQHandler)
    UsageFault_Handler                       0x08008889   Thumb Code     2  stm32f1xx_it.o(i.UsageFault_Handler)
    __0printf                                0x0800888d   Thumb Code    22  printfa.o(i.__0printf)
    __1printf                                0x0800888d   Thumb Code     0  printfa.o(i.__0printf)
    __2printf                                0x0800888d   Thumb Code     0  printfa.o(i.__0printf)
    __c89printf                              0x0800888d   Thumb Code     0  printfa.o(i.__0printf)
    printf                                   0x0800888d   Thumb Code     0  printfa.o(i.__0printf)
    __ARM_fpclassify                         0x080088ad   Thumb Code    40  fpclassify.o(i.__ARM_fpclassify)
    __ieee754_rem_pio2                       0x080088f5   Thumb Code   828  rred.o(i.__ieee754_rem_pio2)
    __kernel_cos                             0x08008c7d   Thumb Code   230  cos_i.o(i.__kernel_cos)
    __kernel_poly                            0x08008d79   Thumb Code   170  poly.o(i.__kernel_poly)
    __kernel_sin                             0x08008e25   Thumb Code   224  sin_i.o(i.__kernel_sin)
    __mathlib_dbl_infnan                     0x08008f11   Thumb Code     6  dunder.o(i.__mathlib_dbl_infnan)
    __mathlib_dbl_invalid                    0x08008f17   Thumb Code    12  dunder.o(i.__mathlib_dbl_invalid)
    __mathlib_dbl_underflow                  0x08008f25   Thumb Code    10  dunder.o(i.__mathlib_dbl_underflow)
    __scatterload_copy                       0x08008f35   Thumb Code    14  handlers.o(i.__scatterload_copy)
    __scatterload_null                       0x08008f43   Thumb Code     2  handlers.o(i.__scatterload_null)
    __scatterload_zeroinit                   0x08008f45   Thumb Code    14  handlers.o(i.__scatterload_zeroinit)
    __set_errno                              0x08008f55   Thumb Code     6  errno.o(i.__set_errno)
    delay_ms                                 0x08009813   Thumb Code    28  delay.o(i.delay_ms)
    delay_us                                 0x08009831   Thumb Code    44  delay.o(i.delay_us)
    fputc                                    0x08009865   Thumb Code    18  usart.o(i.fputc)
    main                                     0x0800987d   Thumb Code   372  main.o(i.main)
    sin                                      0x08009aa5   Thumb Code   150  sin.o(i.sin)
    sqrt                                     0x08009b45   Thumb Code    76  sqrt.o(i.sqrt)
    AHBPrescTable                            0x08009bb4   Data          16  system_stm32f1xx.o(.constdata)
    APBPrescTable                            0x08009bc4   Data           8  system_stm32f1xx.o(.constdata)
    asc2_1206                                0x08009bcc   Data        1140  lcd.o(.constdata)
    asc2_1608                                0x0800a040   Data        1520  lcd.o(.constdata)
    asc2_2412                                0x0800a630   Data        3420  lcd.o(.constdata)
    TP_REMIND_MSG_TBL                        0x0800b38c   Data           4  touch.o(.constdata)
    FT5206_TPX_TBL                           0x0800b390   Data          10  ft5206.o(.constdata)
    GT911_TPX_TBL                            0x0800b39a   Data          10  ft5206.o(.constdata)
    GT9147_CFG_TBL                           0x0800b3a4   Data         184  gt9147.o(.constdata)
    GT9147_TPX_TBL                           0x0800b45c   Data          10  gt9147.o(.constdata)
    OTT_TPX_TBL                              0x0800b466   Data          10  ott2001a.o(.constdata)
    Region$$Table$$Base                      0x0800b60c   Number         0  anon$$obj.o(Region$$Table)
    Region$$Table$$Limit                     0x0800b62c   Number         0  anon$$obj.o(Region$$Table)
    ADC_ConvertedValue                       0x20000000   Data           4  adc.o(.data)
    Sine12bit                                0x20000004   Data          64  dac.o(.data)
    rx_len                                   0x2000004c   Data           2  usart.o(.data)
    rx_flag                                  0x2000004e   Data           1  usart.o(.data)
    temp                                     0x20000050   Data           2  stm32f1xx_it.o(.data)
    dacval                                   0x20000052   Data           2  stm32f1xx_it.o(.data)
    time6                                    0x20000054   Data           2  stm32f1xx_it.o(.data)
    time6_s                                  0x20000056   Data           2  stm32f1xx_it.o(.data)
    adcx                                     0x20000058   Data           2  stm32f1xx_it.o(.data)
    ADC_Vol                                  0x2000005c   Data           4  stm32f1xx_it.o(.data)
    ADC_Data                                 0x20000060   Data           4  stm32f1xx_it.o(.data)
    uwTickFreq                               0x20000064   Data           1  stm32f1xx_hal.o(.data)
    uwTickPrio                               0x20000068   Data           4  stm32f1xx_hal.o(.data)
    uwTick                                   0x2000006c   Data           4  stm32f1xx_hal.o(.data)
    SystemCoreClock                          0x20000070   Data           4  system_stm32f1xx.o(.data)
    POINT_COLOR                              0x20000074   Data           4  lcd.o(.data)
    BACK_COLOR                               0x20000078   Data           4  lcd.o(.data)
    CMD_RDX                                  0x2000007c   Data           1  touch.o(.data)
    CMD_RDY                                  0x2000007d   Data           1  touch.o(.data)
    tp_dev                                   0x20000080   Data          52  touch.o(.data)
    g_gt_tnum                                0x200000b4   Data           1  ft5206.o(.data)
    CIP                                      0x200000b6   Data           5  ft5206.o(.data)
    __stdout                                 0x200000c0   Data           4  stdout.o(.data)
    lBufMagArray                             0x200000c8   Data        1024  main.o(.bss)
    x                                        0x200004c8   Data        1024  main.o(.bss)
    FFT_IN                                   0x200008c8   Data        1024  main.o(.bss)
    FFT_OUT                                  0x20000cc8   Data        1024  main.o(.bss)
    hadc1                                    0x200010c8   Data          48  adc.o(.bss)
    hdma_adc1                                0x200010f8   Data          68  adc.o(.bss)
    hdac                                     0x2000113c   Data          20  dac.o(.bss)
    hdma_dac_ch1                             0x20001150   Data          68  dac.o(.bss)
    hsram1                                   0x20001194   Data          72  fsmc.o(.bss)
    htim6                                    0x200011dc   Data          72  tim.o(.bss)
    htim7                                    0x20001224   Data          72  tim.o(.bss)
    rx_buffer                                0x2000126c   Data         100  usart.o(.bss)
    huart1                                   0x200012d0   Data          72  usart.o(.bss)
    hdma_usart1_rx                           0x20001318   Data          68  usart.o(.bss)
    delay                                    0x2000135c   Data          72  delay.o(.bss)
    TFTSRAM_Handler                          0x200013a4   Data          72  lcd.o(.bss)
    lcddev                                   0x200013ec   Data          14  lcd.o(.bss)
    __initial_sp                             0x20002400   Data           0  startup_stm32f103xe.o(STACK)



==============================================================================

Memory Map of the image

  Image Entry point : 0x08000131

  Load Region LR_IROM1 (Base: 0x08000000, Size: 0x0000b6f4, Max: 0x00080000, ABSOLUTE)

    Execution Region ER_IROM1 (Exec base: 0x08000000, Load base: 0x08000000, Size: 0x0000b62c, Max: 0x00080000, ABSOLUTE)

    Exec Addr    Load Addr    Size         Type   Attr      Idx    E Section Name        Object

    0x08000000   0x08000000   0x00000130   Data   RO         3894    RESET               startup_stm32f103xe.o
    0x08000130   0x08000130   0x00000000   Code   RO         9674  * .ARM.Collect$$$$00000000  mc_w.l(entry.o)
    0x08000130   0x08000130   0x00000004   Code   RO        10049    .ARM.Collect$$$$00000001  mc_w.l(entry2.o)
    0x08000134   0x08000134   0x00000004   Code   RO        10052    .ARM.Collect$$$$00000004  mc_w.l(entry5.o)
    0x08000138   0x08000138   0x00000000   Code   RO        10054    .ARM.Collect$$$$00000008  mc_w.l(entry7b.o)
    0x08000138   0x08000138   0x00000000   Code   RO        10056    .ARM.Collect$$$$0000000A  mc_w.l(entry8b.o)
    0x08000138   0x08000138   0x00000008   Code   RO        10057    .ARM.Collect$$$$0000000B  mc_w.l(entry9a.o)
    0x08000140   0x08000140   0x00000000   Code   RO        10059    .ARM.Collect$$$$0000000D  mc_w.l(entry10a.o)
    0x08000140   0x08000140   0x00000000   Code   RO        10061    .ARM.Collect$$$$0000000F  mc_w.l(entry11a.o)
    0x08000140   0x08000140   0x00000004   Code   RO        10050    .ARM.Collect$$$$00002712  mc_w.l(entry2.o)
    0x08000144   0x08000144   0x00000024   Code   RO         3895    .text               startup_stm32f103xe.o
    0x08000168   0x08000168   0x000005de   Code   RO         4662    .text               cr4_fft_256_stm32.o
    0x08000746   0x08000746   0x00000062   Code   RO         9677    .text               mc_w.l(uldiv.o)
    0x080007a8   0x080007a8   0x0000001e   Code   RO         9681    .text               mc_w.l(llshl.o)
    0x080007c6   0x080007c6   0x00000020   Code   RO         9683    .text               mc_w.l(llushr.o)
    0x080007e6   0x080007e6   0x00000024   Code   RO         9685    .text               mc_w.l(llsshr.o)
    0x0800080a   0x0800080a   0x00000024   Code   RO         9689    .text               mc_w.l(memseta.o)
    0x0800082e   0x0800082e   0x0000001c   Code   RO         9691    .text               mc_w.l(strcmp.o)
    0x0800084a   0x0800084a   0x000000b0   Code   RO         9956    .text               mf_w.l(fadd.o)
    0x080008fa   0x080008fa   0x00000064   Code   RO         9958    .text               mf_w.l(fmul.o)
    0x0800095e   0x0800095e   0x0000007c   Code   RO         9960    .text               mf_w.l(fdiv.o)
    0x080009da   0x080009da   0x00000018   Code   RO         9962    .text               mf_w.l(fscalb.o)
    0x080009f2   0x080009f2   0x0000014e   Code   RO         9964    .text               mf_w.l(dadd.o)
    0x08000b40   0x08000b40   0x000000e4   Code   RO         9966    .text               mf_w.l(dmul.o)
    0x08000c24   0x08000c24   0x000000de   Code   RO         9968    .text               mf_w.l(ddiv.o)
    0x08000d02   0x08000d02   0x0000002e   Code   RO         9970    .text               mf_w.l(dscalb.o)
    0x08000d30   0x08000d30   0x00000012   Code   RO         9972    .text               mf_w.l(fflti.o)
    0x08000d42   0x08000d42   0x0000000a   Code   RO         9974    .text               mf_w.l(ffltui.o)
    0x08000d4c   0x08000d4c   0x00000022   Code   RO         9976    .text               mf_w.l(dflti.o)
    0x08000d6e   0x08000d6e   0x0000001a   Code   RO         9978    .text               mf_w.l(dfltui.o)
    0x08000d88   0x08000d88   0x00000032   Code   RO         9980    .text               mf_w.l(ffixi.o)
    0x08000dba   0x08000dba   0x00000028   Code   RO         9982    .text               mf_w.l(ffixui.o)
    0x08000de2   0x08000de2   0x0000003e   Code   RO         9986    .text               mf_w.l(dfixi.o)
    0x08000e20   0x08000e20   0x00000032   Code   RO         9988    .text               mf_w.l(dfixui.o)
    0x08000e52   0x08000e52   0x00000026   Code   RO         9990    .text               mf_w.l(f2d.o)
    0x08000e78   0x08000e78   0x00000030   Code   RO         9992    .text               mf_w.l(cdcmple.o)
    0x08000ea8   0x08000ea8   0x00000030   Code   RO         9994    .text               mf_w.l(cdrcmple.o)
    0x08000ed8   0x08000ed8   0x00000038   Code   RO         9996    .text               mf_w.l(d2f.o)
    0x08000f10   0x08000f10   0x0000002c   Code   RO        10064    .text               mc_w.l(uidiv.o)
    0x08000f3c   0x08000f3c   0x00000000   Code   RO        10073    .text               mc_w.l(iusefp.o)
    0x08000f3c   0x08000f3c   0x0000006e   Code   RO        10074    .text               mf_w.l(fepilogue.o)
    0x08000faa   0x08000faa   0x000000ba   Code   RO        10080    .text               mf_w.l(depilogue.o)
    0x08001064   0x08001064   0x000000a2   Code   RO        10082    .text               mf_w.l(dsqrt.o)
    0x08001106   0x08001106   0x00000030   Code   RO        10084    .text               mf_w.l(dfixul.o)
    0x08001136   0x08001136   0x00000002   PAD
    0x08001138   0x08001138   0x00000024   Code   RO        10092    .text               mc_w.l(init.o)
    0x0800115c   0x0800115c   0x00000056   Code   RO          805    i.ADC_ConversionStop_Disable  stm32f1xx_hal_adc.o
    0x080011b2   0x080011b2   0x00000002   PAD
    0x080011b4   0x080011b4   0x000000f4   Code   RO          600    i.ADC_DAC_show      stm32f1xx_it.o
    0x080012a8   0x080012a8   0x0000004e   Code   RO          806    i.ADC_DMAConvCplt   stm32f1xx_hal_adc.o
    0x080012f6   0x080012f6   0x0000001a   Code   RO          807    i.ADC_DMAError      stm32f1xx_hal_adc.o
    0x08001310   0x08001310   0x0000000a   Code   RO          808    i.ADC_DMAHalfConvCplt  stm32f1xx_hal_adc.o
    0x0800131a   0x0800131a   0x00000002   PAD
    0x0800131c   0x0800131c   0x0000007c   Code   RO          809    i.ADC_Enable        stm32f1xx_hal_adc.o
    0x08001398   0x08001398   0x00000004   Code   RO         4256    i.AT24CXX_Init      24cxx.o
    0x0800139c   0x0800139c   0x00000022   Code   RO         4257    i.AT24CXX_Read      24cxx.o
    0x080013be   0x080013be   0x00000042   Code   RO         4259    i.AT24CXX_ReadOneByte  24cxx.o
    0x08001400   0x08001400   0x00000020   Code   RO         4260    i.AT24CXX_Write     24cxx.o
    0x08001420   0x08001420   0x0000003e   Code   RO         4262    i.AT24CXX_WriteOneByte  24cxx.o
    0x0800145e   0x0800145e   0x00000002   Code   RO          601    i.BusFault_Handler  stm32f1xx_it.o
    0x08001460   0x08001460   0x0000004c   Code   RO         4437    i.CT_IIC_Ack        ctiic.o
    0x080014ac   0x080014ac   0x0000006c   Code   RO         4438    i.CT_IIC_Init       ctiic.o
    0x08001518   0x08001518   0x0000004c   Code   RO         4439    i.CT_IIC_NAck       ctiic.o
    0x08001564   0x08001564   0x00000078   Code   RO         4440    i.CT_IIC_Read_Byte  ctiic.o
    0x080015dc   0x080015dc   0x00000068   Code   RO         4441    i.CT_IIC_Send_Byte  ctiic.o
    0x08001644   0x08001644   0x0000004c   Code   RO         4442    i.CT_IIC_Start      ctiic.o
    0x08001690   0x08001690   0x00000044   Code   RO         4443    i.CT_IIC_Stop       ctiic.o
    0x080016d4   0x080016d4   0x00000058   Code   RO         4444    i.CT_IIC_Wait_Ack   ctiic.o
    0x0800172c   0x0800172c   0x00000010   Code   RO         2058    i.DAC_DMAConvCpltCh1  stm32f1xx_hal_dac.o
    0x0800173c   0x0800173c   0x00000010   Code   RO         2202    i.DAC_DMAConvCpltCh2  stm32f1xx_hal_dac_ex.o
    0x0800174c   0x0800174c   0x00000018   Code   RO         2059    i.DAC_DMAErrorCh1   stm32f1xx_hal_dac.o
    0x08001764   0x08001764   0x00000018   Code   RO         2203    i.DAC_DMAErrorCh2   stm32f1xx_hal_dac_ex.o
    0x0800177c   0x0800177c   0x0000000a   Code   RO         2060    i.DAC_DMAHalfConvCpltCh1  stm32f1xx_hal_dac.o
    0x08001786   0x08001786   0x0000000a   Code   RO         2204    i.DAC_DMAHalfConvCpltCh2  stm32f1xx_hal_dac_ex.o
    0x08001790   0x08001790   0x0000000c   Code   RO          602    i.DMA1_Channel1_IRQHandler  stm32f1xx_it.o
    0x0800179c   0x0800179c   0x0000000c   Code   RO          603    i.DMA1_Channel5_IRQHandler  stm32f1xx_it.o
    0x080017a8   0x080017a8   0x0000000c   Code   RO          604    i.DMA2_Channel3_IRQHandler  stm32f1xx_it.o
    0x080017b4   0x080017b4   0x0000002a   Code   RO         1461    i.DMA_SetConfig     stm32f1xx_hal_dma.o
    0x080017de   0x080017de   0x00000002   Code   RO          605    i.DebugMon_Handler  stm32f1xx_it.o
    0x080017e0   0x080017e0   0x00000006   Code   RO          606    i.EXTI0_IRQHandler  stm32f1xx_it.o
    0x080017e6   0x080017e6   0x00000006   Code   RO          607    i.EXTI3_IRQHandler  stm32f1xx_it.o
    0x080017ec   0x080017ec   0x00000006   Code   RO          608    i.EXTI4_IRQHandler  stm32f1xx_it.o
    0x080017f2   0x080017f2   0x00000004   Code   RO            4    i.Error_Handler     main.o
    0x080017f6   0x080017f6   0x00000002   PAD
    0x080017f8   0x080017f8   0x0000003c   Code   RO         2306    i.FSMC_NORSRAM_Extended_Timing_Init  stm32f1xx_ll_fsmc.o
    0x08001834   0x08001834   0x00000068   Code   RO         2307    i.FSMC_NORSRAM_Init  stm32f1xx_ll_fsmc.o
    0x0800189c   0x0800189c   0x00000044   Code   RO         2308    i.FSMC_NORSRAM_Timing_Init  stm32f1xx_ll_fsmc.o
    0x080018e0   0x080018e0   0x0000013c   Code   RO         4511    i.FT5206_Init       ft5206.o
    0x08001a1c   0x08001a1c   0x00000056   Code   RO         4512    i.FT5206_RD_Reg     ft5206.o
    0x08001a72   0x08001a72   0x00000002   PAD
    0x08001a74   0x08001a74   0x0000024c   Code   RO         4513    i.FT5206_Scan       ft5206.o
    0x08001cc0   0x08001cc0   0x00000048   Code   RO         4514    i.FT5206_WR_Reg     ft5206.o
    0x08001d08   0x08001d08   0x00000118   Code   RO         4561    i.GT9147_Init       gt9147.o
    0x08001e20   0x08001e20   0x00000060   Code   RO         4562    i.GT9147_RD_Reg     gt9147.o
    0x08001e80   0x08001e80   0x0000017c   Code   RO         4563    i.GT9147_Scan       gt9147.o
    0x08001ffc   0x08001ffc   0x00000050   Code   RO         4564    i.GT9147_Send_Cfg   gt9147.o
    0x0800204c   0x0800204c   0x00000052   Code   RO         4565    i.GT9147_WR_Reg     gt9147.o
    0x0800209e   0x0800209e   0x00000002   PAD
    0x080020a0   0x080020a0   0x00000114   Code   RO            5    i.GetPowerMag       main.o
    0x080021b4   0x080021b4   0x000000d8   Code   RO          985    i.HAL_ADCEx_Calibration_Start  stm32f1xx_hal_adc_ex.o
    0x0800228c   0x0800228c   0x000000fc   Code   RO          811    i.HAL_ADC_ConfigChannel  stm32f1xx_hal_adc.o
    0x08002388   0x08002388   0x00000002   Code   RO          812    i.HAL_ADC_ConvCpltCallback  stm32f1xx_hal_adc.o
    0x0800238a   0x0800238a   0x00000002   Code   RO          813    i.HAL_ADC_ConvHalfCpltCallback  stm32f1xx_hal_adc.o
    0x0800238c   0x0800238c   0x00000002   Code   RO          815    i.HAL_ADC_ErrorCallback  stm32f1xx_hal_adc.o
    0x0800238e   0x0800238e   0x00000006   Code   RO          818    i.HAL_ADC_GetValue  stm32f1xx_hal_adc.o
    0x08002394   0x08002394   0x00000120   Code   RO          820    i.HAL_ADC_Init      stm32f1xx_hal_adc.o
    0x080024b4   0x080024b4   0x00000090   Code   RO          332    i.HAL_ADC_MspInit   adc.o
    0x08002544   0x08002544   0x0000010c   Code   RO          827    i.HAL_ADC_Start_DMA  stm32f1xx_hal_adc.o
    0x08002650   0x08002650   0x00000002   Code   RO         2205    i.HAL_DACEx_ConvCpltCallbackCh2  stm32f1xx_hal_dac_ex.o
    0x08002652   0x08002652   0x00000002   Code   RO         2206    i.HAL_DACEx_ConvHalfCpltCallbackCh2  stm32f1xx_hal_dac_ex.o
    0x08002654   0x08002654   0x00000002   Code   RO         2212    i.HAL_DACEx_ErrorCallbackCh2  stm32f1xx_hal_dac_ex.o
    0x08002656   0x08002656   0x0000004e   Code   RO         2061    i.HAL_DAC_ConfigChannel  stm32f1xx_hal_dac.o
    0x080026a4   0x080026a4   0x00000002   Code   RO         2062    i.HAL_DAC_ConvCpltCallbackCh1  stm32f1xx_hal_dac.o
    0x080026a6   0x080026a6   0x00000002   Code   RO         2063    i.HAL_DAC_ConvHalfCpltCallbackCh1  stm32f1xx_hal_dac.o
    0x080026a8   0x080026a8   0x00000002   Code   RO         2066    i.HAL_DAC_ErrorCallbackCh1  stm32f1xx_hal_dac.o
    0x080026aa   0x080026aa   0x00000012   Code   RO         2069    i.HAL_DAC_GetValue  stm32f1xx_hal_dac.o
    0x080026bc   0x080026bc   0x00000028   Code   RO         2071    i.HAL_DAC_Init      stm32f1xx_hal_dac.o
    0x080026e4   0x080026e4   0x00000090   Code   RO          375    i.HAL_DAC_MspInit   dac.o
    0x08002774   0x08002774   0x00000022   Code   RO         2074    i.HAL_DAC_SetValue  stm32f1xx_hal_dac.o
    0x08002796   0x08002796   0x00000002   PAD
    0x08002798   0x08002798   0x000000cc   Code   RO         2076    i.HAL_DAC_Start_DMA  stm32f1xx_hal_dac.o
    0x08002864   0x08002864   0x00000046   Code   RO         1462    i.HAL_DMA_Abort     stm32f1xx_hal_dma.o
    0x080028aa   0x080028aa   0x00000002   PAD
    0x080028ac   0x080028ac   0x00000130   Code   RO         1463    i.HAL_DMA_Abort_IT  stm32f1xx_hal_dma.o
    0x080029dc   0x080029dc   0x00000248   Code   RO         1467    i.HAL_DMA_IRQHandler  stm32f1xx_hal_dma.o
    0x08002c24   0x08002c24   0x0000007c   Code   RO         1468    i.HAL_DMA_Init      stm32f1xx_hal_dma.o
    0x08002ca0   0x08002ca0   0x00000070   Code   RO         1472    i.HAL_DMA_Start_IT  stm32f1xx_hal_dma.o
    0x08002d10   0x08002d10   0x00000080   Code   RO          441    i.HAL_FSMC_MspInit  fsmc.o
    0x08002d90   0x08002d90   0x00000050   Code   RO          609    i.HAL_GPIO_EXTI_Callback  stm32f1xx_it.o
    0x08002de0   0x08002de0   0x00000018   Code   RO         1397    i.HAL_GPIO_EXTI_IRQHandler  stm32f1xx_hal_gpio.o
    0x08002df8   0x08002df8   0x000001f8   Code   RO         1398    i.HAL_GPIO_Init     stm32f1xx_hal_gpio.o
    0x08002ff0   0x08002ff0   0x0000000a   Code   RO         1402    i.HAL_GPIO_WritePin  stm32f1xx_hal_gpio.o
    0x08002ffa   0x08002ffa   0x00000002   PAD
    0x08002ffc   0x08002ffc   0x0000000c   Code   RO         1092    i.HAL_GetTick       stm32f1xx_hal.o
    0x08003008   0x08003008   0x00000010   Code   RO         1098    i.HAL_IncTick       stm32f1xx_hal.o
    0x08003018   0x08003018   0x00000024   Code   RO         1099    i.HAL_Init          stm32f1xx_hal.o
    0x0800303c   0x0800303c   0x00000040   Code   RO         1100    i.HAL_InitTick      stm32f1xx_hal.o
    0x0800307c   0x0800307c   0x0000002c   Code   RO          745    i.HAL_MspInit       stm32f1xx_hal_msp.o
    0x080030a8   0x080030a8   0x0000001a   Code   RO         1558    i.HAL_NVIC_EnableIRQ  stm32f1xx_hal_cortex.o
    0x080030c2   0x080030c2   0x00000002   PAD
    0x080030c4   0x080030c4   0x00000040   Code   RO         1564    i.HAL_NVIC_SetPriority  stm32f1xx_hal_cortex.o
    0x08003104   0x08003104   0x00000024   Code   RO         1565    i.HAL_NVIC_SetPriorityGrouping  stm32f1xx_hal_cortex.o
    0x08003128   0x08003128   0x000000b8   Code   RO         1359    i.HAL_RCCEx_GetPeriphCLKFreq  stm32f1xx_hal_rcc_ex.o
    0x080031e0   0x080031e0   0x000000ec   Code   RO         1360    i.HAL_RCCEx_PeriphCLKConfig  stm32f1xx_hal_rcc_ex.o
    0x080032cc   0x080032cc   0x0000012c   Code   RO         1256    i.HAL_RCC_ClockConfig  stm32f1xx_hal_rcc.o
    0x080033f8   0x080033f8   0x00000020   Code   RO         1263    i.HAL_RCC_GetPCLK1Freq  stm32f1xx_hal_rcc.o
    0x08003418   0x08003418   0x00000020   Code   RO         1264    i.HAL_RCC_GetPCLK2Freq  stm32f1xx_hal_rcc.o
    0x08003438   0x08003438   0x0000004c   Code   RO         1265    i.HAL_RCC_GetSysClockFreq  stm32f1xx_hal_rcc.o
    0x08003484   0x08003484   0x00000320   Code   RO         1268    i.HAL_RCC_OscConfig  stm32f1xx_hal_rcc.o
    0x080037a4   0x080037a4   0x00000064   Code   RO         2428    i.HAL_SRAM_Init     stm32f1xx_hal_sram.o
    0x08003808   0x08003808   0x00000004   Code   RO          443    i.HAL_SRAM_MspInit  fsmc.o
    0x0800380c   0x0800380c   0x00000028   Code   RO         1569    i.HAL_SYSTICK_Config  stm32f1xx_hal_cortex.o
    0x08003834   0x08003834   0x00000002   Code   RO         3265    i.HAL_TIMEx_BreakCallback  stm32f1xx_hal_tim_ex.o
    0x08003836   0x08003836   0x00000002   Code   RO         3266    i.HAL_TIMEx_CommutCallback  stm32f1xx_hal_tim_ex.o
    0x08003838   0x08003838   0x0000007c   Code   RO         3284    i.HAL_TIMEx_MasterConfigSynchronization  stm32f1xx_hal_tim_ex.o
    0x080038b4   0x080038b4   0x0000005a   Code   RO         2561    i.HAL_TIM_Base_Init  stm32f1xx_hal_tim.o
    0x0800390e   0x0800390e   0x00000002   PAD
    0x08003910   0x08003910   0x00000054   Code   RO          490    i.HAL_TIM_Base_MspInit  tim.o
    0x08003964   0x08003964   0x00000064   Code   RO         2564    i.HAL_TIM_Base_Start  stm32f1xx_hal_tim.o
    0x080039c8   0x080039c8   0x0000006c   Code   RO         2566    i.HAL_TIM_Base_Start_IT  stm32f1xx_hal_tim.o
    0x08003a34   0x08003a34   0x00000026   Code   RO         2567    i.HAL_TIM_Base_Stop  stm32f1xx_hal_tim.o
    0x08003a5a   0x08003a5a   0x00000002   Code   RO         2595    i.HAL_TIM_IC_CaptureCallback  stm32f1xx_hal_tim.o
    0x08003a5c   0x08003a5c   0x00000166   Code   RO         2609    i.HAL_TIM_IRQHandler  stm32f1xx_hal_tim.o
    0x08003bc2   0x08003bc2   0x00000002   Code   RO         2612    i.HAL_TIM_OC_DelayElapsedCallback  stm32f1xx_hal_tim.o
    0x08003bc4   0x08003bc4   0x00000002   Code   RO         2639    i.HAL_TIM_PWM_PulseFinishedCallback  stm32f1xx_hal_tim.o
    0x08003bc6   0x08003bc6   0x00000002   PAD
    0x08003bc8   0x08003bc8   0x000000cc   Code   RO          610    i.HAL_TIM_PeriodElapsedCallback  stm32f1xx_it.o
    0x08003c94   0x08003c94   0x00000002   Code   RO         2652    i.HAL_TIM_TriggerCallback  stm32f1xx_hal_tim.o
    0x08003c96   0x08003c96   0x00000002   Code   RO         3544    i.HAL_UARTEx_RxEventCallback  stm32f1xx_hal_uart.o
    0x08003c98   0x08003c98   0x00000070   Code   RO         3556    i.HAL_UART_DMAStop  stm32f1xx_hal_uart.o
    0x08003d08   0x08003d08   0x00000002   Code   RO         3558    i.HAL_UART_ErrorCallback  stm32f1xx_hal_uart.o
    0x08003d0a   0x08003d0a   0x00000002   PAD
    0x08003d0c   0x08003d0c   0x0000026c   Code   RO         3561    i.HAL_UART_IRQHandler  stm32f1xx_hal_uart.o
    0x08003f78   0x08003f78   0x00000064   Code   RO         3562    i.HAL_UART_Init     stm32f1xx_hal_uart.o
    0x08003fdc   0x08003fdc   0x000000b0   Code   RO          538    i.HAL_UART_MspInit  usart.o
    0x0800408c   0x0800408c   0x0000001c   Code   RO         3566    i.HAL_UART_Receive_DMA  stm32f1xx_hal_uart.o
    0x080040a8   0x080040a8   0x00000002   Code   RO         3568    i.HAL_UART_RxCpltCallback  stm32f1xx_hal_uart.o
    0x080040aa   0x080040aa   0x00000002   Code   RO         3569    i.HAL_UART_RxHalfCpltCallback  stm32f1xx_hal_uart.o
    0x080040ac   0x080040ac   0x0000009a   Code   RO         3570    i.HAL_UART_Transmit  stm32f1xx_hal_uart.o
    0x08004146   0x08004146   0x00000002   Code   RO         3573    i.HAL_UART_TxCpltCallback  stm32f1xx_hal_uart.o
    0x08004148   0x08004148   0x00000002   Code   RO          611    i.HardFault_Handler  stm32f1xx_it.o
    0x0800414a   0x0800414a   0x00000002   PAD
    0x0800414c   0x0800414c   0x00000040   Code   RO         4186    i.IIC_Ack           myiic.o
    0x0800418c   0x0800418c   0x00000048   Code   RO         4187    i.IIC_Init          myiic.o
    0x080041d4   0x080041d4   0x00000040   Code   RO         4188    i.IIC_NAck          myiic.o
    0x08004214   0x08004214   0x0000006c   Code   RO         4189    i.IIC_Read_Byte     myiic.o
    0x08004280   0x08004280   0x00000060   Code   RO         4190    i.IIC_Send_Byte     myiic.o
    0x080042e0   0x080042e0   0x00000040   Code   RO         4191    i.IIC_Start         myiic.o
    0x08004320   0x08004320   0x00000044   Code   RO         4192    i.IIC_Stop          myiic.o
    0x08004364   0x08004364   0x00000058   Code   RO         4193    i.IIC_Wait_Ack      myiic.o
    0x080043bc   0x080043bc   0x00000030   Code   RO         3977    i.LCD_Clear         lcd.o
    0x080043ec   0x080043ec   0x000000b8   Code   RO         3981    i.LCD_Display_Dir   lcd.o
    0x080044a4   0x080044a4   0x0000009a   Code   RO         3982    i.LCD_DrawLine      lcd.o
    0x0800453e   0x0800453e   0x00000002   PAD
    0x08004540   0x08004540   0x0000001c   Code   RO         3983    i.LCD_DrawPoint     lcd.o
    0x0800455c   0x0800455c   0x000000b0   Code   RO         3985    i.LCD_Draw_Circle   lcd.o
    0x0800460c   0x0800460c   0x000000d0   Code   RO         3986    i.LCD_Fast_DrawPoint  lcd.o
    0x080046dc   0x080046dc   0x00002518   Code   RO         3988    i.LCD_Init          lcd.o
    0x08006bf4   0x08006bf4   0x00000010   Code   RO         3989    i.LCD_Pow           lcd.o
    0x08006c04   0x08006c04   0x00000014   Code   RO         3990    i.LCD_RD_DATA       lcd.o
    0x08006c18   0x08006c18   0x0000004c   Code   RO         3993    i.LCD_SSD_BackLightSet  lcd.o
    0x08006c64   0x08006c64   0x00000180   Code   RO         3994    i.LCD_Scan_Dir      lcd.o
    0x08006de4   0x08006de4   0x000000f4   Code   RO         3995    i.LCD_SetCursor     lcd.o
    0x08006ed8   0x08006ed8   0x000000d4   Code   RO         3997    i.LCD_ShowChar      lcd.o
    0x08006fac   0x08006fac   0x00000076   Code   RO         3998    i.LCD_ShowNum       lcd.o
    0x08007022   0x08007022   0x00000054   Code   RO         3999    i.LCD_ShowString    lcd.o
    0x08007076   0x08007076   0x00000086   Code   RO         4000    i.LCD_ShowxNum      lcd.o
    0x080070fc   0x080070fc   0x00000018   Code   RO         4001    i.LCD_WR_DATA       lcd.o
    0x08007114   0x08007114   0x00000018   Code   RO         4002    i.LCD_WR_REG        lcd.o
    0x0800712c   0x0800712c   0x00000014   Code   RO         4004    i.LCD_WriteRAM_Prepare  lcd.o
    0x08007140   0x08007140   0x00000010   Code   RO         4005    i.LCD_WriteReg      lcd.o
    0x08007150   0x08007150   0x00000054   Code   RO          333    i.MX_ADC1_Init      adc.o
    0x080071a4   0x080071a4   0x0000003c   Code   RO          376    i.MX_DAC_Init       dac.o
    0x080071e0   0x080071e0   0x0000005c   Code   RO          417    i.MX_DMA_Init       dma.o
    0x0800723c   0x0800723c   0x00000094   Code   RO          444    i.MX_FSMC_Init      fsmc.o
    0x080072d0   0x080072d0   0x00000120   Code   RO          307    i.MX_GPIO_Init      gpio.o
    0x080073f0   0x080073f0   0x00000048   Code   RO          491    i.MX_TIM6_Init      tim.o
    0x08007438   0x08007438   0x00000048   Code   RO          492    i.MX_TIM7_Init      tim.o
    0x08007480   0x08007480   0x0000004c   Code   RO          539    i.MX_USART1_UART_Init  usart.o
    0x080074cc   0x080074cc   0x00000002   Code   RO          612    i.MemManage_Handler  stm32f1xx_it.o
    0x080074ce   0x080074ce   0x00000002   Code   RO          613    i.NMI_Handler       stm32f1xx_it.o
    0x080074d0   0x080074d0   0x000000a8   Code   RO         4613    i.OTT2001A_Init     ott2001a.o
    0x08007578   0x08007578   0x00000060   Code   RO         4614    i.OTT2001A_RD_Reg   ott2001a.o
    0x080075d8   0x080075d8   0x0000016c   Code   RO         4615    i.OTT2001A_Scan     ott2001a.o
    0x08007744   0x08007744   0x0000001e   Code   RO         4616    i.OTT2001A_SensorControl  ott2001a.o
    0x08007762   0x08007762   0x00000052   Code   RO         4617    i.OTT2001A_WR_Reg   ott2001a.o
    0x080077b4   0x080077b4   0x00000002   Code   RO          614    i.PendSV_Handler    stm32f1xx_it.o
    0x080077b6   0x080077b6   0x00000002   Code   RO          615    i.SVC_Handler       stm32f1xx_it.o
    0x080077b8   0x080077b8   0x00000004   Code   RO          616    i.SysTick_Handler   stm32f1xx_it.o
    0x080077bc   0x080077bc   0x0000007a   Code   RO            6    i.SystemClock_Config  main.o
    0x08007836   0x08007836   0x00000002   Code   RO         3903    i.SystemInit        system_stm32f1xx.o
    0x08007838   0x08007838   0x0000000c   Code   RO          617    i.TIM6_IRQHandler   stm32f1xx_it.o
    0x08007844   0x08007844   0x0000008c   Code   RO         2654    i.TIM_Base_SetConfig  stm32f1xx_hal_tim.o
    0x080078d0   0x080078d0   0x00000178   Code   RO         4324    i.TP_Adj_Info_Show  touch.o
    0x08007a48   0x08007a48   0x00000554   Code   RO         4325    i.TP_Adjust         touch.o
    0x08007f9c   0x08007f9c   0x00000070   Code   RO         4327    i.TP_Drow_Touch_Point  touch.o
    0x0800800c   0x0800800c   0x0000003c   Code   RO         4328    i.TP_Get_Adjdata    touch.o
    0x08008048   0x08008048   0x0000011c   Code   RO         4329    i.TP_Init           touch.o
    0x08008164   0x08008164   0x00000088   Code   RO         4330    i.TP_Read_AD        touch.o
    0x080081ec   0x080081ec   0x00000064   Code   RO         4331    i.TP_Read_XOY       touch.o
    0x08008250   0x08008250   0x00000028   Code   RO         4332    i.TP_Read_XY        touch.o
    0x08008278   0x08008278   0x0000007a   Code   RO         4333    i.TP_Read_XY2       touch.o
    0x080082f2   0x080082f2   0x00000002   PAD
    0x080082f4   0x080082f4   0x0000001c   Code   RO         4334    i.TP_Save_Adjdata   touch.o
    0x08008310   0x08008310   0x000000b4   Code   RO         4335    i.TP_Scan           touch.o
    0x080083c4   0x080083c4   0x00000048   Code   RO         4336    i.TP_Write_Byte     touch.o
    0x0800840c   0x0800840c   0x00000010   Code   RO         3575    i.UART_DMAAbortOnError  stm32f1xx_hal_uart.o
    0x0800841c   0x0800841c   0x0000004a   Code   RO         3576    i.UART_DMAError     stm32f1xx_hal_uart.o
    0x08008466   0x08008466   0x00000086   Code   RO         3577    i.UART_DMAReceiveCplt  stm32f1xx_hal_uart.o
    0x080084ec   0x080084ec   0x0000001e   Code   RO         3579    i.UART_DMARxHalfCplt  stm32f1xx_hal_uart.o
    0x0800850a   0x0800850a   0x0000004e   Code   RO         3585    i.UART_EndRxTransfer  stm32f1xx_hal_uart.o
    0x08008558   0x08008558   0x0000001c   Code   RO         3586    i.UART_EndTxTransfer  stm32f1xx_hal_uart.o
    0x08008574   0x08008574   0x000000c2   Code   RO         3587    i.UART_Receive_IT   stm32f1xx_hal_uart.o
    0x08008636   0x08008636   0x00000002   PAD
    0x08008638   0x08008638   0x000000b8   Code   RO         3588    i.UART_SetConfig    stm32f1xx_hal_uart.o
    0x080086f0   0x080086f0   0x00000090   Code   RO         3589    i.UART_Start_Receive_DMA  stm32f1xx_hal_uart.o
    0x08008780   0x08008780   0x00000078   Code   RO         3591    i.UART_WaitOnFlagUntilTimeout  stm32f1xx_hal_uart.o
    0x080087f8   0x080087f8   0x00000090   Code   RO          618    i.USART1_IRQHandler  stm32f1xx_it.o
    0x08008888   0x08008888   0x00000002   Code   RO          619    i.UsageFault_Handler  stm32f1xx_it.o
    0x0800888a   0x0800888a   0x00000002   PAD
    0x0800888c   0x0800888c   0x00000020   Code   RO         9928    i.__0printf         mc_w.l(printfa.o)
    0x080088ac   0x080088ac   0x00000028   Code   RO        10090    i.__ARM_fpclassify  m_ws.l(fpclassify.o)
    0x080088d4   0x080088d4   0x00000020   Code   RO         1571    i.__NVIC_SetPriority  stm32f1xx_hal_cortex.o
    0x080088f4   0x080088f4   0x00000388   Code   RO        10038    i.__ieee754_rem_pio2  m_ws.l(rred.o)
    0x08008c7c   0x08008c7c   0x000000fc   Code   RO        10002    i.__kernel_cos      m_ws.l(cos_i.o)
    0x08008d78   0x08008d78   0x000000aa   Code   RO        10035    i.__kernel_poly     m_ws.l(poly.o)
    0x08008e22   0x08008e22   0x00000002   PAD
    0x08008e24   0x08008e24   0x000000ec   Code   RO        10043    i.__kernel_sin      m_ws.l(sin_i.o)
    0x08008f10   0x08008f10   0x00000006   Code   RO        10006    i.__mathlib_dbl_infnan  m_ws.l(dunder.o)
    0x08008f16   0x08008f16   0x0000000c   Code   RO        10008    i.__mathlib_dbl_invalid  m_ws.l(dunder.o)
    0x08008f22   0x08008f22   0x00000002   PAD
    0x08008f24   0x08008f24   0x00000010   Code   RO        10011    i.__mathlib_dbl_underflow  m_ws.l(dunder.o)
    0x08008f34   0x08008f34   0x0000000e   Code   RO        10096    i.__scatterload_copy  mc_w.l(handlers.o)
    0x08008f42   0x08008f42   0x00000002   Code   RO        10097    i.__scatterload_null  mc_w.l(handlers.o)
    0x08008f44   0x08008f44   0x0000000e   Code   RO        10098    i.__scatterload_zeroinit  mc_w.l(handlers.o)
    0x08008f52   0x08008f52   0x00000002   PAD
    0x08008f54   0x08008f54   0x0000000c   Code   RO        10068    i.__set_errno       mc_w.l(errno.o)
    0x08008f60   0x08008f60   0x00000184   Code   RO         9935    i._fp_digits        mc_w.l(printfa.o)
    0x080090e4   0x080090e4   0x000006dc   Code   RO         9936    i._printf_core      mc_w.l(printfa.o)
    0x080097c0   0x080097c0   0x00000024   Code   RO         9937    i._printf_post_padding  mc_w.l(printfa.o)
    0x080097e4   0x080097e4   0x0000002e   Code   RO         9938    i._printf_pre_padding  mc_w.l(printfa.o)
    0x08009812   0x08009812   0x0000001c   Code   RO         3940    i.delay_ms          delay.o
    0x0800982e   0x0800982e   0x00000002   PAD
    0x08009830   0x08009830   0x00000034   Code   RO         3941    i.delay_us          delay.o
    0x08009864   0x08009864   0x00000018   Code   RO          542    i.fputc             usart.o
    0x0800987c   0x0800987c   0x00000228   Code   RO            7    i.main              main.o
    0x08009aa4   0x08009aa4   0x000000a0   Code   RO         9643    i.sin               m_ws.l(sin.o)
    0x08009b44   0x08009b44   0x0000004c   Code   RO         9651    i.sqrt              m_ws.l(sqrt.o)
    0x08009b90   0x08009b90   0x00000012   Data   RO         1269    .constdata          stm32f1xx_hal_rcc.o
    0x08009ba2   0x08009ba2   0x00000012   Data   RO         1361    .constdata          stm32f1xx_hal_rcc_ex.o
    0x08009bb4   0x08009bb4   0x00000010   Data   RO         3904    .constdata          system_stm32f1xx.o
    0x08009bc4   0x08009bc4   0x00000008   Data   RO         3905    .constdata          system_stm32f1xx.o
    0x08009bcc   0x08009bcc   0x000017c0   Data   RO         4008    .constdata          lcd.o
    0x0800b38c   0x0800b38c   0x00000004   Data   RO         4337    .constdata          touch.o
    0x0800b390   0x0800b390   0x00000014   Data   RO         4515    .constdata          ft5206.o
    0x0800b3a4   0x0800b3a4   0x000000c2   Data   RO         4566    .constdata          gt9147.o
    0x0800b466   0x0800b466   0x0000000a   Data   RO         4618    .constdata          ott2001a.o
    0x0800b470   0x0800b470   0x00000030   Data   RO        10003    .constdata          m_ws.l(cos_i.o)
    0x0800b4a0   0x0800b4a0   0x000000c8   Data   RO        10040    .constdata          m_ws.l(rred.o)
    0x0800b568   0x0800b568   0x00000028   Data   RO        10044    .constdata          m_ws.l(sin_i.o)
    0x0800b590   0x0800b590   0x00000079   Data   RO         4338    .conststring        touch.o
    0x0800b609   0x0800b609   0x00000003   PAD
    0x0800b60c   0x0800b60c   0x00000020   Data   RO        10094    Region$$Table       anon$$obj.o


    Execution Region RW_IRAM1 (Exec base: 0x20000000, Load base: 0x0800b62c, Size: 0x00002400, Max: 0x00010000, ABSOLUTE)

    Exec Addr    Load Addr    Size         Type   Attr      Idx    E Section Name        Object

    0x20000000   0x0800b62c   0x00000004   Data   RW          335    .data               adc.o
    0x20000004   0x0800b630   0x00000040   Data   RW          378    .data               dac.o
    0x20000044   0x0800b670   0x00000008   Data   RW          446    .data               fsmc.o
    0x2000004c   0x0800b678   0x00000002   Data   RW          545    .data               usart.o
    0x2000004e   0x0800b67a   0x00000001   Data   RW          546    .data               usart.o
    0x2000004f   0x0800b67b   0x00000001   PAD
    0x20000050   0x0800b67c   0x00000014   Data   RW          620    .data               stm32f1xx_it.o
    0x20000064   0x0800b690   0x0000000c   Data   RW         1106    .data               stm32f1xx_hal.o
    0x20000070   0x0800b69c   0x00000004   Data   RW         3906    .data               system_stm32f1xx.o
    0x20000074   0x0800b6a0   0x00000008   Data   RW         4010    .data               lcd.o
    0x2000007c   0x0800b6a8   0x00000038   Data   RW         4339    .data               touch.o
    0x200000b4   0x0800b6e0   0x00000007   Data   RW         4516    .data               ft5206.o
    0x200000bb   0x0800b6e7   0x00000001   Data   RW         4567    .data               gt9147.o
    0x200000bc   0x0800b6e8   0x00000001   Data   RW         4619    .data               ott2001a.o
    0x200000bd   0x0800b6e9   0x00000003   PAD
    0x200000c0   0x0800b6ec   0x00000004   Data   RW        10063    .data               mc_w.l(stdout.o)
    0x200000c4   0x0800b6f0   0x00000004   Data   RW        10069    .data               mc_w.l(errno.o)
    0x200000c8        -       0x00001000   Zero   RW            8    .bss                main.o
    0x200010c8        -       0x00000074   Zero   RW          334    .bss                adc.o
    0x2000113c        -       0x00000058   Zero   RW          377    .bss                dac.o
    0x20001194        -       0x00000048   Zero   RW          445    .bss                fsmc.o
    0x200011dc        -       0x00000090   Zero   RW          493    .bss                tim.o
    0x2000126c        -       0x000000f0   Zero   RW          543    .bss                usart.o
    0x2000135c        -       0x00000048   Zero   RW         3942    .bss                delay.o
    0x200013a4        -       0x00000056   Zero   RW         4007    .bss                lcd.o
    0x200013fa   0x0800b6f4   0x00000006   PAD
    0x20001400        -       0x00001000   Zero   RW         3892    STACK               startup_stm32f103xe.o


==============================================================================

Image component sizes


      Code (inc. data)   RO Data    RW Data    ZI Data      Debug   Object Name

       198          0          0          0          0       3047   24cxx.o
       228         32          0          4        116       1718   adc.o
      1502       1008          0          0          0        284   cr4_fft_256_stm32.o
       716        112          0          0          0       4969   ctiic.o
       204         32          0         64         88       1682   dac.o
        80          8          0          0         72       1206   delay.o
        92          4          0          0          0        766   dma.o
       280         36          0          8         72       2091   fsmc.o
      1062         64         20          7          0       4177   ft5206.o
       288         20          0          0          0       1039   gpio.o
       918         74        194          1          0       4450   gt9147.o
     11666        136       6080          8         86      21063   lcd.o
       954        224          0          0       4096     530163   main.o
       624         76          0          0          0       4414   myiic.o
       740         58         10          1          0       4111   ott2001a.o
        36          8        304          0       4096        784   startup_stm32f103xe.o
       128         24          0         12          0       5753   stm32f1xx_hal.o
      1144         60          0          0          0       8857   stm32f1xx_hal_adc.o
       216          6          0          0          0       1390   stm32f1xx_hal_adc_ex.o
       198         14          0          0          0      28815   stm32f1xx_hal_cortex.o
       430         24          0          0          0       7516   stm32f1xx_hal_dac.o
        56          0          0          0          0       3605   stm32f1xx_hal_dac_ex.o
      1236         52          0          0          0       4966   stm32f1xx_hal_dma.o
       538         48          0          0          0       3407   stm32f1xx_hal_gpio.o
        44          6          0          0          0        790   stm32f1xx_hal_msp.o
      1240         84         18          0          0       4980   stm32f1xx_hal_rcc.o
       420         30         18          0          0       2453   stm32f1xx_hal_rcc_ex.o
       100          0          0          0          0       1168   stm32f1xx_hal_sram.o
       842         62          0          0          0       7574   stm32f1xx_hal_tim.o
       128         20          0          0          0       2313   stm32f1xx_hal_tim_ex.o
      2026         24          0          0          0      14809   stm32f1xx_hal_uart.o
       758        196          0         20          0       9774   stm32f1xx_it.o
       232         14          0          0          0       3771   stm32f1xx_ll_fsmc.o
         2          0         24          4          0       1047   system_stm32f1xx.o
       228         30          0          0        144       2059   tim.o
      2874        224        125         56          0       9663   touch.o
       276         34          0          3        240       2336   usart.o

    ----------------------------------------------------------------------
     32740       2844       6828        192       9016     713010   Object Totals
         0          0         32          0          0          0   (incl. Generated)
        36          0          3          4          6          0   (incl. Padding)

    ----------------------------------------------------------------------

      Code (inc. data)   RO Data    RW Data    ZI Data      Debug   Library Member Name

       252         22         48          0          0        124   cos_i.o
        34          6          0          0          0        204   dunder.o
        40          0          0          0          0         68   fpclassify.o
       170          0          0          0          0         96   poly.o
       904         76        200          0          0        140   rred.o
       160         10          0          0          0        108   sin.o
       236         12         40          0          0        128   sin_i.o
        76          0          0          0          0         84   sqrt.o
         0          0          0          0          0          0   entry.o
         0          0          0          0          0          0   entry10a.o
         0          0          0          0          0          0   entry11a.o
         8          4          0          0          0          0   entry2.o
         4          0          0          0          0          0   entry5.o
         0          0          0          0          0          0   entry7b.o
         0          0          0          0          0          0   entry8b.o
         8          4          0          0          0          0   entry9a.o
        12          6          0          4          0         68   errno.o
        30          0          0          0          0          0   handlers.o
        36          8          0          0          0         68   init.o
         0          0          0          0          0          0   iusefp.o
        30          0          0          0          0         68   llshl.o
        36          0          0          0          0         68   llsshr.o
        32          0          0          0          0         68   llushr.o
        36          0          0          0          0        108   memseta.o
      2258         90          0          0          0        452   printfa.o
         0          0          0          4          0          0   stdout.o
        28          0          0          0          0         76   strcmp.o
        44          0          0          0          0         80   uidiv.o
        98          0          0          0          0         92   uldiv.o
        48          0          0          0          0         68   cdcmple.o
        48          0          0          0          0         68   cdrcmple.o
        56          0          0          0          0         88   d2f.o
       334          0          0          0          0        148   dadd.o
       222          0          0          0          0        100   ddiv.o
       186          0          0          0          0        176   depilogue.o
        62          0          0          0          0         80   dfixi.o
        50          0          0          0          0         76   dfixui.o
        48          0          0          0          0         68   dfixul.o
        34          0          0          0          0         76   dflti.o
        26          0          0          0          0         76   dfltui.o
       228          0          0          0          0         96   dmul.o
        46          0          0          0          0         80   dscalb.o
       162          0          0          0          0        100   dsqrt.o
        38          0          0          0          0         68   f2d.o
       176          0          0          0          0        140   fadd.o
       124          0          0          0          0         88   fdiv.o
       110          0          0          0          0        168   fepilogue.o
        50          0          0          0          0         68   ffixi.o
        40          0          0          0          0         68   ffixui.o
        18          0          0          0          0         68   fflti.o
        10          0          0          0          0         68   ffltui.o
       100          0          0          0          0         76   fmul.o
        24          0          0          0          0         68   fscalb.o

    ----------------------------------------------------------------------
      6780        238        288          8          0       4280   Library Totals
         8          0          0          0          0          0   (incl. Padding)

    ----------------------------------------------------------------------

      Code (inc. data)   RO Data    RW Data    ZI Data      Debug   Library Name

      1872        126        288          0          0        952   m_ws.l
      2660        112          0          8          0       1148   mc_w.l
      2240          0          0          0          0       2180   mf_w.l

    ----------------------------------------------------------------------
      6780        238        288          8          0       4280   Library Totals

    ----------------------------------------------------------------------

==============================================================================


      Code (inc. data)   RO Data    RW Data    ZI Data      Debug   

     39520       3082       7116        200       9016     704806   Grand Totals
     39520       3082       7116        200       9016     704806   ELF Image Totals
     39520       3082       7116        200          0          0   ROM Totals

==============================================================================

    Total RO  Size (Code + RO Data)                46636 (  45.54kB)
    Total RW  Size (RW Data + ZI Data)              9216 (   9.00kB)
    Total ROM Size (Code + RO Data + RW Data)      46836 (  45.74kB)

==============================================================================

