<html>
<body>
<pre>
<h1>µVision Build Log</h1>
<h2>Tool Versions:</h2>
IDE-Version: ¦ÌVision V5.28.0.0
Copyright (C) 2019 ARM Ltd and ARM Germany GmbH. All rights reserved.
License Information: zys asus, user, LIC=1WSKC-77AX8-BX3UY-ILGUJ-SD4AF-INKI8
 
Tool Versions:
Toolchain:       MDK-ARM Professional  Version: 5.28.0.0
Toolchain Path:  D:\study\keil MDK\Core\ARM\ARMCC\Bin
C Compiler:      Armcc.exe V5.06 update 6 (build 750)
Assembler:       Armasm.exe V5.06 update 6 (build 750)
Linker/Locator:  ArmLink.exe V5.06 update 6 (build 750)
Library Manager: ArmAr.exe V5.06 update 6 (build 750)
Hex Converter:   FromElf.exe V5.06 update 6 (build 750)
CPU DLL:         SARMCM3.DLL V5.28.0.0
Dialog DLL:      DCM.DLL V1.17.3.0
Target DLL:      STLink\ST-LINKIII-KEIL_SWO.dll V3.0.1.0
Dialog DLL:      TCM.DLL V1.36.2.0
 
<h2>Project:</h2>
D:\GitHub\2017ELC\elite_test\MDK-ARM\elite_test.uvprojx
Project File Date:  07/28/2023

<h2>Output:</h2>
*** Using Compiler 'V5.06 update 6 (build 750)', folder: 'D:\study\keil MDK\Core\ARM\ARMCC\Bin'
Build target 'elite_test'
compiling dma.c...
compiling ft5206.c...
compiling delay.c...
compiling gpio.c...
compiling 24cxx.c...
compiling fsmc.c...
compiling ctiic.c...
compiling stm32f1xx_it.c...
compiling main.c...
compiling stm32f1xx_hal_msp.c...
compiling usart.c...
compiling myiic.c...
compiling tim.c...
compiling touch.c...
compiling lcd.c...
compiling lv_port_disp.c...
compiling lv_port_indev.c...
..\User\Middlewares\LVGL\GUI\lvgl\examples\porting\lv_port_indev.c(224): warning:  #940-D: missing return statement at end of non-void function "touchpad_is_pressed" 
  }
..\User\Middlewares\LVGL\GUI\lvgl\examples\porting\lv_port_indev.c: 1 warning, 0 errors
compiling gt9147.c...
compiling ott2001a.c...
linking...
Program Size: Code=220418 RO-data=25030 RW-data=724 ZI-data=57916  
FromELF: creating hex file...
"elite_test\elite_test.axf" - 0 Error(s), 1 Warning(s).

<h2>Software Packages used:</h2>

Package Vendor: ARM
                http://www.keil.com/pack/ARM.CMSIS.5.8.0.pack
                ARM.CMSIS.5.8.0
                CMSIS (Common Microcontroller Software Interface Standard)
   * Component: CORE Version: 5.5.0

Package Vendor: Keil
                http://www.keil.com/pack/Keil.STM32F1xx_DFP.2.3.0.pack
                Keil.STM32F1xx_DFP.2.3.0
                STMicroelectronics STM32F1 Series Device Support, Drivers and Examples

<h2>Collection of Component include folders:</h2>
  .\RTE\_elite_test
  D:\study\keil MDK\Pack\ARM\CMSIS\5.8.0\CMSIS\Core\Include
  D:\study\keil MDK\Pack\Keil\STM32F1xx_DFP\2.3.0\Device\Include

<h2>Collection of Component Files used:</h2>

   * Component: ARM::CMSIS:CORE:5.5.0
Build Time Elapsed:  00:00:14
</pre>
</body>
</html>
