<html>
<body>
<pre>
<h1>µVision Build Log</h1>
<h2>Tool Versions:</h2>
IDE-Version: ¦ÌVision V5.28.0.0
Copyright (C) 2019 ARM Ltd and ARM Germany GmbH. All rights reserved.
License Information: zys asus, user, LIC=1WSKC-77AX8-BX3UY-ILGUJ-SD4AF-INKI8
 
Tool Versions:
Toolchain:       MDK-ARM Professional  Version: 5.28.0.0
Toolchain Path:  D:\study\keil MDK\Core\ARM\ARMCC\Bin
C Compiler:      Armcc.exe V5.06 update 6 (build 750)
Assembler:       Armasm.exe V5.06 update 6 (build 750)
Linker/Locator:  ArmLink.exe V5.06 update 6 (build 750)
Library Manager: ArmAr.exe V5.06 update 6 (build 750)
Hex Converter:   FromElf.exe V5.06 update 6 (build 750)
CPU DLL:         SARMCM3.DLL V5.28.0.0
Dialog DLL:      DCM.DLL V1.17.3.0
Target DLL:      Segger\JL2CM3.dll V2.99.36.0
Dialog DLL:      TCM.DLL V1.36.2.0
 
<h2>Project:</h2>
D:\GitHub\2017ELC\elite_test\MDK-ARM\elite_test.uvprojx
Project File Date:  08/05/2023

<h2>Output:</h2>
*** Using Compiler 'V5.06 update 6 (build 750)', folder: 'D:\study\keil MDK\Core\ARM\ARMCC\Bin'
Build target 'elite_test'
compiling stm32f1xx_hal_adc_ex.c...
compiling stm32f1xx_hal_gpio_ex.c...
compiling stm32f1xx_hal.c...
compiling stm32f1xx_hal_rcc_ex.c...
compiling stm32f1xx_hal_rcc.c...
compiling gpio.c...
compiling stm32f1xx_hal_adc.c...
compiling stm32f1xx_hal_msp.c...
compiling dac.c...
compiling main.c...
compiling usart.c...
compiling dma.c...
compiling tim.c...
compiling fsmc.c...
compiling adc.c...
compiling stm32f1xx_it.c...
compiling stm32f1xx_hal_gpio.c...
compiling stm32f1xx_hal_cortex.c...
compiling stm32f1xx_hal_dma.c...
compiling stm32f1xx_hal_pwr.c...
compiling stm32f1xx_hal_flash.c...
compiling stm32f1xx_hal_exti.c...
compiling stm32f1xx_hal_flash_ex.c...
compiling stm32f1xx_hal_dac.c...
compiling stm32f1xx_hal_sram.c...
compiling stm32f1xx_hal_dac_ex.c...
compiling system_stm32f1xx.c...
compiling stm32f1xx_ll_fsmc.c...
compiling stm32f1xx_hal_uart.c...
compiling stm32f1xx_hal_tim_ex.c...
compiling stm32f1xx_hal_tim.c...
compiling lcd.c...
compiling lv_disp.c...
compiling lv_event.c...
..\User\Middlewares\LVGL\GUI\lvgl\src\core\lv_event.c(120): warning:  #188-D: enumerated type mixed with another type
      return e->code & ~LV_EVENT_PREPROCESS;
..\User\Middlewares\LVGL\GUI\lvgl\src\core\lv_event.c: 1 warning, 0 errors
compiling lv_group.c...
compiling ctiic.c...
compiling lv_indev.c...
compiling lv_indev_scroll.c...
compiling myiic.c...
compiling lv_obj_class.c...
compiling 24cxx.c...
compiling lv_obj.c...
compiling lv_obj_draw.c...
..\User\Middlewares\LVGL\GUI\lvgl\src\core\lv_obj_draw.c(400): warning:  #188-D: enumerated type mixed with another type
      if(obj->spec_attr) return obj->spec_attr->layer_type;
..\User\Middlewares\LVGL\GUI\lvgl\src\core\lv_obj_draw.c: 1 warning, 0 errors
compiling lv_obj_pos.c...
compiling lv_obj_scroll.c...
compiling delay.c...
compiling lv_obj_style.c...
compiling key.c...
compiling lv_obj_style_gen.c...
compiling lv_draw.c...
compiling lv_draw_arc.c...
compiling lv_obj_tree.c...
compiling lv_draw_img.c...
compiling lv_theme.c...
compiling lv_refr.c...
compiling ft5206.c...
compiling lv_draw_layer.c...
compiling touch.c...
compiling lv_draw_line.c...
compiling lv_draw_rect.c...
compiling lv_draw_label.c...
compiling lv_draw_transform.c...
compiling lv_draw_triangle.c...
compiling lv_img_cache.c...
compiling lv_draw_sw.c...
compiling lv_img_buf.c...
compiling lv_draw_mask.c...
compiling lv_img_decoder.c...
compiling lv_draw_sw_dither.c...
compiling lv_draw_sw_arc.c...
compiling lv_draw_sw_gradient.c...
compiling lv_draw_sw_blend.c...
compiling lv_draw_sw_layer.c...
compiling lv_draw_sw_img.c...
compiling lv_draw_sw_polygon.c...
compiling lv_draw_sw_line.c...
compiling lv_draw_sw_letter.c...
compiling gt9147.c...
compiling ott2001a.c...
compiling lv_draw_sw_transform.c...
compiling ad9854.c...
compiling lv_ffmpeg.c...
compiling lv_bmp.c...
compiling DataScope.c...
compiling lv_fs_fatfs.c...
compiling lv_freetype.c...
compiling lv_grid.c...
..\User\Middlewares\LVGL\GUI\lvgl\src\extra\layouts\grid\lv_grid.c(591): warning:  #188-D: enumerated type mixed with another type
      lv_grid_align_t col_align = get_cell_col_align(item);
..\User\Middlewares\LVGL\GUI\lvgl\src\extra\layouts\grid\lv_grid.c(592): warning:  #188-D: enumerated type mixed with another type
      lv_grid_align_t row_align = get_cell_row_align(item);
..\User\Middlewares\LVGL\GUI\lvgl\src\extra\layouts\grid\lv_grid.c: 2 warnings, 0 errors
compiling lv_flex.c...
compiling gifdec.c...
compiling lv_draw_sw_rect.c...
..\User\Middlewares\LVGL\GUI\lvgl\src\draw\sw\lv_draw_sw_rect.c(238): warning:  #546-D: transfer of control bypasses initialization of:
            variable "mask_any_center"  (declared at line 285)
          goto bg_clean_up;
          ^
..\User\Middlewares\LVGL\GUI\lvgl\src\draw\sw\lv_draw_sw_rect.c: 1 warning, 0 errors
compiling lv_fs_stdio.c...
compiling lv_fs_posix.c...
compiling lv_fs_win32.c...
compiling lv_port_indev.c...
..\User\Middlewares\LVGL\GUI\lvgl\examples\porting\lv_port_indev.c(224): warning:  #940-D: missing return statement at end of non-void function "touchpad_is_pressed" 
  }
..\User\Middlewares\LVGL\GUI\lvgl\examples\porting\lv_port_indev.c: 1 warning, 0 errors
compiling lodepng.c...
compiling tjpgd.c...
compiling lv_gif.c...
compiling lv_png.c...
compiling lv_qrcode.c...
compiling lv_fragment.c...
compiling lv_fragment_manager.c...
compiling lv_rlottie.c...
compiling lv_gridnav.c...
compiling lv_sjpg.c...
compiling lv_ime_pinyin.c...
compiling AD9851.c...
compiling qrcodegen.c...
..\User\Middlewares\LVGL\GUI\lvgl\src\extra\libs\qrcode\qrcodegen.c(278): warning:  #188-D: enumerated type mixed with another type
  	applyMask(tempBuffer, qrcode, mask);
..\User\Middlewares\LVGL\GUI\lvgl\src\extra\libs\qrcode\qrcodegen.c(279): warning:  #188-D: enumerated type mixed with another type
  	drawFormatBits(ecl, mask, qrcode);
..\User\Middlewares\LVGL\GUI\lvgl\src\extra\libs\qrcode\qrcodegen.c: 2 warnings, 0 errors
compiling lv_msg.c...
compiling lv_snapshot.c...
compiling AD9850.c...
compiling lv_imgfont.c...
compiling lv_monkey.c...
compiling lv_calendar_header_arrow.c...
compiling lv_theme_basic.c...
compiling lv_animimg.c...
compiling lv_port_disp.c...
compiling lv_calendar.c...
compiling lv_calendar_header_dropdown.c...
compiling lv_theme_mono.c...
compiling lv_colorwheel.c...
compiling lv_list.c...
compiling lv_imgbtn.c...
compiling lv_keyboard.c...
compiling lv_menu.c...
compiling lv_msgbox.c...
compiling lv_led.c...
compiling lv_theme_default.c...
..\User\Middlewares\LVGL\GUI\lvgl\src\extra\themes\default\lv_theme_default.c(213): warning:  #188-D: enumerated type mixed with another type
..\User\Middlewares\LVGL\GUI\lvgl\src\extra\themes\default\lv_theme_default.c: 1 warning, 0 errors
compiling lv_tileview.c...
compiling lv_font.c...
compiling lv_spinner.c...
compiling lv_spinbox.c...
compiling lv_tabview.c...
compiling lv_meter.c...
compiling lv_extra.c...
compiling lv_win.c...
compiling lv_chart.c...
compiling lv_font_fmt_txt.c...
..\User\Middlewares\LVGL\GUI\lvgl\src\font\lv_font_fmt_txt.c(137): warning:  #111-D: statement is unreachable
      return NULL;
..\User\Middlewares\LVGL\GUI\lvgl\src\font\lv_font_fmt_txt.c: 1 warning, 0 errors
compiling lv_font_dejavu_16_persian_hebrew.c...
compiling lv_font_montserrat_8.c...
compiling lv_span.c...
..\User\Middlewares\LVGL\GUI\lvgl\src\extra\widgets\span\lv_span.c(901): warning:  #546-D: transfer of control bypasses initialization of:
            variable "align"  (declared at line 905)
              goto Next_line_init;
              ^
..\User\Middlewares\LVGL\GUI\lvgl\src\extra\widgets\span\lv_span.c: 1 warning, 0 errors
compiling lv_font_montserrat_10.c...
compiling lv_font_loader.c...
compiling lv_font_montserrat_12.c...
compiling lv_font_montserrat_12_subpx.c...
compiling lv_font_montserrat_18.c...
compiling lv_font_montserrat_14.c...
compiling lv_font_montserrat_20.c...
compiling lv_font_montserrat_16.c...
compiling lv_font_montserrat_22.c...
compiling lv_font_montserrat_24.c...
compiling lv_font_montserrat_26.c...
compiling lv_font_montserrat_28.c...
compiling lv_font_montserrat_28_compressed.c...
compiling lv_font_montserrat_30.c...
compiling lv_font_montserrat_32.c...
compiling lv_font_montserrat_34.c...
compiling lv_font_montserrat_36.c...
compiling lv_font_montserrat_40.c...
compiling lv_font_montserrat_38.c...
compiling lv_font_montserrat_42.c...
compiling lv_font_montserrat_44.c...
compiling lv_font_montserrat_46.c...
compiling lv_font_unscii_8.c...
compiling lv_font_montserrat_48.c...
compiling lv_font_simsun_16_cjk.c...
compiling lv_font_unscii_16.c...
compiling lv_hal_tick.c...
compiling lv_hal_indev.c...
compiling lv_hal_disp.c...
..\User\Middlewares\LVGL\GUI\lvgl\src\hal\lv_hal_disp.c(575): warning:  #188-D: enumerated type mixed with another type
      return disp->driver->rotated;
..\User\Middlewares\LVGL\GUI\lvgl\src\hal\lv_hal_disp.c: 1 warning, 0 errors
compiling lv_anim_timeline.c...
compiling lv_async.c...
compiling lv_bidi.c...
compiling lv_anim.c...
compiling lv_area.c...
compiling lv_color.c...
compiling lv_gc.c...
compiling lv_log.c...
compiling lv_fs.c...
compiling lv_ll.c...
compiling lv_math.c...
compiling lv_lru.c...
..\User\Middlewares\LVGL\GUI\lvgl\src\misc\lv_lru.c(241): warning:  #68-D: integer conversion resulted in a change of sign
      uint32_t i = 0, min_index = -1;
..\User\Middlewares\LVGL\GUI\lvgl\src\misc\lv_lru.c(242): warning:  #68-D: integer conversion resulted in a change of sign
      uint64_t min_access_count = -1;
..\User\Middlewares\LVGL\GUI\lvgl\src\misc\lv_lru.c: 2 warnings, 0 errors
compiling lv_templ.c...
compiling lv_mem.c...
..\User\Middlewares\LVGL\GUI\lvgl\src\misc\lv_mem.c(325): warning:  #111-D: statement is unreachable
      return NULL;
..\User\Middlewares\LVGL\GUI\lvgl\src\misc\lv_mem.c: 1 warning, 0 errors
compiling lv_style.c...
..\User\Middlewares\LVGL\GUI\lvgl\src\misc\lv_style.c(213): warning:  #188-D: enumerated type mixed with another type
      return last_custom_prop_id;
..\User\Middlewares\LVGL\GUI\lvgl\src\misc\lv_style.c(218): warning:  #188-D: enumerated type mixed with another type
      return last_custom_prop_id - _LV_STYLE_LAST_BUILT_IN_PROP;
..\User\Middlewares\LVGL\GUI\lvgl\src\misc\lv_style.c(289): warning:  #188-D: enumerated type mixed with another type
      lv_style_set_prop_internal(style, prop | meta, null_style_value, lv_style_set_prop_meta_helper);
..\User\Middlewares\LVGL\GUI\lvgl\src\misc\lv_style.c: 3 warnings, 0 errors
compiling lv_timer.c...
compiling lv_printf.c...
compiling lv_style_gen.c...
compiling lv_utils.c...
compiling lv_txt_ap.c...
compiling lv_tlsf.c...
..\User\Middlewares\LVGL\GUI\lvgl\src\misc\lv_tlsf.c(898): warning:  #68-D: integer conversion resulted in a change of sign
          offset_to_block(pool, -(int)block_header_overhead);
..\User\Middlewares\LVGL\GUI\lvgl\src\misc\lv_tlsf.c(1000): warning:  #68-D: integer conversion resulted in a change of sign
      block = offset_to_block(mem, -(tlsfptr_t)block_header_overhead);
..\User\Middlewares\LVGL\GUI\lvgl\src\misc\lv_tlsf.c(1018): warning:  #68-D: integer conversion resulted in a change of sign
      block_header_t * block = offset_to_block(pool, -(int)block_header_overhead);
..\User\Middlewares\LVGL\GUI\lvgl\src\misc\lv_tlsf.c: 3 warnings, 0 errors
compiling lv_txt.c...
compiling lv_btn.c...
compiling lv_bar.c...
compiling lv_arc.c...
compiling lv_checkbox.c...
compiling lv_canvas.c...
compiling lv_objx_templ.c...
compiling lv_img.c...
compiling lv_btnmatrix.c...
compiling lv_line.c...
compiling lv_switch.c...
compiling lv_dropdown.c...
compiling ui_comp_hook.c...
compiling lv_label.c...
compiling lv_slider.c...
compiling lv_roller.c...
compiling ui_Screen2.c...
..\User\Middlewares\LVGL\GUI_APP\screens\ui_Screen2.c(30): warning:  #223-D: function "round" declared implicitly
      lv_spinbox_set_step(ui_Spinbox1, round(pow(10, 1 - 1)));
..\User\Middlewares\LVGL\GUI_APP\screens\ui_Screen2.c(30): warning:  #223-D: function "pow" declared implicitly
      lv_spinbox_set_step(ui_Spinbox1, round(pow(10, 1 - 1)));
..\User\Middlewares\LVGL\GUI_APP\screens\ui_Screen2.c: 2 warnings, 0 errors
compiling ui.c...
compiling ui_Screen1.c...
..\User\Middlewares\LVGL\GUI_APP\screens\ui_Screen1.c(42): warning:  #223-D: function "round" declared implicitly
      lv_spinbox_set_step(ui_Fre_Value, round(pow(10, 1 - 1)));
..\User\Middlewares\LVGL\GUI_APP\screens\ui_Screen1.c(42): warning:  #223-D: function "pow" declared implicitly
      lv_spinbox_set_step(ui_Fre_Value, round(pow(10, 1 - 1)));
..\User\Middlewares\LVGL\GUI_APP\screens\ui_Screen1.c: 2 warnings, 0 errors
compiling ui_helpers.c...
..\User\Middlewares\LVGL\GUI_APP\ui_helpers.c(74): warning:  #188-D: enumerated type mixed with another type
      lv_bar_set_value(target, old + val, anm);
..\User\Middlewares\LVGL\GUI_APP\ui_helpers.c(80): warning:  #188-D: enumerated type mixed with another type
      lv_slider_set_value(target, old + val, anm);
..\User\Middlewares\LVGL\GUI_APP\ui_helpers.c: 2 warnings, 0 errors
compiling lv_table.c...
compiling lv_textarea.c...
compiling ui_events.c...
linking...
Program Size: Code=233546 RO-data=25046 RW-data=880 ZI-data=62704  
FromELF: creating hex file...
"elite_test\elite_test.axf" - 0 Error(s), 27 Warning(s).

<h2>Software Packages used:</h2>

Package Vendor: ARM
                http://www.keil.com/pack/ARM.CMSIS.5.8.0.pack
                ARM.CMSIS.5.8.0
                CMSIS (Common Microcontroller Software Interface Standard)
   * Component: CORE Version: 5.5.0

Package Vendor: Keil
                http://www.keil.com/pack/Keil.STM32F1xx_DFP.2.3.0.pack
                Keil.STM32F1xx_DFP.2.3.0
                STMicroelectronics STM32F1 Series Device Support, Drivers and Examples

<h2>Collection of Component include folders:</h2>
  .\RTE\_elite_test
  D:\study\keil MDK\Pack\ARM\CMSIS\5.8.0\CMSIS\Core\Include
  D:\study\keil MDK\Pack\Keil\STM32F1xx_DFP\2.3.0\Device\Include

<h2>Collection of Component Files used:</h2>

   * Component: ARM::CMSIS:CORE:5.5.0
Build Time Elapsed:  00:00:38
</pre>
</body>
</html>
