<html>
<body>
<pre>
<h1>µVision Build Log</h1>
<h2>Tool Versions:</h2>
IDE-Version: ¦ÌVision V5.38.0.0
Copyright (C) 2022 ARM Ltd and ARM Germany GmbH. All rights reserved.
License Information: Pan kid dom, n, LIC=65ISZ-JNQP7-Y8DFK-ZM2J5-W3ZTT-USM3K
 
Tool Versions:
Toolchain:       MDK-ARM Plus  Version: 5.38.0.0
Toolchain Path:  D:\keil\ARM\ARMCC\Bin
C Compiler:      Armcc.exe V5.06 update 7 (build 960)
Assembler:       Armasm.exe V5.06 update 7 (build 960)
Linker/Locator:  ArmLink.exe V5.06 update 7 (build 960)
Library Manager: ArmAr.exe V5.06 update 7 (build 960)
Hex Converter:   FromElf.exe V5.06 update 7 (build 960)
CPU DLL:         SARMCM3.DLL V5.38.0.0
Dialog DLL:      DCM.DLL V1.17.5.0
Target DLL:      CMSIS_AGDI.dll V1.33.15.0
Dialog DLL:      TCM.DLL V1.56.4.0
 
<h2>Project:</h2>
D:\keil\keilCode\HALSTM32PRoject\AD9854_Test_Program\MDK-ARM\AD9854_Test_Program.uvprojx
Project File Date:  07/23/2023

<h2>Output:</h2>
*** Using Compiler 'V5.06 update 7 (build 960)', folder: 'D:\keil\ARM\ARMCC\Bin'
Build target 'AD9854_Test_Program'
compiling main.c...
../Inc/key.h(25): warning:  #1295-D: Deprecated declaration KEY_Init - give arg types
  void KEY_Init();
../Inc/key.h(29): warning:  #1-D: last line of file ends without a newline
  #endif 
../Inc/ad9854.h(84): warning:  #1-D: last line of file ends without a newline
  #endif
../Src/main.c(187): warning:  #550-D: variable "lastFre"  was set but never used
      uint32_t lastFre=0;
../Src/main.c(188): warning:  #177-D: variable "floatarr"  was declared but never referenced
      float floatarr[10] = {2.34, 45.6, 44.1, 6.7, 23.3, 3.3, 9.8, 74.2, 11.2, 34.2};
../Src/main.c(189): warning:  #177-D: variable "test"  was declared but never referenced
      float test = 44.1; 
../Src/main.c(190): warning:  #177-D: variable "arr"  was declared but never referenced
      uint8_t arr[1] = {0x41};
../Src/main.c(191): warning:  #177-D: variable "current_index"  was declared but never referenced
      uint8_t current_index = 0;
../Src/main.c: 8 warnings, 0 errors
linking...
Program Size: Code=6268 RO-data=400 RW-data=52 ZI-data=1820  
FromELF: creating hex file...
"AD9854_Test_Program\AD9854_Test_Program.axf" - 0 Error(s), 8 Warning(s).

<h2>Software Packages used:</h2>

Package Vendor: ARM
                http://www.keil.com/pack/ARM.CMSIS.5.9.0.pack
                ARM.CMSIS.5.9.0
                CMSIS (Common Microcontroller Software Interface Standard)
   * Component: CORE Version: 5.6.0

Package Vendor: Keil
                https://www.keil.com/pack/Keil.STM32F1xx_DFP.2.4.1.pack
                Keil.STM32F1xx_DFP.2.4.1
                STMicroelectronics STM32F1 Series Device Support, Drivers and Examples

<h2>Collection of Component include folders:</h2>
  ./RTE/_AD9854_Test_Program
  D:/keil/Pack/ARM/CMSIS/5.9.0/CMSIS/Core/Include
  D:/keil/Pack/Keil/STM32F1xx_DFP/2.4.1/Device/Include

<h2>Collection of Component Files used:</h2>

   * Component: ARM::CMSIS:CORE:5.6.0
      Include file:  CMSIS/Core/Include/tz_context.h
Build Time Elapsed:  00:00:03
</pre>
</body>
</html>
